Archive member included to satisfy reference by file (symbol)

C:\Program Files\ARM GNU Toolchain\arm-none-eabi\lib\thumb\v6-m\nofp\libnosys.a(errno.o)
                              newlib_stubs.o (errno)
C:\Program Files\ARM GNU Toolchain\lib\gcc\arm-none-eabi\15.2.1\thumb\v6-m\nofp\libgcc.a(_divsi3.o)
                              serial.o (__aeabi_idiv)
C:\Program Files\ARM GNU Toolchain\lib\gcc\arm-none-eabi\15.2.1\thumb\v6-m\nofp\libgcc.a(_dvmd_tls.o)
                              C:\Program Files\ARM GNU Toolchain\lib\gcc\arm-none-eabi\15.2.1\thumb\v6-m\nofp\libgcc.a(_divsi3.o) (__aeabi_idiv0)
C:\Program Files\ARM GNU Toolchain\lib\gcc\arm-none-eabi\15.2.1\thumb\v6-m\nofp\libgcc.a(adddf3.o)
                              main.o (__aeabi_dadd)
C:\Program Files\ARM GNU Toolchain\lib\gcc\arm-none-eabi\15.2.1\thumb\v6-m\nofp\libgcc.a(divdf3.o)
                              main.o (__aeabi_ddiv)
C:\Program Files\ARM GNU Toolchain\lib\gcc\arm-none-eabi\15.2.1\thumb\v6-m\nofp\libgcc.a(muldf3.o)
                              main.o (__aeabi_dmul)
C:\Program Files\ARM GNU Toolchain\lib\gcc\arm-none-eabi\15.2.1\thumb\v6-m\nofp\libgcc.a(subdf3.o)
                              main.o (__aeabi_dsub)
C:\Program Files\ARM GNU Toolchain\lib\gcc\arm-none-eabi\15.2.1\thumb\v6-m\nofp\libgcc.a(fixdfsi.o)
                              main.o (__aeabi_d2iz)
C:\Program Files\ARM GNU Toolchain\lib\gcc\arm-none-eabi\15.2.1\thumb\v6-m\nofp\libgcc.a(floatsidf.o)
                              main.o (__aeabi_i2d)
C:\Program Files\ARM GNU Toolchain\lib\gcc\arm-none-eabi\15.2.1\thumb\v6-m\nofp\libgcc.a(_udivsi3.o)
                              C:\Program Files\ARM GNU Toolchain\lib\gcc\arm-none-eabi\15.2.1\thumb\v6-m\nofp\libgcc.a(divdf3.o) (__aeabi_uidivmod)
C:\Program Files\ARM GNU Toolchain\lib\gcc\arm-none-eabi\15.2.1\thumb\v6-m\nofp\libgcc.a(_clzsi2.o)
                              C:\Program Files\ARM GNU Toolchain\lib\gcc\arm-none-eabi\15.2.1\thumb\v6-m\nofp\libgcc.a(adddf3.o) (__clzsi2)
C:\Program Files\ARM GNU Toolchain\arm-none-eabi\lib\thumb\v6-m\nofp\libc_nano.a(libc_a-nano-vfprintf_float.o)
                              (_printf_float)
C:\Program Files\ARM GNU Toolchain\arm-none-eabi\lib\thumb\v6-m\nofp\libc_nano.a(libc_a-nano-vfprintf_i.o)
                              C:\Program Files\ARM GNU Toolchain\arm-none-eabi\lib\thumb\v6-m\nofp\libc_nano.a(libc_a-nano-vfprintf_float.o) (_printf_common)
C:\Program Files\ARM GNU Toolchain\arm-none-eabi\lib\thumb\v6-m\nofp\libc_nano.a(libc_a-printf.o)
                              main.o (printf)
C:\Program Files\ARM GNU Toolchain\arm-none-eabi\lib\thumb\v6-m\nofp\libc_nano.a(libc_a-putchar.o)
                              main.o (putchar)
C:\Program Files\ARM GNU Toolchain\arm-none-eabi\lib\thumb\v6-m\nofp\libc_nano.a(libc_a-puts.o)
                              main.o (puts)
C:\Program Files\ARM GNU Toolchain\arm-none-eabi\lib\thumb\v6-m\nofp\libc_nano.a(libc_a-wbuf.o)
                              C:\Program Files\ARM GNU Toolchain\arm-none-eabi\lib\thumb\v6-m\nofp\libc_nano.a(libc_a-puts.o) (__swbuf_r)
C:\Program Files\ARM GNU Toolchain\arm-none-eabi\lib\thumb\v6-m\nofp\libc_nano.a(libc_a-wsetup.o)
                              C:\Program Files\ARM GNU Toolchain\arm-none-eabi\lib\thumb\v6-m\nofp\libc_nano.a(libc_a-puts.o) (__swsetup_r)
C:\Program Files\ARM GNU Toolchain\arm-none-eabi\lib\thumb\v6-m\nofp\libc_nano.a(libc_a-memset.o)
                              main.o (memset)
C:\Program Files\ARM GNU Toolchain\arm-none-eabi\lib\thumb\v6-m\nofp\libc_nano.a(libc_a-localeconv.o)
                              C:\Program Files\ARM GNU Toolchain\arm-none-eabi\lib\thumb\v6-m\nofp\libc_nano.a(libc_a-nano-vfprintf_float.o) (_localeconv_r)
C:\Program Files\ARM GNU Toolchain\arm-none-eabi\lib\thumb\v6-m\nofp\libc_nano.a(libc_a-impure.o)
                              C:\Program Files\ARM GNU Toolchain\arm-none-eabi\lib\thumb\v6-m\nofp\libc_nano.a(libc_a-printf.o) (_impure_ptr)
C:\Program Files\ARM GNU Toolchain\arm-none-eabi\lib\thumb\v6-m\nofp\libc_nano.a(libc_a-lock.o)
                              C:\Program Files\ARM GNU Toolchain\arm-none-eabi\lib\thumb\v6-m\nofp\libc_nano.a(libc_a-puts.o) (__retarget_lock_acquire_recursive)
C:\Program Files\ARM GNU Toolchain\arm-none-eabi\lib\thumb\v6-m\nofp\libc_nano.a(libc_a-memchr-stub.o)
                              C:\Program Files\ARM GNU Toolchain\arm-none-eabi\lib\thumb\v6-m\nofp\libc_nano.a(libc_a-nano-vfprintf_i.o) (memchr)
C:\Program Files\ARM GNU Toolchain\arm-none-eabi\lib\thumb\v6-m\nofp\libc_nano.a(libc_a-strlen.o)
                              C:\Program Files\ARM GNU Toolchain\arm-none-eabi\lib\thumb\v6-m\nofp\libc_nano.a(libc_a-nano-vfprintf_float.o) (strlen)
C:\Program Files\ARM GNU Toolchain\arm-none-eabi\lib\thumb\v6-m\nofp\libc_nano.a(libc_a-dtoa.o)
                              C:\Program Files\ARM GNU Toolchain\arm-none-eabi\lib\thumb\v6-m\nofp\libc_nano.a(libc_a-nano-vfprintf_float.o) (_dtoa_r)
[...]
Memory Configuration

Name             Origin             Length             Attributes
flash            0x08000000         0x00010000
ram              0x20000000         0x00002000
*default*        0x00000000         0xffffffff

Linker script and memory map

LOAD main.o
LOAD startup.o
LOAD serial.o
LOAD newlib_stubs.o
LOAD C:\Program Files\ARM GNU Toolchain\arm-none-eabi\lib\thumb\v6-m\nofp\libnosys.a
LOAD C:\Program Files\ARM GNU Toolchain\lib\gcc\arm-none-eabi\15.2.1\thumb\v6-m\nofp\libgcc.a
START GROUP
LOAD C:\Program Files\ARM GNU Toolchain\lib\gcc\arm-none-eabi\15.2.1\thumb\v6-m\nofp\libgcc.a
LOAD C:\Program Files\ARM GNU Toolchain\arm-none-eabi\lib\thumb\v6-m\nofp\libc_nano.a
LOAD C:\Program Files\ARM GNU Toolchain\arm-none-eabi\lib\thumb\v6-m\nofp\libm.a
END GROUP

.text           0x08000000     0x7204
 *(.vectors)
 .vectors       0x08000000       0xb8 startup.o
                0x08000000                Vectors
 *(.after_vectors*)
 .after_vectors
                0x080000b8       0x28 startup.o
                0x080000b8                ResetInit
 *(.text*)
 .text          0x080000e0      0x9c0 main.o
                0x080000e0                wait_1ms
                0x08000118                waitms
                0x0800013a                Init_Hardware
                0x08000218                capture_frame
                0x08000314                main
 .text          0x08000aa0      0x1a8 startup.o
                0x08000b18                initClock
                0x08000c20                EXTI2_3_Handler
                0x08000c20                TIM21_Handler
                0x08000c20                SysTick_Handler
                0x08000c20                I2C1_Handler
                0x08000c20                PendSV_Handler
                0x08000c20                NMI_Handler
                0x08000c20                WWDG_Handler
                0x08000c20                RTC_Handler
                0x08000c20                EXTI4_15_Handler
                0x08000c20                TIM2_Handler
                0x08000c20                DMA_CH4_5_6_7_Handler
                0x08000c20                Default_Handler
                0x08000c20                LPUART1_Handler
                0x08000c20                FLASH_Handler
                0x08000c20                EXTI0_1_Handler
                0x08000c20                DMA_CH1_Handler
                0x08000c20                SPI2_Handler
                0x08000c20                DMA_CH2_3_Handler
                0x08000c20                I2C2_Handler
                0x08000c20                SVC_Handler
                0x08000c20                LPTIM1_Handler
                0x08000c20                USART2_Handler
                0x08000c20                SPI1_Handler
                0x08000c20                RCC_Handler
                0x08000c20                PVD_Handler
                0x08000c20                TIM6_Handler
                0x08000c20                TIM22_Handler
                0x08000c20                ADC_COMP_Handler
                0x08000c34                Hard_Fault_Handler
 .text          0x08000c48      0x5b4 serial.o
                0x08000c48                ReadCom
                0x08000cbc                WriteCom
                0x08000d5c                initUART
                0x08000eac                USART1_Handler
                0x08000ed8                usart_rx
                0x08000f08                usart_tx
                0x08000f70                PutBuf
                0x08000fd2                GetBuf
                0x08001028                GetBufCount
                0x0800103c                eputs
                0x08001078                eputc
                0x08001096                egetc
                0x080010b0                egets
                0x0800113c                egetc_echo
                0x08001162                egets_echo
 .text          0x080011fc      0x29c newlib_stubs.o
                0x080011fc                _exit
                0x08001206                _close
                0x0800121a                _execve
                0x0800123c                _fork
                0x08001254                _fstat
                0x08001270                _getpid
                0x0800127c                _kill
                0x0800129c                _link
                0x080012bc                _lseek
                0x080012d2                _stat
                0x080012ee                _times
                0x08001302                _unlink
                0x08001320                _wait
                0x08001340                _isatty
                0x08001368                _sbrk
                0x080013cc                _read
                0x08001444                _write
 .text          0x08001498        0x0 C:\Program Files\ARM GNU Toolchain\arm-none-eabi\lib\thumb\v6-m\nofp\libnosys.a(errno.o)
 .text          0x08001498      0x1d4 C:\Program Files\ARM GNU Toolchain\lib\gcc\arm-none-eabi\15.2.1\thumb\v6-m\nofp\libgcc.a(_divsi3.o)
                0x08001498                __divsi3
                0x08001498                __aeabi_idiv
                0x08001664                __aeabi_idivmod
 .text          0x0800166c        0x4 C:\Program Files\ARM GNU Toolchain\lib\gcc\arm-none-eabi\15.2.1\thumb\v6-m\nofp\libgcc.a(_dvmd_tls.o)
                0x0800166c                __aeabi_idiv0
                0x0800166c                __aeabi_ldiv0
 .text          0x08001670        0x0 C:\Program Files\ARM GNU Toolchain\lib\gcc\arm-none-eabi\15.2.1\thumb\v6-m\nofp\libgcc.a(adddf3.o)
 .text.__aeabi_dadd
                0x08001670      0x828 C:\Program Files\ARM GNU Toolchain\lib\gcc\arm-none-eabi\15.2.1\thumb\v6-m\nofp\libgcc.a(adddf3.o)
                0x08001670                __aeabi_dadd
 .text          0x08001e98        0x0 C:\Program Files\ARM GNU Toolchain\lib\gcc\arm-none-eabi\15.2.1\thumb\v6-m\nofp\libgcc.a(divdf3.o)
 .text.__aeabi_ddiv
                0x08001e98      0x630 C:\Program Files\ARM GNU Toolchain\lib\gcc\arm-none-eabi\15.2.1\thumb\v6-m\nofp\libgcc.a(divdf3.o)
                0x08001e98                __aeabi_ddiv
 .text          0x080024c8        0x0 C:\Program Files\ARM GNU Toolchain\lib\gcc\arm-none-eabi\15.2.1\thumb\v6-m\nofp\libgcc.a(muldf3.o)
 .text.__aeabi_dmul
                0x080024c8      0x570 C:\Program Files\ARM GNU Toolchain\lib\gcc\arm-none-eabi\15.2.1\thumb\v6-m\nofp\libgcc.a(muldf3.o)
                0x080024c8                __aeabi_dmul
 .text          0x08002a38        0x0 C:\Program Files\ARM GNU Toolchain\lib\gcc\arm-none-eabi\15.2.1\thumb\v6-m\nofp\libgcc.a(subdf3.o)
 .text.__aeabi_dsub
                0x08002a38      0x814 C:\Program Files\ARM GNU Toolchain\lib\gcc\arm-none-eabi\15.2.1\thumb\v6-m\nofp\libgcc.a(subdf3.o)
                0x08002a38                __aeabi_dsub
 .text          0x0800324c        0x0 C:\Program Files\ARM GNU Toolchain\lib\gcc\arm-none-eabi\15.2.1\thumb\v6-m\nofp\libgcc.a(fixdfsi.o)
 .text.__aeabi_d2iz
                0x0800324c       0x70 C:\Program Files\ARM GNU Toolchain\lib\gcc\arm-none-eabi\15.2.1\thumb\v6-m\nofp\libgcc.a(fixdfsi.o)
                0x0800324c                __aeabi_d2iz
 .text          0x080032bc        0x0 C:\Program Files\ARM GNU Toolchain\lib\gcc\arm-none-eabi\15.2.1\thumb\v6-m\nofp\libgcc.a(floatsidf.o)
 .text.__aeabi_i2d
                0x080032bc       0x68 C:\Program Files\ARM GNU Toolchain\lib\gcc\arm-none-eabi\15.2.1\thumb\v6-m\nofp\libgcc.a(floatsidf.o)
                0x080032bc                __aeabi_i2d
 .text          0x08003324      0x114 C:\Program Files\ARM GNU Toolchain\lib\gcc\arm-none-eabi\15.2.1\thumb\v6-m\nofp\libgcc.a(_udivsi3.o)
                0x08003324                __aeabi_uidiv
                0x08003324                __udivsi3
                0x08003430                __aeabi_uidivmod
 .text          0x08003438       0x3c C:\Program Files\ARM GNU Toolchain\lib\gcc\arm-none-eabi\15.2.1\thumb\v6-m\nofp\libgcc.a(_clzsi2.o)
                0x08003438                __clzsi2
 .text          0x08003474        0x0 C:\Program Files\ARM GNU Toolchain\arm-none-eabi\lib\thumb\v6-m\nofp\libc_nano.a(libc_a-nano-vfprintf_float.o)
 .text.__cvt    0x08003474       0xcc C:\Program Files\ARM GNU Toolchain\arm-none-eabi\lib\thumb\v6-m\nofp\libc_nano.a(libc_a-nano-vfprintf_float.o)
                0x08003474                __cvt
 .text.__exponent
                0x08003540       0x82 C:\Program Files\ARM GNU Toolchain\arm-none-eabi\lib\thumb\v6-m\nofp\libc_nano.a(libc_a-nano-vfprintf_float.o)
                0x08003540                __exponent
 *fill*         0x080035c2        0x2 
 .text._printf_float
                0x080035c4      0x458 C:\Program Files\ARM GNU Toolchain\arm-none-eabi\lib\thumb\v6-m\nofp\libc_nano.a(libc_a-nano-vfprintf_float.o)
                0x080035c4                _printf_float
 .text          0x08003a1c        0x0 C:\Program Files\ARM GNU Toolchain\arm-none-eabi\lib\thumb\v6-m\nofp\libc_nano.a(libc_a-nano-vfprintf_i.o)
 .text._printf_common
                0x08003a1c       0xde C:\Program Files\ARM GNU Toolchain\arm-none-eabi\lib\thumb\v6-m\nofp\libc_nano.a(libc_a-nano-vfprintf_i.o)
                0x08003a1c                _printf_common
 *fill*         0x08003afa        0x2 
 .text._printf_i
                0x08003afc      0x214 C:\Program Files\ARM GNU Toolchain\arm-none-eabi\lib\thumb\v6-m\nofp\libc_nano.a(libc_a-nano-vfprintf_i.o)
                0x08003afc                _printf_i
 .text          0x08003d10        0x0 C:\Program Files\ARM GNU Toolchain\arm-none-eabi\lib\thumb\v6-m\nofp\libc_nano.a(libc_a-printf.o)
 .text._printf_r
                0x08003d10       0x18 C:\Program Files\ARM GNU Toolchain\arm-none-eabi\lib\thumb\v6-m\nofp\libc_nano.a(libc_a-printf.o)
                0x08003d10                _iprintf_r
                0x08003d10                _printf_r
 .text.printf   0x08003d28       0x20 C:\Program Files\ARM GNU Toolchain\arm-none-eabi\lib\thumb\v6-m\nofp\libc_nano.a(libc_a-printf.o)
                0x08003d28                iprintf
                0x08003d28                printf
 .text          0x08003d48        0x0 C:\Program Files\ARM GNU Toolchain\arm-none-eabi\lib\thumb\v6-m\nofp\libc_nano.a(libc_a-putchar.o)
 .text._putchar_r
                0x08003d48        0xa C:\Program Files\ARM GNU Toolchain\arm-none-eabi\lib\thumb\v6-m\nofp\libc_nano.a(libc_a-putchar.o)
                0x08003d48                _putchar_r
 *fill*         0x08003d52        0x2 
 .text.putchar  0x08003d54       0x14 C:\Program Files\ARM GNU Toolchain\arm-none-eabi\lib\thumb\v6-m\nofp\libc_nano.a(libc_a-putchar.o)
                0x08003d54                putchar
 .text          0x08003d68        0x0 C:\Program Files\ARM GNU Toolchain\arm-none-eabi\lib\thumb\v6-m\nofp\libc_nano.a(libc_a-puts.o)
 .text._puts_r  0x08003d68       0xaa C:\Program Files\ARM GNU Toolchain\arm-none-eabi\lib\thumb\v6-m\nofp\libc_nano.a(libc_a-puts.o)
                0x08003d68                _puts_r
 *fill*         0x08003e12        0x2 
 .text.puts     0x08003e14       0x14 C:\Program Files\ARM GNU Toolchain\arm-none-eabi\lib\thumb\v6-m\nofp\libc_nano.a(libc_a-puts.o)
                0x08003e14                puts
 .text          0x08003e28        0x0 C:\Program Files\ARM GNU Toolchain\arm-none-eabi\lib\thumb\v6-m\nofp\libc_nano.a(libc_a-wbuf.o)
 .text.__swbuf_r
                0x08003e28       0x82 C:\Program Files\ARM GNU Toolchain\arm-none-eabi\lib\thumb\v6-m\nofp\libc_nano.a(libc_a-wbuf.o)
                0x08003e28                __swbuf_r
 *fill*         0x08003eaa        0x2 
 .text.__swbuf  0x08003eac       0x14 C:\Program Files\ARM GNU Toolchain\arm-none-eabi\lib\thumb\v6-m\nofp\libc_nano.a(libc_a-wbuf.o)
                0x08003eac                __swbuf
 .text          0x08003ec0        0x0 C:\Program Files\ARM GNU Toolchain\arm-none-eabi\lib\thumb\v6-m\nofp\libc_nano.a(libc_a-wsetup.o)
 .text.__swsetup_r
                0x08003ec0       0xb8 C:\Program Files\ARM GNU Toolchain\arm-none-eabi\lib\thumb\v6-m\nofp\libc_nano.a(libc_a-wsetup.o)
                0x08003ec0                __swsetup_r
 .text          0x08003f78        0x0 C:\Program Files\ARM GNU Toolchain\arm-none-eabi\lib\thumb\v6-m\nofp\libc_nano.a(libc_a-memset.o)
 .text.memset   0x08003f78       0x10 C:\Program Files\ARM GNU Toolchain\arm-none-eabi\lib\thumb\v6-m\nofp\libc_nano.a(libc_a-memset.o)
                0x08003f78                memset
 .text          0x08003f88        0x0 C:\Program Files\ARM GNU Toolchain\arm-none-eabi\lib\thumb\v6-m\nofp\libc_nano.a(libc_a-localeconv.o)
 .text.__localeconv_l
                0x08003f88        0x4 C:\Program Files\ARM GNU Toolchain\arm-none-eabi\lib\thumb\v6-m\nofp\libc_nano.a(libc_a-localeconv.o)
                0x08003f88                __localeconv_l
 .text._localeconv_r
                0x08003f8c        0x8 C:\Program Files\ARM GNU Toolchain\arm-none-eabi\lib\thumb\v6-m\nofp\libc_nano.a(libc_a-localeconv.o)
                0x08003f8c                _localeconv_r
 .text.localeconv
                0x08003f94        0x8 C:\Program Files\ARM GNU Toolchain\arm-none-eabi\lib\thumb\v6-m\nofp\libc_nano.a(libc_a-localeconv.o)
                0x08003f94                localeconv
 .text          0x08003f9c        0x0 C:\Program Files\ARM GNU Toolchain\arm-none-eabi\lib\thumb\v6-m\nofp\libc_nano.a(libc_a-impure.o)
 .text          0x08003f9c        0x0 C:\Program Files\ARM GNU Toolchain\arm-none-eabi\lib\thumb\v6-m\nofp\libc_nano.a(libc_a-lock.o)
 .text.__retarget_lock_init
                0x08003f9c        0x2 C:\Program Files\ARM GNU Toolchain\arm-none-eabi\lib\thumb\v6-m\nofp\libc_nano.a(libc_a-lock.o)
                0x08003f9c                __retarget_lock_init
 .text.__retarget_lock_init_recursive
                0x08003f9e        0x2 C:\Program Files\ARM GNU Toolchain\arm-none-eabi\lib\thumb\v6-m\nofp\libc_nano.a(libc_a-lock.o)
                0x08003f9e                __retarget_lock_init_recursive
 .text.__retarget_lock_close
                0x08003fa0        0x2 C:\Program Files\ARM GNU Toolchain\arm-none-eabi\lib\thumb\v6-m\nofp\libc_nano.a(libc_a-lock.o)
                0x08003fa0                __retarget_lock_close
 .text.__retarget_lock_close_recursive
                0x08003fa2        0x2 C:\Program Files\ARM GNU Toolchain\arm-none-eabi\lib\thumb\v6-m\nofp\libc_nano.a(libc_a-lock.o)
                0x08003fa2                __retarget_lock_close_recursive
 .text.__retarget_lock_acquire
                0x08003fa4        0x2 C:\Program Files\ARM GNU Toolchain\arm-none-eabi\lib\thumb\v6-m\nofp\libc_nano.a(libc_a-lock.o)
                0x08003fa4                __retarget_lock_acquire
 .text.__retarget_lock_acquire_recursive
                0x08003fa6        0x2 C:\Program Files\ARM GNU Toolchain\arm-none-eabi\lib\thumb\v6-m\nofp\libc_nano.a(libc_a-lock.o)
                0x08003fa6                __retarget_lock_acquire_recursive
 .text.__retarget_lock_try_acquire
                0x08003fa8        0x4 C:\Program Files\ARM GNU Toolchain\arm-none-eabi\lib\thumb\v6-m\nofp\libc_nano.a(libc_a-lock.o)
                0x08003fa8                __retarget_lock_try_acquire
 .text.__retarget_lock_try_acquire_recursive
                0x08003fac        0x4 C:\Program Files\ARM GNU Toolchain\arm-none-eabi\lib\thumb\v6-m\nofp\libc_nano.a(libc_a-lock.o)
                0x08003fac                __retarget_lock_try_acquire_recursive
 .text.__retarget_lock_release
                0x08003fb0        0x2 C:\Program Files\ARM GNU Toolchain\arm-none-eabi\lib\thumb\v6-m\nofp\libc_nano.a(libc_a-lock.o)
                0x08003fb0                __retarget_lock_release
 .text.__retarget_lock_release_recursive
                0x08003fb2        0x2 C:\Program Files\ARM GNU Toolchain\arm-none-eabi\lib\thumb\v6-m\nofp\libc_nano.a(libc_a-lock.o)
                0x08003fb2                __retarget_lock_release_recursive
 .text          0x08003fb4        0x0 C:\Program Files\ARM GNU Toolchain\arm-none-eabi\lib\thumb\v6-m\nofp\libc_nano.a(libc_a-memchr-stub.o)
 .text.memchr   0x08003fb4       0x16 C:\Program Files\ARM GNU Toolchain\arm-none-eabi\lib\thumb\v6-m\nofp\libc_nano.a(libc_a-memchr-stub.o)
                0x08003fb4                memchr
 .text          0x08003fca        0xe C:\Program Files\ARM GNU Toolchain\arm-none-eabi\lib\thumb\v6-m\nofp\libc_nano.a(libc_a-strlen.o)
                0x08003fca                strlen
 .text          0x08003fd8        0x0 C:\Program Files\ARM GNU Toolchain\arm-none-eabi\lib\thumb\v6-m\nofp\libc_nano.a(libc_a-dtoa.o)
 .text.quorem   0x08003fd8      0x11c C:\Program Files\ARM GNU Toolchain\arm-none-eabi\lib\thumb\v6-m\nofp\libc_nano.a(libc_a-dtoa.o)
 .text._dtoa_r  0x080040f4      0xbc4 C:\Program Files\ARM GNU Toolchain\arm-none-eabi\lib\thumb\v6-m\nofp\libc_nano.a(libc_a-dtoa.o)
                0x080040f4                _dtoa_r
 .text          0x08004cb8        0x0 C:\Program Files\ARM GNU Toolchain\arm-none-eabi\lib\thumb\v6-m\nofp\libc_nano.a(libc_a-freer.o)
 .text._free_r  0x08004cb8       0x94 C:\Program Files\ARM GNU Toolchain\arm-none-eabi\lib\thumb\v6-m\nofp\libc_nano.a(libc_a-freer.o)
                0x08004cb8                _free_r
 .text          0x08004d4c        0x0 C:\Program Files\ARM GNU Toolchain\arm-none-eabi\lib\thumb\v6-m\nofp\libc_nano.a(libc_a-malloc.o)
 .text.malloc   0x08004d4c       0x14 C:\Program Files\ARM GNU Toolchain\arm-none-eabi\lib\thumb\v6-m\nofp\libc_nano.a(libc_a-malloc.o)
                0x08004d4c                malloc
 .text.free     0x08004d60       0x14 C:\Program Files\ARM GNU Toolchain\arm-none-eabi\lib\thumb\v6-m\nofp\libc_nano.a(libc_a-malloc.o)
                0x08004d60                free
 .text          0x08004d74        0x0 C:\Program Files\ARM GNU Toolchain\arm-none-eabi\lib\thumb\v6-m\nofp\libc_nano.a(libc_a-mallocr.o)
 .text.sbrk_aligned
                0x08004d74       0x44 C:\Program Files\ARM GNU Toolchain\arm-none-eabi\lib\thumb\v6-m\nofp\libc_nano.a(libc_a-mallocr.o)
 .text._malloc_r
                0x08004db8      0x100 C:\Program Files\ARM GNU Toolchain\arm-none-eabi\lib\thumb\v6-m\nofp\libc_nano.a(libc_a-mallocr.o)
                0x08004db8                _malloc_r
 .text          0x08004eb8        0x0 C:\Program Files\ARM GNU Toolchain\arm-none-eabi\lib\thumb\v6-m\nofp\libc_nano.a(libc_a-mlock.o)
 .text.__malloc_lock
                0x08004eb8       0x10 C:\Program Files\ARM GNU Toolchain\arm-none-eabi\lib\thumb\v6-m\nofp\libc_nano.a(libc_a-mlock.o)
                0x08004eb8                __malloc_lock
 .text.__malloc_unlock
                0x08004ec8       0x10 C:\Program Files\ARM GNU Toolchain\arm-none-eabi\lib\thumb\v6-m\nofp\libc_nano.a(libc_a-mlock.o)
                0x08004ec8                __malloc_unlock
 .text          0x08004ed8        0x0 C:\Program Files\ARM GNU Toolchain\arm-none-eabi\lib\thumb\v6-m\nofp\libc_nano.a(libc_a-mprec.o)
 .text._Balloc  0x08004ed8       0x84 C:\Program Files\ARM GNU Toolchain\arm-none-eabi\lib\thumb\v6-m\nofp\libc_nano.a(libc_a-mprec.o)
                0x08004ed8                _Balloc
 .text._Bfree   0x08004f5c       0x4c C:\Program Files\ARM GNU Toolchain\arm-none-eabi\lib\thumb\v6-m\nofp\libc_nano.a(libc_a-mprec.o)
                0x08004f5c                _Bfree
 .text.__multadd
                0x08004fa8       0x88 C:\Program Files\ARM GNU Toolchain\arm-none-eabi\lib\thumb\v6-m\nofp\libc_nano.a(libc_a-mprec.o)
                0x08004fa8                __multadd
 .text.__s2b    0x08005030       0x98 C:\Program Files\ARM GNU Toolchain\arm-none-eabi\lib\thumb\v6-m\nofp\libc_nano.a(libc_a-mprec.o)
                0x08005030                __s2b
 .text.__hi0bits
                0x080050c8       0x42 C:\Program Files\ARM GNU Toolchain\arm-none-eabi\lib\thumb\v6-m\nofp\libc_nano.a(libc_a-mprec.o)
                0x080050c8                __hi0bits
 .text.__lo0bits
                0x0800510a       0x60 C:\Program Files\ARM GNU Toolchain\arm-none-eabi\lib\thumb\v6-m\nofp\libc_nano.a(libc_a-mprec.o)
                0x0800510a                __lo0bits
 *fill*         0x0800516a        0x2 
 .text.__i2b    0x0800516c       0x2c C:\Program Files\ARM GNU Toolchain\arm-none-eabi\lib\thumb\v6-m\nofp\libc_nano.a(libc_a-mprec.o)
                0x0800516c                __i2b
 .text.__multiply
                0x08005198      0x174 C:\Program Files\ARM GNU Toolchain\arm-none-eabi\lib\thumb\v6-m\nofp\libc_nano.a(libc_a-mprec.o)
                0x08005198                __multiply
 .text.__pow5mult
                0x0800530c       0xc4 C:\Program Files\ARM GNU Toolchain\arm-none-eabi\lib\thumb\v6-m\nofp\libc_nano.a(libc_a-mprec.o)
                0x0800530c                __pow5mult
 .text.__lshift
                0x080053d0       0xd8 C:\Program Files\ARM GNU Toolchain\arm-none-eabi\lib\thumb\v6-m\nofp\libc_nano.a(libc_a-mprec.o)
                0x080053d0                __lshift
 .text.__mcmp   0x080054a8       0x34 C:\Program Files\ARM GNU Toolchain\arm-none-eabi\lib\thumb\v6-m\nofp\libc_nano.a(libc_a-mprec.o)
                0x080054a8                __mcmp
 .text.__mdiff  0x080054dc      0x144 C:\Program Files\ARM GNU Toolchain\arm-none-eabi\lib\thumb\v6-m\nofp\libc_nano.a(libc_a-mprec.o)
                0x080054dc                __mdiff
 .text.__ulp    0x08005620       0x40 C:\Program Files\ARM GNU Toolchain\arm-none-eabi\lib\thumb\v6-m\nofp\libc_nano.a(libc_a-mprec.o)
                0x08005620                __ulp
 .text.__b2d    0x08005660       0x98 C:\Program Files\ARM GNU Toolchain\arm-none-eabi\lib\thumb\v6-m\nofp\libc_nano.a(libc_a-mprec.o)
                0x08005660                __b2d
 .text.__d2b    0x080056f8       0xc0 C:\Program Files\ARM GNU Toolchain\arm-none-eabi\lib\thumb\v6-m\nofp\libc_nano.a(libc_a-mprec.o)
                0x080056f8                __d2b
 .text.__ratio  0x080057b8       0x52 C:\Program Files\ARM GNU Toolchain\arm-none-eabi\lib\thumb\v6-m\nofp\libc_nano.a(libc_a-mprec.o)
                0x080057b8                __ratio
 *fill*         0x0800580a        0x2 
 .text._mprec_log10
                0x0800580c       0x34 C:\Program Files\ARM GNU Toolchain\arm-none-eabi\lib\thumb\v6-m\nofp\libc_nano.a(libc_a-mprec.o)
                0x0800580c                _mprec_log10
 .text.__copybits
                0x08005840       0x42 C:\Program Files\ARM GNU Toolchain\arm-none-eabi\lib\thumb\v6-m\nofp\libc_nano.a(libc_a-mprec.o)
                0x08005840                __copybits
 .text.__any_on
                0x08005882       0x46 C:\Program Files\ARM GNU Toolchain\arm-none-eabi\lib\thumb\v6-m\nofp\libc_nano.a(libc_a-mprec.o)
                0x08005882                __any_on
 .text          0x080058c8        0x0 C:\Program Files\ARM GNU Toolchain\arm-none-eabi\lib\thumb\v6-m\nofp\libc_nano.a(libc_a-nano-vfprintf.o)
 .text.__sfputc_r
                0x080058c8       0x2a C:\Program Files\ARM GNU Toolchain\arm-none-eabi\lib\thumb\v6-m\nofp\libc_nano.a(libc_a-nano-vfprintf.o)
 .text.__sfputs_r
                0x080058f2       0x24 C:\Program Files\ARM GNU Toolchain\arm-none-eabi\lib\thumb\v6-m\nofp\libc_nano.a(libc_a-nano-vfprintf.o)
                0x080058f2                __sfputs_r
 .text.__sprint_r
                0x08005916       0x20 C:\Program Files\ARM GNU Toolchain\arm-none-eabi\lib\thumb\v6-m\nofp\libc_nano.a(libc_a-nano-vfprintf.o)
                0x08005916                __sprint_r
 *fill*         0x08005936        0x2 
 .text._vfprintf_r
                0x08005938      0x224 C:\Program Files\ARM GNU Toolchain\arm-none-eabi\lib\thumb\v6-m\nofp\libc_nano.a(libc_a-nano-vfprintf.o)
                0x08005938                _vfprintf_r
                0x08005938                _vfiprintf_r
 .text.vfprintf
                0x08005b5c       0x18 C:\Program Files\ARM GNU Toolchain\arm-none-eabi\lib\thumb\v6-m\nofp\libc_nano.a(libc_a-nano-vfprintf.o)
                0x08005b5c                vfprintf
                0x08005b5c                vfiprintf
 .text          0x08005b74        0x0 C:\Program Files\ARM GNU Toolchain\arm-none-eabi\lib\thumb\v6-m\nofp\libc_nano.a(libc_a-fflush.o)
 .text.__sflush_r
                0x08005b74      0x10c C:\Program Files\ARM GNU Toolchain\arm-none-eabi\lib\thumb\v6-m\nofp\libc_nano.a(libc_a-fflush.o)
                0x08005b74                __sflush_r
 .text._fflush_r
                0x08005c80       0x56 C:\Program Files\ARM GNU Toolchain\arm-none-eabi\lib\thumb\v6-m\nofp\libc_nano.a(libc_a-fflush.o)
                0x08005c80                _fflush_r
 *fill*         0x08005cd6        0x2 
 .text.fflush   0x08005cd8       0x30 C:\Program Files\ARM GNU Toolchain\arm-none-eabi\lib\thumb\v6-m\nofp\libc_nano.a(libc_a-fflush.o)
                0x08005cd8                fflush
 .text          0x08005d08        0x0 C:\Program Files\ARM GNU Toolchain\arm-none-eabi\lib\thumb\v6-m\nofp\libc_nano.a(libc_a-findfp.o)
 .text.std      0x08005d08       0x6c C:\Program Files\ARM GNU Toolchain\arm-none-eabi\lib\thumb\v6-m\nofp\libc_nano.a(libc_a-findfp.o)
 .text.stdio_exit_handler
                0x08005d74       0x1c C:\Program Files\ARM GNU Toolchain\arm-none-eabi\lib\thumb\v6-m\nofp\libc_nano.a(libc_a-findfp.o)
 .text.cleanup_stdio
                0x08005d90       0x3c C:\Program Files\ARM GNU Toolchain\arm-none-eabi\lib\thumb\v6-m\nofp\libc_nano.a(libc_a-findfp.o)
 .text.__fp_lock
                0x08005dcc       0x18 C:\Program Files\ARM GNU Toolchain\arm-none-eabi\lib\thumb\v6-m\nofp\libc_nano.a(libc_a-findfp.o)
 .text.__fp_unlock
                0x08005de4       0x18 C:\Program Files\ARM GNU Toolchain\arm-none-eabi\lib\thumb\v6-m\nofp\libc_nano.a(libc_a-findfp.o)
 .text.global_stdio_init.part.0
                0x08005dfc       0x3c C:\Program Files\ARM GNU Toolchain\arm-none-eabi\lib\thumb\v6-m\nofp\libc_nano.a(libc_a-findfp.o)
 .text.__sfp_lock_acquire
                0x08005e38       0x10 C:\Program Files\ARM GNU Toolchain\arm-none-eabi\lib\thumb\v6-m\nofp\libc_nano.a(libc_a-findfp.o)
                0x08005e38                __sfp_lock_acquire
 .text.__sfp_lock_release
                0x08005e48       0x10 C:\Program Files\ARM GNU Toolchain\arm-none-eabi\lib\thumb\v6-m\nofp\libc_nano.a(libc_a-findfp.o)
                0x08005e48                __sfp_lock_release
 .text.__sfp    0x08005e58       0xac C:\Program Files\ARM GNU Toolchain\arm-none-eabi\lib\thumb\v6-m\nofp\libc_nano.a(libc_a-findfp.o)
                0x08005e58                __sfp
 .text.__sinit  0x08005f04       0x30 C:\Program Files\ARM GNU Toolchain\arm-none-eabi\lib\thumb\v6-m\nofp\libc_nano.a(libc_a-findfp.o)
                0x08005f04                __sinit
 .text.__fp_lock_all
                0x08005f34       0x1c C:\Program Files\ARM GNU Toolchain\arm-none-eabi\lib\thumb\v6-m\nofp\libc_nano.a(libc_a-findfp.o)
                0x08005f34                __fp_lock_all
 .text.__fp_unlock_all
                0x08005f50       0x1c C:\Program Files\ARM GNU Toolchain\arm-none-eabi\lib\thumb\v6-m\nofp\libc_nano.a(libc_a-findfp.o)
                0x08005f50                __fp_unlock_all
 .text          0x08005f6c        0x0 C:\Program Files\ARM GNU Toolchain\arm-none-eabi\lib\thumb\v6-m\nofp\libc_nano.a(libc_a-fvwrite.o)
 .text.__sfvwrite_r
                0x08005f6c      0x2c0 C:\Program Files\ARM GNU Toolchain\arm-none-eabi\lib\thumb\v6-m\nofp\libc_nano.a(libc_a-fvwrite.o)
                0x08005f6c                __sfvwrite_r
 .text          0x0800622c        0x0 C:\Program Files\ARM GNU Toolchain\arm-none-eabi\lib\thumb\v6-m\nofp\libc_nano.a(libc_a-fwalk.o)
 .text._fwalk_sglue
                0x0800622c       0x38 C:\Program Files\ARM GNU Toolchain\arm-none-eabi\lib\thumb\v6-m\nofp\libc_nano.a(libc_a-fwalk.o)
                0x0800622c                _fwalk_sglue
 .text          0x08006264        0x0 C:\Program Files\ARM GNU Toolchain\arm-none-eabi\lib\thumb\v6-m\nofp\libc_nano.a(libc_a-makebuf.o)
 .text.__swhatbuf_r
                0x08006264       0x54 C:\Program Files\ARM GNU Toolchain\arm-none-eabi\lib\thumb\v6-m\nofp\libc_nano.a(libc_a-makebuf.o)
                0x08006264                __swhatbuf_r
 .text.__smakebuf_r
                0x080062b8       0x72 C:\Program Files\ARM GNU Toolchain\arm-none-eabi\lib\thumb\v6-m\nofp\libc_nano.a(libc_a-makebuf.o)
                0x080062b8                __smakebuf_r
 .text          0x0800632a        0x0 C:\Program Files\ARM GNU Toolchain\arm-none-eabi\lib\thumb\v6-m\nofp\libc_nano.a(libc_a-putc.o)
 .text._putc_r  0x0800632a       0x6c C:\Program Files\ARM GNU Toolchain\arm-none-eabi\lib\thumb\v6-m\nofp\libc_nano.a(libc_a-putc.o)
                0x0800632a                _putc_r
 *fill*         0x08006396        0x2 
 .text.putc     0x08006398       0x14 C:\Program Files\ARM GNU Toolchain\arm-none-eabi\lib\thumb\v6-m\nofp\libc_nano.a(libc_a-putc.o)
                0x08006398                putc
 .text          0x080063ac        0x0 C:\Program Files\ARM GNU Toolchain\arm-none-eabi\lib\thumb\v6-m\nofp\libc_nano.a(libc_a-stdio.o)
 .text.__sread  0x080063ac       0x28 C:\Program Files\ARM GNU Toolchain\arm-none-eabi\lib\thumb\v6-m\nofp\libc_nano.a(libc_a-stdio.o)
                0x080063ac                __sread
 .text.__seofread
                0x080063d4        0x4 C:\Program Files\ARM GNU Toolchain\arm-none-eabi\lib\thumb\v6-m\nofp\libc_nano.a(libc_a-stdio.o)
                0x080063d4                __seofread
 .text.__swrite
                0x080063d8       0x38 C:\Program Files\ARM GNU Toolchain\arm-none-eabi\lib\thumb\v6-m\nofp\libc_nano.a(libc_a-stdio.o)
                0x080063d8                __swrite
 .text.__sseek  0x08006410       0x2c C:\Program Files\ARM GNU Toolchain\arm-none-eabi\lib\thumb\v6-m\nofp\libc_nano.a(libc_a-stdio.o)
                0x08006410                __sseek
 .text.__sclose
                0x0800643c        0xc C:\Program Files\ARM GNU Toolchain\arm-none-eabi\lib\thumb\v6-m\nofp\libc_nano.a(libc_a-stdio.o)
                0x0800643c                __sclose
 .text          0x08006448        0x0 C:\Program Files\ARM GNU Toolchain\arm-none-eabi\lib\thumb\v6-m\nofp\libc_nano.a(libc_a-memmove.o)
 .text.memmove  0x08006448       0x26 C:\Program Files\ARM GNU Toolchain\arm-none-eabi\lib\thumb\v6-m\nofp\libc_nano.a(libc_a-memmove.o)
                0x08006448                memmove
 .text          0x0800646e        0x0 C:\Program Files\ARM GNU Toolchain\arm-none-eabi\lib\thumb\v6-m\nofp\libc_nano.a(libc_a-locale.o)
 *fill*         0x0800646e        0x2 
 .text._setlocale_r
                0x08006470       0x40 C:\Program Files\ARM GNU Toolchain\arm-none-eabi\lib\thumb\v6-m\nofp\libc_nano.a(libc_a-locale.o)
                0x08006470                _setlocale_r
 .text.__locale_mb_cur_max
                0x080064b0       0x10 C:\Program Files\ARM GNU Toolchain\arm-none-eabi\lib\thumb\v6-m\nofp\libc_nano.a(libc_a-locale.o)
                0x080064b0                __locale_mb_cur_max
 .text.setlocale
                0x080064c0       0x14 C:\Program Files\ARM GNU Toolchain\arm-none-eabi\lib\thumb\v6-m\nofp\libc_nano.a(libc_a-locale.o)
                0x080064c0                setlocale
 .text          0x080064d4        0x0 C:\Program Files\ARM GNU Toolchain\arm-none-eabi\lib\thumb\v6-m\nofp\libc_nano.a(libc_a-closer.o)
 .text._close_r
                0x080064d4       0x24 C:\Program Files\ARM GNU Toolchain\arm-none-eabi\lib\thumb\v6-m\nofp\libc_nano.a(libc_a-closer.o)
                0x080064d4                _close_r
 .text          0x080064f8        0x0 C:\Program Files\ARM GNU Toolchain\arm-none-eabi\lib\thumb\v6-m\nofp\libc_nano.a(libc_a-fstatr.o)
 .text._fstat_r
                0x080064f8       0x24 C:\Program Files\ARM GNU Toolchain\arm-none-eabi\lib\thumb\v6-m\nofp\libc_nano.a(libc_a-fstatr.o)
                0x080064f8                _fstat_r
 .text          0x0800651c        0x0 C:\Program Files\ARM GNU Toolchain\arm-none-eabi\lib\thumb\v6-m\nofp\libc_nano.a(libc_a-isattyr.o)
 .text._isatty_r
                0x0800651c       0x24 C:\Program Files\ARM GNU Toolchain\arm-none-eabi\lib\thumb\v6-m\nofp\libc_nano.a(libc_a-isattyr.o)
                0x0800651c                _isatty_r
 .text          0x08006540        0x0 C:\Program Files\ARM GNU Toolchain\arm-none-eabi\lib\thumb\v6-m\nofp\libc_nano.a(libc_a-lseekr.o)
 .text._lseek_r
                0x08006540       0x28 C:\Program Files\ARM GNU Toolchain\arm-none-eabi\lib\thumb\v6-m\nofp\libc_nano.a(libc_a-lseekr.o)
                0x08006540                _lseek_r
 .text          0x08006568        0x0 C:\Program Files\ARM GNU Toolchain\arm-none-eabi\lib\thumb\v6-m\nofp\libc_nano.a(libc_a-readr.o)
 .text._read_r  0x08006568       0x28 C:\Program Files\ARM GNU Toolchain\arm-none-eabi\lib\thumb\v6-m\nofp\libc_nano.a(libc_a-readr.o)
                0x08006568                _read_r
 .text          0x08006590        0x0 C:\Program Files\ARM GNU Toolchain\arm-none-eabi\lib\thumb\v6-m\nofp\libc_nano.a(libc_a-sbrkr.o)
 .text._sbrk_r  0x08006590       0x24 C:\Program Files\ARM GNU Toolchain\arm-none-eabi\lib\thumb\v6-m\nofp\libc_nano.a(libc_a-sbrkr.o)
                0x08006590                _sbrk_r
 .text          0x080065b4        0x0 C:\Program Files\ARM GNU Toolchain\arm-none-eabi\lib\thumb\v6-m\nofp\libc_nano.a(libc_a-writer.o)
 .text._write_r
                0x080065b4       0x28 C:\Program Files\ARM GNU Toolchain\arm-none-eabi\lib\thumb\v6-m\nofp\libc_nano.a(libc_a-writer.o)
                0x080065b4                _write_r
 .text          0x080065dc       0x14 C:\Program Files\ARM GNU Toolchain\arm-none-eabi\lib\thumb\v6-m\nofp\libc_nano.a(libc_a-strcmp.o)
                0x080065dc                strcmp
 .text          0x080065f0        0x0 C:\Program Files\ARM GNU Toolchain\arm-none-eabi\lib\thumb\v6-m\nofp\libc_nano.a(libc_a-memcpy-stub.o)
 .text.memcpy   0x080065f0       0x12 C:\Program Files\ARM GNU Toolchain\arm-none-eabi\lib\thumb\v6-m\nofp\libc_nano.a(libc_a-memcpy-stub.o)
                0x080065f0                memcpy
 .text          0x08006602        0x0 C:\Program Files\ARM GNU Toolchain\arm-none-eabi\lib\thumb\v6-m\nofp\libc_nano.a(libc_a-assert.o)
 *fill*         0x08006602        0x2 
 .text.__assert_func
                0x08006604       0x3c C:\Program Files\ARM GNU Toolchain\arm-none-eabi\lib\thumb\v6-m\nofp\libc_nano.a(libc_a-assert.o)
                0x08006604                __assert_func
 .text.__assert
                0x08006640        0xa C:\Program Files\ARM GNU Toolchain\arm-none-eabi\lib\thumb\v6-m\nofp\libc_nano.a(libc_a-assert.o)
                0x08006640                __assert
 .text          0x0800664a        0x0 C:\Program Files\ARM GNU Toolchain\arm-none-eabi\lib\thumb\v6-m\nofp\libc_nano.a(libc_a-callocr.o)
 .text._calloc_r
                0x0800664a       0x5a C:\Program Files\ARM GNU Toolchain\arm-none-eabi\lib\thumb\v6-m\nofp\libc_nano.a(libc_a-callocr.o)
                0x0800664a                _calloc_r
 .text          0x080066a4        0x0 C:\Program Files\ARM GNU Toolchain\arm-none-eabi\lib\thumb\v6-m\nofp\libc_nano.a(libc_a-mbtowc_r.o)
 .text._mbtowc_r
                0x080066a4       0x14 C:\Program Files\ARM GNU Toolchain\arm-none-eabi\lib\thumb\v6-m\nofp\libc_nano.a(libc_a-mbtowc_r.o)
                0x080066a4                _mbtowc_r
 .text.__ascii_mbtowc
                0x080066b8       0x24 C:\Program Files\ARM GNU Toolchain\arm-none-eabi\lib\thumb\v6-m\nofp\libc_nano.a(libc_a-mbtowc_r.o)
                0x080066b8                __ascii_mbtowc
 .text          0x080066dc        0x0 C:\Program Files\ARM GNU Toolchain\arm-none-eabi\lib\thumb\v6-m\nofp\libc_nano.a(libc_a-reallocr.o)
 .text._realloc_r
                0x080066dc       0x60 C:\Program Files\ARM GNU Toolchain\arm-none-eabi\lib\thumb\v6-m\nofp\libc_nano.a(libc_a-reallocr.o)
                0x080066dc                _realloc_r
 .text          0x0800673c        0x0 C:\Program Files\ARM GNU Toolchain\arm-none-eabi\lib\thumb\v6-m\nofp\libc_nano.a(libc_a-wctomb_r.o)
 .text._wctomb_r
                0x0800673c       0x10 C:\Program Files\ARM GNU Toolchain\arm-none-eabi\lib\thumb\v6-m\nofp\libc_nano.a(libc_a-wctomb_r.o)
                0x0800673c                _wctomb_r
 .text.__ascii_wctomb
                0x0800674c       0x18 C:\Program Files\ARM GNU Toolchain\arm-none-eabi\lib\thumb\v6-m\nofp\libc_nano.a(libc_a-wctomb_r.o)
                0x0800674c                __ascii_wctomb
 .text          0x08006764        0x0 C:\Program Files\ARM GNU Toolchain\arm-none-eabi\lib\thumb\v6-m\nofp\libc_nano.a(libc_a-ctype_.o)
 .text          0x08006764        0x0 C:\Program Files\ARM GNU Toolchain\arm-none-eabi\lib\thumb\v6-m\nofp\libc_nano.a(libc_a-fprintf.o)
 .text._fprintf_r
                0x08006764       0x16 C:\Program Files\ARM GNU Toolchain\arm-none-eabi\lib\thumb\v6-m\nofp\libc_nano.a(libc_a-fprintf.o)
                0x08006764                _fiprintf_r
                0x08006764                _fprintf_r
 *fill*         0x0800677a        0x2 
 .text.fprintf  0x0800677c       0x20 C:\Program Files\ARM GNU Toolchain\arm-none-eabi\lib\thumb\v6-m\nofp\libc_nano.a(libc_a-fprintf.o)
                0x0800677c                fiprintf
                0x0800677c                fprintf
 .text          0x0800679c        0x0 C:\Program Files\ARM GNU Toolchain\arm-none-eabi\lib\thumb\v6-m\nofp\libc_nano.a(libc_a-abort.o)
 .text.abort    0x0800679c        0xe C:\Program Files\ARM GNU Toolchain\arm-none-eabi\lib\thumb\v6-m\nofp\libc_nano.a(libc_a-abort.o)
                0x0800679c                abort
 .text          0x080067aa        0x0 C:\Program Files\ARM GNU Toolchain\arm-none-eabi\lib\thumb\v6-m\nofp\libc_nano.a(libc_a-msizer.o)
 .text._malloc_usable_size_r
                0x080067aa       0x10 C:\Program Files\ARM GNU Toolchain\arm-none-eabi\lib\thumb\v6-m\nofp\libc_nano.a(libc_a-msizer.o)
                0x080067aa                _malloc_usable_size_r
 .text          0x080067ba        0x0 C:\Program Files\ARM GNU Toolchain\arm-none-eabi\lib\thumb\v6-m\nofp\libc_nano.a(libc_a-signal.o)
 .text._init_signal_r
                0x080067ba       0x2a C:\Program Files\ARM GNU Toolchain\arm-none-eabi\lib\thumb\v6-m\nofp\libc_nano.a(libc_a-signal.o)
                0x080067ba                _init_signal_r
 .text._signal_r
                0x080067e4       0x30 C:\Program Files\ARM GNU Toolchain\arm-none-eabi\lib\thumb\v6-m\nofp\libc_nano.a(libc_a-signal.o)
                0x080067e4                _signal_r
 .text._raise_r
                0x08006814       0x52 C:\Program Files\ARM GNU Toolchain\arm-none-eabi\lib\thumb\v6-m\nofp\libc_nano.a(libc_a-signal.o)
                0x08006814                _raise_r
 .text.__sigtramp_r
                0x08006866       0x46 C:\Program Files\ARM GNU Toolchain\arm-none-eabi\lib\thumb\v6-m\nofp\libc_nano.a(libc_a-signal.o)
                0x08006866                __sigtramp_r
 .text.raise    0x080068ac       0x14 C:\Program Files\ARM GNU Toolchain\arm-none-eabi\lib\thumb\v6-m\nofp\libc_nano.a(libc_a-signal.o)
                0x080068ac                raise
 .text.signal   0x080068c0       0x14 C:\Program Files\ARM GNU Toolchain\arm-none-eabi\lib\thumb\v6-m\nofp\libc_nano.a(libc_a-signal.o)
                0x080068c0                signal
 .text._init_signal
                0x080068d4       0x10 C:\Program Files\ARM GNU Toolchain\arm-none-eabi\lib\thumb\v6-m\nofp\libc_nano.a(libc_a-signal.o)
                0x080068d4                _init_signal
 .text.__sigtramp
                0x080068e4       0x14 C:\Program Files\ARM GNU Toolchain\arm-none-eabi\lib\thumb\v6-m\nofp\libc_nano.a(libc_a-signal.o)
                0x080068e4                __sigtramp
 .text          0x080068f8        0x0 C:\Program Files\ARM GNU Toolchain\arm-none-eabi\lib\thumb\v6-m\nofp\libc_nano.a(libc_a-signalr.o)
 .text._kill_r  0x080068f8       0x24 C:\Program Files\ARM GNU Toolchain\arm-none-eabi\lib\thumb\v6-m\nofp\libc_nano.a(libc_a-signalr.o)
                0x080068f8                _kill_r
 .text._getpid_r
                0x0800691c        0x8 C:\Program Files\ARM GNU Toolchain\arm-none-eabi\lib\thumb\v6-m\nofp\libc_nano.a(libc_a-signalr.o)
                0x0800691c                _getpid_r
 .text          0x08006924       0x14 C:\Program Files\ARM GNU Toolchain\lib\gcc\arm-none-eabi\15.2.1\thumb\v6-m\nofp\libgcc.a(_thumb1_case_uqi.o)
                0x08006924                __gnu_thumb1_case_uqi
 .text          0x08006938       0x14 C:\Program Files\ARM GNU Toolchain\lib\gcc\arm-none-eabi\15.2.1\thumb\v6-m\nofp\libgcc.a(_thumb1_case_shi.o)
                0x08006938                __gnu_thumb1_case_shi
 .text          0x0800694c       0x7c C:\Program Files\ARM GNU Toolchain\lib\gcc\arm-none-eabi\15.2.1\thumb\v6-m\nofp\libgcc.a(_arm_cmpdf2.o)
                0x0800694c                __aeabi_cdrcmple
                0x0800695c                __aeabi_cdcmple
                0x0800695c                __aeabi_cdcmpeq
                0x0800696c                __aeabi_dcmpeq
                0x08006978                __aeabi_dcmplt
                0x0800698c                __aeabi_dcmple
                0x080069a0                __aeabi_dcmpgt
                0x080069b4                __aeabi_dcmpge
 .text          0x080069c8        0x0 C:\Program Files\ARM GNU Toolchain\lib\gcc\arm-none-eabi\15.2.1\thumb\v6-m\nofp\libgcc.a(eqdf2.o)
 .text.__eqdf2  0x080069c8       0x94 C:\Program Files\ARM GNU Toolchain\lib\gcc\arm-none-eabi\15.2.1\thumb\v6-m\nofp\libgcc.a(eqdf2.o)
                0x080069c8                __nedf2
                0x080069c8                __eqdf2
 .text          0x08006a5c        0x0 C:\Program Files\ARM GNU Toolchain\lib\gcc\arm-none-eabi\15.2.1\thumb\v6-m\nofp\libgcc.a(gedf2.o)
 .text.__gedf2  0x08006a5c       0xd4 C:\Program Files\ARM GNU Toolchain\lib\gcc\arm-none-eabi\15.2.1\thumb\v6-m\nofp\libgcc.a(gedf2.o)
                0x08006a5c                __gedf2
                0x08006a5c                __gtdf2
 .text          0x08006b30        0x0 C:\Program Files\ARM GNU Toolchain\lib\gcc\arm-none-eabi\15.2.1\thumb\v6-m\nofp\libgcc.a(ledf2.o)
 .text.__ledf2  0x08006b30       0xd4 C:\Program Files\ARM GNU Toolchain\lib\gcc\arm-none-eabi\15.2.1\thumb\v6-m\nofp\libgcc.a(ledf2.o)
                0x08006b30                __ledf2
                0x08006b30                __ltdf2
 .text          0x08006c04        0x0 C:\Program Files\ARM GNU Toolchain\lib\gcc\arm-none-eabi\15.2.1\thumb\v6-m\nofp\libgcc.a(unorddf2.o)
 .text.__aeabi_dcmpun
                0x08006c04       0x40 C:\Program Files\ARM GNU Toolchain\lib\gcc\arm-none-eabi\15.2.1\thumb\v6-m\nofp\libgcc.a(unorddf2.o)
                0x08006c04                __aeabi_dcmpun
 .text          0x08006c44        0x0 C:\Program Files\ARM GNU Toolchain\lib\gcc\arm-none-eabi\15.2.1\thumb\v6-m\nofp\libgcc.a(floatunsidf.o)
 .text.__aeabi_ui2d
                0x08006c44       0x48 C:\Program Files\ARM GNU Toolchain\lib\gcc\arm-none-eabi\15.2.1\thumb\v6-m\nofp\libgcc.a(floatunsidf.o)
                0x08006c44                __aeabi_ui2d
 *(.rodata*)
 .rodata        0x08006c8c      0x11c main.o
 .rodata        0x08006da8       0x7c startup.o
 .rodata.__aeabi_ddiv
                0x08006e24       0x40 C:\Program Files\ARM GNU Toolchain\lib\gcc\arm-none-eabi\15.2.1\thumb\v6-m\nofp\libgcc.a(divdf3.o)
 .rodata._printf_float.str1.1
                0x08006e64      0x177 C:\Program Files\ARM GNU Toolchain\arm-none-eabi\lib\thumb\v6-m\nofp\libc_nano.a(libc_a-nano-vfprintf_float.o)
                                 0x12 (size before relaxing)
 .rodata._printf_i.str1.1
                0x08006fdb        0x0 C:\Program Files\ARM GNU Toolchain\arm-none-eabi\lib\thumb\v6-m\nofp\libc_nano.a(libc_a-nano-vfprintf_i.o)
                                 0x22 (size before relaxing)
 .rodata._dtoa_r.str1.1
                0x08006fdb        0x0 C:\Program Files\ARM GNU Toolchain\arm-none-eabi\lib\thumb\v6-m\nofp\libc_nano.a(libc_a-dtoa.o)
                                 0x92 (size before relaxing)
 .rodata._Balloc.str1.1
                0x08006fdb        0x0 C:\Program Files\ARM GNU Toolchain\arm-none-eabi\lib\thumb\v6-m\nofp\libc_nano.a(libc_a-mprec.o)
                                 0x73 (size before relaxing)
 .rodata.__multadd.str1.1
                0x08006fdb        0x0 C:\Program Files\ARM GNU Toolchain\arm-none-eabi\lib\thumb\v6-m\nofp\libc_nano.a(libc_a-mprec.o)
                                 0x11 (size before relaxing)
 *fill*         0x08006fdb        0x1 
 .rodata.p05.0  0x08006fdc        0xc C:\Program Files\ARM GNU Toolchain\arm-none-eabi\lib\thumb\v6-m\nofp\libc_nano.a(libc_a-mprec.o)
 .rodata.__mprec_tinytens
                0x08006fe8       0x28 C:\Program Files\ARM GNU Toolchain\arm-none-eabi\lib\thumb\v6-m\nofp\libc_nano.a(libc_a-mprec.o)
                0x08006fe8                __mprec_tinytens
 .rodata.__mprec_bigtens
                0x08007010       0x28 C:\Program Files\ARM GNU Toolchain\arm-none-eabi\lib\thumb\v6-m\nofp\libc_nano.a(libc_a-mprec.o)
                0x08007010                __mprec_bigtens
 .rodata.__mprec_tens
                0x08007038       0xc8 C:\Program Files\ARM GNU Toolchain\arm-none-eabi\lib\thumb\v6-m\nofp\libc_nano.a(libc_a-mprec.o)
                0x08007038                __mprec_tens
 .rodata._vfprintf_r.str1.1
                0x08007100        0x0 C:\Program Files\ARM GNU Toolchain\arm-none-eabi\lib\thumb\v6-m\nofp\libc_nano.a(libc_a-nano-vfprintf.o)
                                 0x11 (size before relaxing)
 .rodata._setlocale_r.str1.1
                0x08007100        0x0 C:\Program Files\ARM GNU Toolchain\arm-none-eabi\lib\thumb\v6-m\nofp\libc_nano.a(libc_a-locale.o)
                                  0x9 (size before relaxing)
 .rodata.str1.1
                0x08007100        0x0 C:\Program Files\ARM GNU Toolchain\arm-none-eabi\lib\thumb\v6-m\nofp\libc_nano.a(libc_a-locale.o)
                                  0x2 (size before relaxing)
 .rodata.__assert_func.str1.1
                0x08007100        0x0 C:\Program Files\ARM GNU Toolchain\arm-none-eabi\lib\thumb\v6-m\nofp\libc_nano.a(libc_a-assert.o)
                                 0x3d (size before relaxing)
 .rodata._ctype_
                0x08007100      0x101 C:\Program Files\ARM GNU Toolchain\arm-none-eabi\lib\thumb\v6-m\nofp\libc_nano.a(libc_a-ctype_.o)
                0x08007100                _ctype_
                0x08007204                        . = ALIGN (0x4)
 *fill*         0x08007201        0x3 
                0x08007204                        PROVIDE (__init_array_start = .)
 *(SORT_BY_NAME(.init_array.*))
 *(.init_array)
                0x08007204                        PROVIDE (__init_array_end = .)
                0x08007204                        . = ALIGN (0x4)
                0x08007204                        _etext = .

.glue_7         0x08007204        0x0
 .glue_7        0x08007204        0x0 linker stubs

.glue_7t        0x08007204        0x0
 .glue_7t       0x08007204        0x0 linker stubs

.vfp11_veneer   0x08007204        0x0
 .vfp11_veneer  0x08007204        0x0 linker stubs

.v4_bx          0x08007204        0x0
 .v4_bx         0x08007204        0x0 linker stubs

.iplt           0x08007204        0x0
 .iplt          0x08007204        0x0 main.o

.rel.dyn        0x08007204        0x0
 .rel.iplt      0x08007204        0x0 main.o

.data           0x20000000      0x1cc load address 0x08007204
                0x20000000                        . = ALIGN (0x4)
                0x20000000                        _data = .
 *(.data*)
 .data          0x20000000        0x0 main.o
 .data          0x20000000        0x0 startup.o
 .data          0x20000000        0x0 serial.o
 .data          0x20000000        0x4 newlib_stubs.o
                0x20000000                environ
 .data          0x20000004        0x0 C:\Program Files\ARM GNU Toolchain\arm-none-eabi\lib\thumb\v6-m\nofp\libnosys.a(errno.o)
 .data          0x20000004        0x0 C:\Program Files\ARM GNU Toolchain\lib\gcc\arm-none-eabi\15.2.1\thumb\v6-m\nofp\libgcc.a(_divsi3.o)
 .data          0x20000004        0x0 C:\Program Files\ARM GNU Toolchain\lib\gcc\arm-none-eabi\15.2.1\thumb\v6-m\nofp\libgcc.a(_dvmd_tls.o)
 .data          0x20000004        0x0 C:\Program Files\ARM GNU Toolchain\lib\gcc\arm-none-eabi\15.2.1\thumb\v6-m\nofp\libgcc.a(adddf3.o)
 .data          0x20000004        0x0 C:\Program Files\ARM GNU Toolchain\lib\gcc\arm-none-eabi\15.2.1\thumb\v6-m\nofp\libgcc.a(divdf3.o)
 .data          0x20000004        0x0 C:\Program Files\ARM GNU Toolchain\lib\gcc\arm-none-eabi\15.2.1\thumb\v6-m\nofp\libgcc.a(muldf3.o)
 .data          0x20000004        0x0 C:\Program Files\ARM GNU Toolchain\lib\gcc\arm-none-eabi\15.2.1\thumb\v6-m\nofp\libgcc.a(subdf3.o)
 .data          0x20000004        0x0 C:\Program Files\ARM GNU Toolchain\lib\gcc\arm-none-eabi\15.2.1\thumb\v6-m\nofp\libgcc.a(fixdfsi.o)
 .data          0x20000004        0x0 C:\Program Files\ARM GNU Toolchain\lib\gcc\arm-none-eabi\15.2.1\thumb\v6-m\nofp\libgcc.a(floatsidf.o)
 .data          0x20000004        0x0 C:\Program Files\ARM GNU Toolchain\lib\gcc\arm-none-eabi\15.2.1\thumb\v6-m\nofp\libgcc.a(_udivsi3.o)
 .data          0x20000004        0x0 C:\Program Files\ARM GNU Toolchain\lib\gcc\arm-none-eabi\15.2.1\thumb\v6-m\nofp\libgcc.a(_clzsi2.o)
 .data          0x20000004        0x0 C:\Program Files\ARM GNU Toolchain\arm-none-eabi\lib\thumb\v6-m\nofp\libc_nano.a(libc_a-nano-vfprintf_float.o)
 .data          0x20000004        0x0 C:\Program Files\ARM GNU Toolchain\arm-none-eabi\lib\thumb\v6-m\nofp\libc_nano.a(libc_a-nano-vfprintf_i.o)
 .data          0x20000004        0x0 C:\Program Files\ARM GNU Toolchain\arm-none-eabi\lib\thumb\v6-m\nofp\libc_nano.a(libc_a-printf.o)
 .data          0x20000004        0x0 C:\Program Files\ARM GNU Toolchain\arm-none-eabi\lib\thumb\v6-m\nofp\libc_nano.a(libc_a-putchar.o)
 .data          0x20000004        0x0 C:\Program Files\ARM GNU Toolchain\arm-none-eabi\lib\thumb\v6-m\nofp\libc_nano.a(libc_a-puts.o)
 .data          0x20000004        0x0 C:\Program Files\ARM GNU Toolchain\arm-none-eabi\lib\thumb\v6-m\nofp\libc_nano.a(libc_a-wbuf.o)
 .data          0x20000004        0x0 C:\Program Files\ARM GNU Toolchain\arm-none-eabi\lib\thumb\v6-m\nofp\libc_nano.a(libc_a-wsetup.o)
 .data          0x20000004        0x0 C:\Program Files\ARM GNU Toolchain\arm-none-eabi\lib\thumb\v6-m\nofp\libc_nano.a(libc_a-memset.o)
 .data          0x20000004        0x0 C:\Program Files\ARM GNU Toolchain\arm-none-eabi\lib\thumb\v6-m\nofp\libc_nano.a(libc_a-localeconv.o)
 .data          0x20000004        0x0 C:\Program Files\ARM GNU Toolchain\arm-none-eabi\lib\thumb\v6-m\nofp\libc_nano.a(libc_a-impure.o)
 .data._impure_ptr
                0x20000004        0x4 C:\Program Files\ARM GNU Toolchain\arm-none-eabi\lib\thumb\v6-m\nofp\libc_nano.a(libc_a-impure.o)
                0x20000004                _impure_ptr
 .data._impure_data
                0x20000008       0x4c C:\Program Files\ARM GNU Toolchain\arm-none-eabi\lib\thumb\v6-m\nofp\libc_nano.a(libc_a-impure.o)
                0x20000008                _impure_data
 .data          0x20000054        0x0 C:\Program Files\ARM GNU Toolchain\arm-none-eabi\lib\thumb\v6-m\nofp\libc_nano.a(libc_a-lock.o)
 .data          0x20000054        0x0 C:\Program Files\ARM GNU Toolchain\arm-none-eabi\lib\thumb\v6-m\nofp\libc_nano.a(libc_a-memchr-stub.o)
 .data          0x20000054        0x0 C:\Program Files\ARM GNU Toolchain\arm-none-eabi\lib\thumb\v6-m\nofp\libc_nano.a(libc_a-strlen.o)
 .data          0x20000054        0x0 C:\Program Files\ARM GNU Toolchain\arm-none-eabi\lib\thumb\v6-m\nofp\libc_nano.a(libc_a-dtoa.o)
 .data          0x20000054        0x0 C:\Program Files\ARM GNU Toolchain\arm-none-eabi\lib\thumb\v6-m\nofp\libc_nano.a(libc_a-freer.o)
 .data          0x20000054        0x0 C:\Program Files\ARM GNU Toolchain\arm-none-eabi\lib\thumb\v6-m\nofp\libc_nano.a(libc_a-malloc.o)
 .data          0x20000054        0x0 C:\Program Files\ARM GNU Toolchain\arm-none-eabi\lib\thumb\v6-m\nofp\libc_nano.a(libc_a-mallocr.o)
 .data          0x20000054        0x0 C:\Program Files\ARM GNU Toolchain\arm-none-eabi\lib\thumb\v6-m\nofp\libc_nano.a(libc_a-mlock.o)
 .data          0x20000054        0x0 C:\Program Files\ARM GNU Toolchain\arm-none-eabi\lib\thumb\v6-m\nofp\libc_nano.a(libc_a-mprec.o)
 .data          0x20000054        0x0 C:\Program Files\ARM GNU Toolchain\arm-none-eabi\lib\thumb\v6-m\nofp\libc_nano.a(libc_a-nano-vfprintf.o)
 .data          0x20000054        0x0 C:\Program Files\ARM GNU Toolchain\arm-none-eabi\lib\thumb\v6-m\nofp\libc_nano.a(libc_a-fflush.o)
 .data          0x20000054        0x0 C:\Program Files\ARM GNU Toolchain\arm-none-eabi\lib\thumb\v6-m\nofp\libc_nano.a(libc_a-findfp.o)
 .data.__sglue  0x20000054        0xc C:\Program Files\ARM GNU Toolchain\arm-none-eabi\lib\thumb\v6-m\nofp\libc_nano.a(libc_a-findfp.o)
                0x20000054                __sglue
 .data          0x20000060        0x0 C:\Program Files\ARM GNU Toolchain\arm-none-eabi\lib\thumb\v6-m\nofp\libc_nano.a(libc_a-fvwrite.o)
 .data          0x20000060        0x0 C:\Program Files\ARM GNU Toolchain\arm-none-eabi\lib\thumb\v6-m\nofp\libc_nano.a(libc_a-fwalk.o)
 .data          0x20000060        0x0 C:\Program Files\ARM GNU Toolchain\arm-none-eabi\lib\thumb\v6-m\nofp\libc_nano.a(libc_a-makebuf.o)
 .data          0x20000060        0x0 C:\Program Files\ARM GNU Toolchain\arm-none-eabi\lib\thumb\v6-m\nofp\libc_nano.a(libc_a-putc.o)
 .data          0x20000060        0x0 C:\Program Files\ARM GNU Toolchain\arm-none-eabi\lib\thumb\v6-m\nofp\libc_nano.a(libc_a-stdio.o)
 .data          0x20000060        0x0 C:\Program Files\ARM GNU Toolchain\arm-none-eabi\lib\thumb\v6-m\nofp\libc_nano.a(libc_a-memmove.o)
 .data          0x20000060        0x0 C:\Program Files\ARM GNU Toolchain\arm-none-eabi\lib\thumb\v6-m\nofp\libc_nano.a(libc_a-locale.o)
 .data.__global_locale
                0x20000060      0x16c C:\Program Files\ARM GNU Toolchain\arm-none-eabi\lib\thumb\v6-m\nofp\libc_nano.a(libc_a-locale.o)
                0x20000060                __global_locale
 .data          0x200001cc        0x0 C:\Program Files\ARM GNU Toolchain\arm-none-eabi\lib\thumb\v6-m\nofp\libc_nano.a(libc_a-closer.o)
 .data          0x200001cc        0x0 C:\Program Files\ARM GNU Toolchain\arm-none-eabi\lib\thumb\v6-m\nofp\libc_nano.a(libc_a-fstatr.o)
 .data          0x200001cc        0x0 C:\Program Files\ARM GNU Toolchain\arm-none-eabi\lib\thumb\v6-m\nofp\libc_nano.a(libc_a-isattyr.o)
 .data          0x200001cc        0x0 C:\Program Files\ARM GNU Toolchain\arm-none-eabi\lib\thumb\v6-m\nofp\libc_nano.a(libc_a-lseekr.o)
 .data          0x200001cc        0x0 C:\Program Files\ARM GNU Toolchain\arm-none-eabi\lib\thumb\v6-m\nofp\libc_nano.a(libc_a-readr.o)
 .data          0x200001cc        0x0 C:\Program Files\ARM GNU Toolchain\arm-none-eabi\lib\thumb\v6-m\nofp\libc_nano.a(libc_a-sbrkr.o)
 .data          0x200001cc        0x0 C:\Program Files\ARM GNU Toolchain\arm-none-eabi\lib\thumb\v6-m\nofp\libc_nano.a(libc_a-writer.o)
 .data          0x200001cc        0x0 C:\Program Files\ARM GNU Toolchain\arm-none-eabi\lib\thumb\v6-m\nofp\libc_nano.a(libc_a-strcmp.o)
 .data          0x200001cc        0x0 C:\Program Files\ARM GNU Toolchain\arm-none-eabi\lib\thumb\v6-m\nofp\libc_nano.a(libc_a-memcpy-stub.o)
 .data          0x200001cc        0x0 C:\Program Files\ARM GNU Toolchain\arm-none-eabi\lib\thumb\v6-m\nofp\libc_nano.a(libc_a-assert.o)
 .data          0x200001cc        0x0 C:\Program Files\ARM GNU Toolchain\arm-none-eabi\lib\thumb\v6-m\nofp\libc_nano.a(libc_a-callocr.o)
 .data          0x200001cc        0x0 C:\Program Files\ARM GNU Toolchain\arm-none-eabi\lib\thumb\v6-m\nofp\libc_nano.a(libc_a-mbtowc_r.o)
 .data          0x200001cc        0x0 C:\Program Files\ARM GNU Toolchain\arm-none-eabi\lib\thumb\v6-m\nofp\libc_nano.a(libc_a-reallocr.o)
 .data          0x200001cc        0x0 C:\Program Files\ARM GNU Toolchain\arm-none-eabi\lib\thumb\v6-m\nofp\libc_nano.a(libc_a-wctomb_r.o)
 .data          0x200001cc        0x0 C:\Program Files\ARM GNU Toolchain\arm-none-eabi\lib\thumb\v6-m\nofp\libc_nano.a(libc_a-ctype_.o)
 .data          0x200001cc        0x0 C:\Program Files\ARM GNU Toolchain\arm-none-eabi\lib\thumb\v6-m\nofp\libc_nano.a(libc_a-fprintf.o)
 .data          0x200001cc        0x0 C:\Program Files\ARM GNU Toolchain\arm-none-eabi\lib\thumb\v6-m\nofp\libc_nano.a(libc_a-abort.o)
 .data          0x200001cc        0x0 C:\Program Files\ARM GNU Toolchain\arm-none-eabi\lib\thumb\v6-m\nofp\libc_nano.a(libc_a-msizer.o)
 .data          0x200001cc        0x0 C:\Program Files\ARM GNU Toolchain\arm-none-eabi\lib\thumb\v6-m\nofp\libc_nano.a(libc_a-signal.o)
 .data          0x200001cc        0x0 C:\Program Files\ARM GNU Toolchain\arm-none-eabi\lib\thumb\v6-m\nofp\libc_nano.a(libc_a-signalr.o)
 .data          0x200001cc        0x0 C:\Program Files\ARM GNU Toolchain\lib\gcc\arm-none-eabi\15.2.1\thumb\v6-m\nofp\libgcc.a(_thumb1_case_uqi.o)
 .data          0x200001cc        0x0 C:\Program Files\ARM GNU Toolchain\lib\gcc\arm-none-eabi\15.2.1\thumb\v6-m\nofp\libgcc.a(_thumb1_case_shi.o)
 .data          0x200001cc        0x0 C:\Program Files\ARM GNU Toolchain\lib\gcc\arm-none-eabi\15.2.1\thumb\v6-m\nofp\libgcc.a(_arm_cmpdf2.o)
 .data          0x200001cc        0x0 C:\Program Files\ARM GNU Toolchain\lib\gcc\arm-none-eabi\15.2.1\thumb\v6-m\nofp\libgcc.a(eqdf2.o)
 .data          0x200001cc        0x0 C:\Program Files\ARM GNU Toolchain\lib\gcc\arm-none-eabi\15.2.1\thumb\v6-m\nofp\libgcc.a(gedf2.o)
 .data          0x200001cc        0x0 C:\Program Files\ARM GNU Toolchain\lib\gcc\arm-none-eabi\15.2.1\thumb\v6-m\nofp\libgcc.a(ledf2.o)
 .data          0x200001cc        0x0 C:\Program Files\ARM GNU Toolchain\lib\gcc\arm-none-eabi\15.2.1\thumb\v6-m\nofp\libgcc.a(unorddf2.o)
 .data          0x200001cc        0x0 C:\Program Files\ARM GNU Toolchain\lib\gcc\arm-none-eabi\15.2.1\thumb\v6-m\nofp\libgcc.a(floatunsidf.o)
                0x200001cc                        . = ALIGN (0x4)
                0x200001cc                        _edata = .

.igot.plt       0x200001cc        0x0 load address 0x080073d0
 .igot.plt      0x200001cc        0x0 main.o

.bss            0x200001cc      0x2a8 load address 0x080073d0
                0x200001cc                        _bss = .
 *(.bss*)
 .bss           0x200001cc       0xa7 main.o
                0x200001cc                low_pulse
                0x20000220                high_gap
                0x20000272                path_flag
 .bss           0x20000273        0x0 startup.o
 *fill*         0x20000273        0x1 
 .bss           0x20000274       0xa4 serial.o
                0x20000274                ComRXBuffer
                0x200002c0                ComTXBuffer
                0x2000030c                ComOpen
                0x20000310                ComError
                0x20000314                ComBusy
 .bss           0x20000318        0x8 newlib_stubs.o
                0x20000318                __env
 .bss           0x20000320        0x0 C:\Program Files\ARM GNU Toolchain\arm-none-eabi\lib\thumb\v6-m\nofp\libnosys.a(errno.o)
 .bss.errno     0x20000320        0x4 C:\Program Files\ARM GNU Toolchain\arm-none-eabi\lib\thumb\v6-m\nofp\libnosys.a(errno.o)
                0x20000320                errno
 .bss           0x20000324        0x0 C:\Program Files\ARM GNU Toolchain\lib\gcc\arm-none-eabi\15.2.1\thumb\v6-m\nofp\libgcc.a(_divsi3.o)
 .bss           0x20000324        0x0 C:\Program Files\ARM GNU Toolchain\lib\gcc\arm-none-eabi\15.2.1\thumb\v6-m\nofp\libgcc.a(_dvmd_tls.o)
 .bss           0x20000324        0x0 C:\Program Files\ARM GNU Toolchain\lib\gcc\arm-none-eabi\15.2.1\thumb\v6-m\nofp\libgcc.a(adddf3.o)
 .bss           0x20000324        0x0 C:\Program Files\ARM GNU Toolchain\lib\gcc\arm-none-eabi\15.2.1\thumb\v6-m\nofp\libgcc.a(divdf3.o)
 .bss           0x20000324        0x0 C:\Program Files\ARM GNU Toolchain\lib\gcc\arm-none-eabi\15.2.1\thumb\v6-m\nofp\libgcc.a(muldf3.o)
 .bss           0x20000324        0x0 C:\Program Files\ARM GNU Toolchain\lib\gcc\arm-none-eabi\15.2.1\thumb\v6-m\nofp\libgcc.a(subdf3.o)
 .bss           0x20000324        0x0 C:\Program Files\ARM GNU Toolchain\lib\gcc\arm-none-eabi\15.2.1\thumb\v6-m\nofp\libgcc.a(fixdfsi.o)
 .bss           0x20000324        0x0 C:\Program Files\ARM GNU Toolchain\lib\gcc\arm-none-eabi\15.2.1\thumb\v6-m\nofp\libgcc.a(floatsidf.o)
 .bss           0x20000324        0x0 C:\Program Files\ARM GNU Toolchain\lib\gcc\arm-none-eabi\15.2.1\thumb\v6-m\nofp\libgcc.a(_udivsi3.o)
 .bss           0x20000324        0x0 C:\Program Files\ARM GNU Toolchain\lib\gcc\arm-none-eabi\15.2.1\thumb\v6-m\nofp\libgcc.a(_clzsi2.o)
 .bss           0x20000324        0x0 C:\Program Files\ARM GNU Toolchain\arm-none-eabi\lib\thumb\v6-m\nofp\libc_nano.a(libc_a-nano-vfprintf_float.o)
 .bss           0x20000324        0x0 C:\Program Files\ARM GNU Toolchain\arm-none-eabi\lib\thumb\v6-m\nofp\libc_nano.a(libc_a-nano-vfprintf_i.o)
 .bss           0x20000324        0x0 C:\Program Files\ARM GNU Toolchain\arm-none-eabi\lib\thumb\v6-m\nofp\libc_nano.a(libc_a-printf.o)
 .bss           0x20000324        0x0 C:\Program Files\ARM GNU Toolchain\arm-none-eabi\lib\thumb\v6-m\nofp\libc_nano.a(libc_a-putchar.o)
 .bss           0x20000324        0x0 C:\Program Files\ARM GNU Toolchain\arm-none-eabi\lib\thumb\v6-m\nofp\libc_nano.a(libc_a-puts.o)
 .bss           0x20000324        0x0 C:\Program Files\ARM GNU Toolchain\arm-none-eabi\lib\thumb\v6-m\nofp\libc_nano.a(libc_a-wbuf.o)
 .bss           0x20000324        0x0 C:\Program Files\ARM GNU Toolchain\arm-none-eabi\lib\thumb\v6-m\nofp\libc_nano.a(libc_a-wsetup.o)
 .bss           0x20000324        0x0 C:\Program Files\ARM GNU Toolchain\arm-none-eabi\lib\thumb\v6-m\nofp\libc_nano.a(libc_a-memset.o)
 .bss           0x20000324        0x0 C:\Program Files\ARM GNU Toolchain\arm-none-eabi\lib\thumb\v6-m\nofp\libc_nano.a(libc_a-localeconv.o)
 .bss           0x20000324        0x0 C:\Program Files\ARM GNU Toolchain\arm-none-eabi\lib\thumb\v6-m\nofp\libc_nano.a(libc_a-impure.o)
 .bss           0x20000324        0x0 C:\Program Files\ARM GNU Toolchain\arm-none-eabi\lib\thumb\v6-m\nofp\libc_nano.a(libc_a-lock.o)
 .bss.__lock___arc4random_mutex
                0x20000324        0x1 C:\Program Files\ARM GNU Toolchain\arm-none-eabi\lib\thumb\v6-m\nofp\libc_nano.a(libc_a-lock.o)
                0x20000324                __lock___arc4random_mutex
 .bss.__lock___dd_hash_mutex
                0x20000325        0x1 C:\Program Files\ARM GNU Toolchain\arm-none-eabi\lib\thumb\v6-m\nofp\libc_nano.a(libc_a-lock.o)
                0x20000325                __lock___dd_hash_mutex
 .bss.__lock___tz_mutex
                0x20000326        0x1 C:\Program Files\ARM GNU Toolchain\arm-none-eabi\lib\thumb\v6-m\nofp\libc_nano.a(libc_a-lock.o)
                0x20000326                __lock___tz_mutex
 .bss.__lock___env_recursive_mutex
                0x20000327        0x1 C:\Program Files\ARM GNU Toolchain\arm-none-eabi\lib\thumb\v6-m\nofp\libc_nano.a(libc_a-lock.o)
                0x20000327                __lock___env_recursive_mutex
 .bss.__lock___malloc_recursive_mutex
                0x20000328        0x1 C:\Program Files\ARM GNU Toolchain\arm-none-eabi\lib\thumb\v6-m\nofp\libc_nano.a(libc_a-lock.o)
                0x20000328                __lock___malloc_recursive_mutex
 .bss.__lock___at_quick_exit_mutex
                0x20000329        0x1 C:\Program Files\ARM GNU Toolchain\arm-none-eabi\lib\thumb\v6-m\nofp\libc_nano.a(libc_a-lock.o)
                0x20000329                __lock___at_quick_exit_mutex
 .bss.__lock___atexit_recursive_mutex
                0x2000032a        0x1 C:\Program Files\ARM GNU Toolchain\arm-none-eabi\lib\thumb\v6-m\nofp\libc_nano.a(libc_a-lock.o)
                0x2000032a                __lock___atexit_recursive_mutex
 .bss.__lock___sfp_recursive_mutex
                0x2000032b        0x1 C:\Program Files\ARM GNU Toolchain\arm-none-eabi\lib\thumb\v6-m\nofp\libc_nano.a(libc_a-lock.o)
                0x2000032b                __lock___sfp_recursive_mutex
 .bss           0x2000032c        0x0 C:\Program Files\ARM GNU Toolchain\arm-none-eabi\lib\thumb\v6-m\nofp\libc_nano.a(libc_a-memchr-stub.o)
 .bss           0x2000032c        0x0 C:\Program Files\ARM GNU Toolchain\arm-none-eabi\lib\thumb\v6-m\nofp\libc_nano.a(libc_a-strlen.o)
 .bss           0x2000032c        0x0 C:\Program Files\ARM GNU Toolchain\arm-none-eabi\lib\thumb\v6-m\nofp\libc_nano.a(libc_a-dtoa.o)
 .bss           0x2000032c        0x0 C:\Program Files\ARM GNU Toolchain\arm-none-eabi\lib\thumb\v6-m\nofp\libc_nano.a(libc_a-freer.o)
 .bss           0x2000032c        0x0 C:\Program Files\ARM GNU Toolchain\arm-none-eabi\lib\thumb\v6-m\nofp\libc_nano.a(libc_a-malloc.o)
 .bss           0x2000032c        0x0 C:\Program Files\ARM GNU Toolchain\arm-none-eabi\lib\thumb\v6-m\nofp\libc_nano.a(libc_a-mallocr.o)
 .bss.__malloc_sbrk_start
                0x2000032c        0x4 C:\Program Files\ARM GNU Toolchain\arm-none-eabi\lib\thumb\v6-m\nofp\libc_nano.a(libc_a-mallocr.o)
                0x2000032c                __malloc_sbrk_start
 .bss.__malloc_free_list
                0x20000330        0x4 C:\Program Files\ARM GNU Toolchain\arm-none-eabi\lib\thumb\v6-m\nofp\libc_nano.a(libc_a-mallocr.o)
                0x20000330                __malloc_free_list
 .bss           0x20000334        0x0 C:\Program Files\ARM GNU Toolchain\arm-none-eabi\lib\thumb\v6-m\nofp\libc_nano.a(libc_a-mlock.o)
 .bss           0x20000334        0x0 C:\Program Files\ARM GNU Toolchain\arm-none-eabi\lib\thumb\v6-m\nofp\libc_nano.a(libc_a-mprec.o)
 .bss           0x20000334        0x0 C:\Program Files\ARM GNU Toolchain\arm-none-eabi\lib\thumb\v6-m\nofp\libc_nano.a(libc_a-nano-vfprintf.o)
 .bss           0x20000334        0x0 C:\Program Files\ARM GNU Toolchain\arm-none-eabi\lib\thumb\v6-m\nofp\libc_nano.a(libc_a-fflush.o)
 .bss           0x20000334        0x0 C:\Program Files\ARM GNU Toolchain\arm-none-eabi\lib\thumb\v6-m\nofp\libc_nano.a(libc_a-findfp.o)
 .bss.__sf      0x20000334      0x138 C:\Program Files\ARM GNU Toolchain\arm-none-eabi\lib\thumb\v6-m\nofp\libc_nano.a(libc_a-findfp.o)
                0x20000334                __sf
 .bss.__stdio_exit_handler
                0x2000046c        0x4 C:\Program Files\ARM GNU Toolchain\arm-none-eabi\lib\thumb\v6-m\nofp\libc_nano.a(libc_a-findfp.o)
                0x2000046c                __stdio_exit_handler
 .bss           0x20000470        0x0 C:\Program Files\ARM GNU Toolchain\arm-none-eabi\lib\thumb\v6-m\nofp\libc_nano.a(libc_a-fvwrite.o)
 .bss           0x20000470        0x0 C:\Program Files\ARM GNU Toolchain\arm-none-eabi\lib\thumb\v6-m\nofp\libc_nano.a(libc_a-fwalk.o)
 .bss           0x20000470        0x0 C:\Program Files\ARM GNU Toolchain\arm-none-eabi\lib\thumb\v6-m\nofp\libc_nano.a(libc_a-makebuf.o)
 .bss           0x20000470        0x0 C:\Program Files\ARM GNU Toolchain\arm-none-eabi\lib\thumb\v6-m\nofp\libc_nano.a(libc_a-putc.o)
 .bss           0x20000470        0x0 C:\Program Files\ARM GNU Toolchain\arm-none-eabi\lib\thumb\v6-m\nofp\libc_nano.a(libc_a-stdio.o)
 .bss           0x20000470        0x0 C:\Program Files\ARM GNU Toolchain\arm-none-eabi\lib\thumb\v6-m\nofp\libc_nano.a(libc_a-memmove.o)
 .bss           0x20000470        0x0 C:\Program Files\ARM GNU Toolchain\arm-none-eabi\lib\thumb\v6-m\nofp\libc_nano.a(libc_a-locale.o)
 .bss._PathLocale
                0x20000470        0x4 C:\Program Files\ARM GNU Toolchain\arm-none-eabi\lib\thumb\v6-m\nofp\libc_nano.a(libc_a-locale.o)
                0x20000470                _PathLocale
 .bss           0x20000474        0x0 C:\Program Files\ARM GNU Toolchain\arm-none-eabi\lib\thumb\v6-m\nofp\libc_nano.a(libc_a-closer.o)
 .bss           0x20000474        0x0 C:\Program Files\ARM GNU Toolchain\arm-none-eabi\lib\thumb\v6-m\nofp\libc_nano.a(libc_a-fstatr.o)
 .bss           0x20000474        0x0 C:\Program Files\ARM GNU Toolchain\arm-none-eabi\lib\thumb\v6-m\nofp\libc_nano.a(libc_a-isattyr.o)
 .bss           0x20000474        0x0 C:\Program Files\ARM GNU Toolchain\arm-none-eabi\lib\thumb\v6-m\nofp\libc_nano.a(libc_a-lseekr.o)
 .bss           0x20000474        0x0 C:\Program Files\ARM GNU Toolchain\arm-none-eabi\lib\thumb\v6-m\nofp\libc_nano.a(libc_a-readr.o)
 .bss           0x20000474        0x0 C:\Program Files\ARM GNU Toolchain\arm-none-eabi\lib\thumb\v6-m\nofp\libc_nano.a(libc_a-sbrkr.o)
 .bss           0x20000474        0x0 C:\Program Files\ARM GNU Toolchain\arm-none-eabi\lib\thumb\v6-m\nofp\libc_nano.a(libc_a-writer.o)
 .bss           0x20000474        0x0 C:\Program Files\ARM GNU Toolchain\arm-none-eabi\lib\thumb\v6-m\nofp\libc_nano.a(libc_a-strcmp.o)
 .bss           0x20000474        0x0 C:\Program Files\ARM GNU Toolchain\arm-none-eabi\lib\thumb\v6-m\nofp\libc_nano.a(libc_a-memcpy-stub.o)
 .bss           0x20000474        0x0 C:\Program Files\ARM GNU Toolchain\arm-none-eabi\lib\thumb\v6-m\nofp\libc_nano.a(libc_a-assert.o)
 .bss           0x20000474        0x0 C:\Program Files\ARM GNU Toolchain\arm-none-eabi\lib\thumb\v6-m\nofp\libc_nano.a(libc_a-callocr.o)
 .bss           0x20000474        0x0 C:\Program Files\ARM GNU Toolchain\arm-none-eabi\lib\thumb\v6-m\nofp\libc_nano.a(libc_a-mbtowc_r.o)
 .bss           0x20000474        0x0 C:\Program Files\ARM GNU Toolchain\arm-none-eabi\lib\thumb\v6-m\nofp\libc_nano.a(libc_a-reallocr.o)
 .bss           0x20000474        0x0 C:\Program Files\ARM GNU Toolchain\arm-none-eabi\lib\thumb\v6-m\nofp\libc_nano.a(libc_a-wctomb_r.o)
 .bss           0x20000474        0x0 C:\Program Files\ARM GNU Toolchain\arm-none-eabi\lib\thumb\v6-m\nofp\libc_nano.a(libc_a-ctype_.o)
 .bss           0x20000474        0x0 C:\Program Files\ARM GNU Toolchain\arm-none-eabi\lib\thumb\v6-m\nofp\libc_nano.a(libc_a-fprintf.o)
 .bss           0x20000474        0x0 C:\Program Files\ARM GNU Toolchain\arm-none-eabi\lib\thumb\v6-m\nofp\libc_nano.a(libc_a-abort.o)
 .bss           0x20000474        0x0 C:\Program Files\ARM GNU Toolchain\arm-none-eabi\lib\thumb\v6-m\nofp\libc_nano.a(libc_a-msizer.o)
 .bss           0x20000474        0x0 C:\Program Files\ARM GNU Toolchain\arm-none-eabi\lib\thumb\v6-m\nofp\libc_nano.a(libc_a-signal.o)
 .bss           0x20000474        0x0 C:\Program Files\ARM GNU Toolchain\arm-none-eabi\lib\thumb\v6-m\nofp\libc_nano.a(libc_a-signalr.o)
 .bss           0x20000474        0x0 C:\Program Files\ARM GNU Toolchain\lib\gcc\arm-none-eabi\15.2.1\thumb\v6-m\nofp\libgcc.a(_thumb1_case_uqi.o)
 .bss           0x20000474        0x0 C:\Program Files\ARM GNU Toolchain\lib\gcc\arm-none-eabi\15.2.1\thumb\v6-m\nofp\libgcc.a(_thumb1_case_shi.o)
 .bss           0x20000474        0x0 C:\Program Files\ARM GNU Toolchain\lib\gcc\arm-none-eabi\15.2.1\thumb\v6-m\nofp\libgcc.a(_arm_cmpdf2.o)
 .bss           0x20000474        0x0 C:\Program Files\ARM GNU Toolchain\lib\gcc\arm-none-eabi\15.2.1\thumb\v6-m\nofp\libgcc.a(eqdf2.o)
 .bss           0x20000474        0x0 C:\Program Files\ARM GNU Toolchain\lib\gcc\arm-none-eabi\15.2.1\thumb\v6-m\nofp\libgcc.a(gedf2.o)
 .bss           0x20000474        0x0 C:\Program Files\ARM GNU Toolchain\lib\gcc\arm-none-eabi\15.2.1\thumb\v6-m\nofp\libgcc.a(ledf2.o)
 .bss           0x20000474        0x0 C:\Program Files\ARM GNU Toolchain\lib\gcc\arm-none-eabi\15.2.1\thumb\v6-m\nofp\libgcc.a(unorddf2.o)
 .bss           0x20000474        0x0 C:\Program Files\ARM GNU Toolchain\lib\gcc\arm-none-eabi\15.2.1\thumb\v6-m\nofp\libgcc.a(floatunsidf.o)
 *(COMMON)
                0x20000474                        . = ALIGN (0x4)
                0x20000474                        _ebss = .
                [!provide]                        PROVIDE (end = .)
                0x20000474                        PROVIDE (_HeapStart = .)
                0x20002000                        PROVIDE (_StackTop = (ORIGIN (ram) + LENGTH (ram)))
OUTPUT(main.elf elf32-littlearm)
LOAD linker stubs

.debug_info     0x00000000     0x187c
 .debug_info    0x00000000      0x63a main.o
 .debug_info    0x0000063a      0x396 startup.o
 .debug_info    0x000009d0      0x7a3 serial.o
 .debug_info    0x00001173      0x709 newlib_stubs.o

.debug_abbrev   0x00000000      0x730
 .debug_abbrev  0x00000000      0x19f main.o
 .debug_abbrev  0x0000019f      0x1c8 startup.o
 .debug_abbrev  0x00000367      0x20e serial.o
 .debug_abbrev  0x00000575      0x1bb newlib_stubs.o

.debug_aranges  0x00000000       0x88
 .debug_aranges
                0x00000000       0x20 main.o
 .debug_aranges
                0x00000020       0x28 startup.o
 .debug_aranges
                0x00000048       0x20 serial.o
 .debug_aranges
                0x00000068       0x20 newlib_stubs.o

.debug_line     0x00000000      0xf01
 .debug_line    0x00000000      0x4f1 main.o
 .debug_line    0x000004f1      0x285 startup.o
 .debug_line    0x00000776      0x4e4 serial.o
 .debug_line    0x00000c5a      0x2a7 newlib_stubs.o

.debug_str      0x00000000      0x77c
 .debug_str     0x00000000      0x77c main.o
                                0x34b (size before relaxing)
 .debug_str     0x0000077c        0x0 startup.o
                                0x2c2 (size before relaxing)
 .debug_str     0x0000077c        0x0 serial.o
                                0x381 (size before relaxing)
 .debug_str     0x0000077c        0x0 newlib_stubs.o
                                0x3b3 (size before relaxing)

.comment        0x00000000       0x45
 .comment       0x00000000       0x45 main.o
                                 0x46 (size before relaxing)
 .comment       0x00000045        0x0 startup.o
                                 0x46 (size before relaxing)
 .comment       0x00000045        0x0 serial.o
                                 0x46 (size before relaxing)
 .comment       0x00000045        0x0 newlib_stubs.o
                                 0x46 (size before relaxing)

.ARM.attributes
                0x00000000       0x2a
 .ARM.attributes
                0x00000000       0x2c main.o
 .ARM.attributes
                0x0000002c       0x2c startup.o
 .ARM.attributes
                0x00000058       0x2c serial.o
 .ARM.attributes
                0x00000084       0x2c newlib_stubs.o
 .ARM.attributes
                0x000000b0       0x2c C:\Program Files\ARM GNU Toolchain\arm-none-eabi\lib\thumb\v6-m\nofp\libnosys.a(errno.o)
 .ARM.attributes
                0x000000dc       0x1e C:\Program Files\ARM GNU Toolchain\lib\gcc\arm-none-eabi\15.2.1\thumb\v6-m\nofp\libgcc.a(_divsi3.o)
 .ARM.attributes
                0x000000fa       0x1e C:\Program Files\ARM GNU Toolchain\lib\gcc\arm-none-eabi\15.2.1\thumb\v6-m\nofp\libgcc.a(_dvmd_tls.o)
 .ARM.attributes
                0x00000118       0x2c C:\Program Files\ARM GNU Toolchain\lib\gcc\arm-none-eabi\15.2.1\thumb\v6-m\nofp\libgcc.a(adddf3.o)
 .ARM.attributes
                0x00000144       0x2c C:\Program Files\ARM GNU Toolchain\lib\gcc\arm-none-eabi\15.2.1\thumb\v6-m\nofp\libgcc.a(divdf3.o)
 .ARM.attributes
                0x00000170       0x2c C:\Program Files\ARM GNU Toolchain\lib\gcc\arm-none-eabi\15.2.1\thumb\v6-m\nofp\libgcc.a(muldf3.o)
 .ARM.attributes
                0x0000019c       0x2c C:\Program Files\ARM GNU Toolchain\lib\gcc\arm-none-eabi\15.2.1\thumb\v6-m\nofp\libgcc.a(subdf3.o)
 .ARM.attributes
                0x000001c8       0x2c C:\Program Files\ARM GNU Toolchain\lib\gcc\arm-none-eabi\15.2.1\thumb\v6-m\nofp\libgcc.a(fixdfsi.o)
 .ARM.attributes
                0x000001f4       0x2c C:\Program Files\ARM GNU Toolchain\lib\gcc\arm-none-eabi\15.2.1\thumb\v6-m\nofp\libgcc.a(floatsidf.o)
 .ARM.attributes
                0x00000220       0x1e C:\Program Files\ARM GNU Toolchain\lib\gcc\arm-none-eabi\15.2.1\thumb\v6-m\nofp\libgcc.a(_udivsi3.o)
 .ARM.attributes
                0x0000023e       0x1e C:\Program Files\ARM GNU Toolchain\lib\gcc\arm-none-eabi\15.2.1\thumb\v6-m\nofp\libgcc.a(_clzsi2.o)
 .ARM.attributes
                0x0000025c       0x2c C:\Program Files\ARM GNU Toolchain\arm-none-eabi\lib\thumb\v6-m\nofp\libc_nano.a(libc_a-nano-vfprintf_float.o)
 .ARM.attributes
                0x00000288       0x2c C:\Program Files\ARM GNU Toolchain\arm-none-eabi\lib\thumb\v6-m\nofp\libc_nano.a(libc_a-nano-vfprintf_i.o)
 .ARM.attributes
                0x000002b4       0x2c C:\Program Files\ARM GNU Toolchain\arm-none-eabi\lib\thumb\v6-m\nofp\libc_nano.a(libc_a-printf.o)
 .ARM.attributes
                0x000002e0       0x2c C:\Program Files\ARM GNU Toolchain\arm-none-eabi\lib\thumb\v6-m\nofp\libc_nano.a(libc_a-putchar.o)
 .ARM.attributes
                0x0000030c       0x2c C:\Program Files\ARM GNU Toolchain\arm-none-eabi\lib\thumb\v6-m\nofp\libc_nano.a(libc_a-puts.o)
 .ARM.attributes
                0x00000338       0x2c C:\Program Files\ARM GNU Toolchain\arm-none-eabi\lib\thumb\v6-m\nofp\libc_nano.a(libc_a-wbuf.o)
 .ARM.attributes
                0x00000364       0x2c C:\Program Files\ARM GNU Toolchain\arm-none-eabi\lib\thumb\v6-m\nofp\libc_nano.a(libc_a-wsetup.o)
 .ARM.attributes
                0x00000390       0x2c C:\Program Files\ARM GNU Toolchain\arm-none-eabi\lib\thumb\v6-m\nofp\libc_nano.a(libc_a-memset.o)
 .ARM.attributes
                0x000003bc       0x2c C:\Program Files\ARM GNU Toolchain\arm-none-eabi\lib\thumb\v6-m\nofp\libc_nano.a(libc_a-localeconv.o)
 .ARM.attributes
                0x000003e8       0x2c C:\Program Files\ARM GNU Toolchain\arm-none-eabi\lib\thumb\v6-m\nofp\libc_nano.a(libc_a-impure.o)
 .ARM.attributes
                0x00000414       0x2c C:\Program Files\ARM GNU Toolchain\arm-none-eabi\lib\thumb\v6-m\nofp\libc_nano.a(libc_a-lock.o)
 .ARM.attributes
                0x00000440       0x2c C:\Program Files\ARM GNU Toolchain\arm-none-eabi\lib\thumb\v6-m\nofp\libc_nano.a(libc_a-memchr-stub.o)
 .ARM.attributes
                0x0000046c       0x1c C:\Program Files\ARM GNU Toolchain\arm-none-eabi\lib\thumb\v6-m\nofp\libc_nano.a(libc_a-strlen.o)
 .ARM.attributes
                0x00000488       0x2c C:\Program Files\ARM GNU Toolchain\arm-none-eabi\lib\thumb\v6-m\nofp\libc_nano.a(libc_a-dtoa.o)
 .ARM.attributes
                0x000004b4       0x2c C:\Program Files\ARM GNU Toolchain\arm-none-eabi\lib\thumb\v6-m\nofp\libc_nano.a(libc_a-freer.o)
 .ARM.attributes
                0x000004e0       0x2c C:\Program Files\ARM GNU Toolchain\arm-none-eabi\lib\thumb\v6-m\nofp\libc_nano.a(libc_a-malloc.o)
 .ARM.attributes
                0x0000050c       0x2c C:\Program Files\ARM GNU Toolchain\arm-none-eabi\lib\thumb\v6-m\nofp\libc_nano.a(libc_a-mallocr.o)
 .ARM.attributes
                0x00000538       0x2c C:\Program Files\ARM GNU Toolchain\arm-none-eabi\lib\thumb\v6-m\nofp\libc_nano.a(libc_a-mlock.o)
 .ARM.attributes
                0x00000564       0x2c C:\Program Files\ARM GNU Toolchain\arm-none-eabi\lib\thumb\v6-m\nofp\libc_nano.a(libc_a-mprec.o)
 .ARM.attributes
                0x00000590       0x2c C:\Program Files\ARM GNU Toolchain\arm-none-eabi\lib\thumb\v6-m\nofp\libc_nano.a(libc_a-nano-vfprintf.o)
 .ARM.attributes
                0x000005bc       0x2c C:\Program Files\ARM GNU Toolchain\arm-none-eabi\lib\thumb\v6-m\nofp\libc_nano.a(libc_a-fflush.o)
 .ARM.attributes
                0x000005e8       0x2c C:\Program Files\ARM GNU Toolchain\arm-none-eabi\lib\thumb\v6-m\nofp\libc_nano.a(libc_a-findfp.o)
 .ARM.attributes
                0x00000614       0x2c C:\Program Files\ARM GNU Toolchain\arm-none-eabi\lib\thumb\v6-m\nofp\libc_nano.a(libc_a-fvwrite.o)
 .ARM.attributes
                0x00000640       0x2c C:\Program Files\ARM GNU Toolchain\arm-none-eabi\lib\thumb\v6-m\nofp\libc_nano.a(libc_a-fwalk.o)
 .ARM.attributes
                0x0000066c       0x2c C:\Program Files\ARM GNU Toolchain\arm-none-eabi\lib\thumb\v6-m\nofp\libc_nano.a(libc_a-makebuf.o)
 .ARM.attributes
                0x00000698       0x2c C:\Program Files\ARM GNU Toolchain\arm-none-eabi\lib\thumb\v6-m\nofp\libc_nano.a(libc_a-putc.o)
 .ARM.attributes
                0x000006c4       0x2c C:\Program Files\ARM GNU Toolchain\arm-none-eabi\lib\thumb\v6-m\nofp\libc_nano.a(libc_a-stdio.o)
 .ARM.attributes
                0x000006f0       0x2c C:\Program Files\ARM GNU Toolchain\arm-none-eabi\lib\thumb\v6-m\nofp\libc_nano.a(libc_a-memmove.o)
 .ARM.attributes
                0x0000071c       0x2c C:\Program Files\ARM GNU Toolchain\arm-none-eabi\lib\thumb\v6-m\nofp\libc_nano.a(libc_a-locale.o)
 .ARM.attributes
                0x00000748       0x2c C:\Program Files\ARM GNU Toolchain\arm-none-eabi\lib\thumb\v6-m\nofp\libc_nano.a(libc_a-closer.o)
 .ARM.attributes
                0x00000774       0x2c C:\Program Files\ARM GNU Toolchain\arm-none-eabi\lib\thumb\v6-m\nofp\libc_nano.a(libc_a-fstatr.o)
 .ARM.attributes
                0x000007a0       0x2c C:\Program Files\ARM GNU Toolchain\arm-none-eabi\lib\thumb\v6-m\nofp\libc_nano.a(libc_a-isattyr.o)
 .ARM.attributes
                0x000007cc       0x2c C:\Program Files\ARM GNU Toolchain\arm-none-eabi\lib\thumb\v6-m\nofp\libc_nano.a(libc_a-lseekr.o)
 .ARM.attributes
                0x000007f8       0x2c C:\Program Files\ARM GNU Toolchain\arm-none-eabi\lib\thumb\v6-m\nofp\libc_nano.a(libc_a-readr.o)
 .ARM.attributes
                0x00000824       0x2c C:\Program Files\ARM GNU Toolchain\arm-none-eabi\lib\thumb\v6-m\nofp\libc_nano.a(libc_a-sbrkr.o)
 .ARM.attributes
                0x00000850       0x2c C:\Program Files\ARM GNU Toolchain\arm-none-eabi\lib\thumb\v6-m\nofp\libc_nano.a(libc_a-writer.o)
 .ARM.attributes
                0x0000087c       0x1c C:\Program Files\ARM GNU Toolchain\arm-none-eabi\lib\thumb\v6-m\nofp\libc_nano.a(libc_a-strcmp.o)
 .ARM.attributes
                0x00000898       0x2c C:\Program Files\ARM GNU Toolchain\arm-none-eabi\lib\thumb\v6-m\nofp\libc_nano.a(libc_a-memcpy-stub.o)
 .ARM.attributes
                0x000008c4       0x2c C:\Program Files\ARM GNU Toolchain\arm-none-eabi\lib\thumb\v6-m\nofp\libc_nano.a(libc_a-assert.o)
 .ARM.attributes
                0x000008f0       0x2c C:\Program Files\ARM GNU Toolchain\arm-none-eabi\lib\thumb\v6-m\nofp\libc_nano.a(libc_a-callocr.o)
 .ARM.attributes
                0x0000091c       0x2c C:\Program Files\ARM GNU Toolchain\arm-none-eabi\lib\thumb\v6-m\nofp\libc_nano.a(libc_a-mbtowc_r.o)
 .ARM.attributes
                0x00000948       0x2c C:\Program Files\ARM GNU Toolchain\arm-none-eabi\lib\thumb\v6-m\nofp\libc_nano.a(libc_a-reallocr.o)
 .ARM.attributes
                0x00000974       0x2c C:\Program Files\ARM GNU Toolchain\arm-none-eabi\lib\thumb\v6-m\nofp\libc_nano.a(libc_a-wctomb_r.o)
 .ARM.attributes
                0x000009a0       0x2c C:\Program Files\ARM GNU Toolchain\arm-none-eabi\lib\thumb\v6-m\nofp\libc_nano.a(libc_a-ctype_.o)
 .ARM.attributes
                0x000009cc       0x2c C:\Program Files\ARM GNU Toolchain\arm-none-eabi\lib\thumb\v6-m\nofp\libc_nano.a(libc_a-fprintf.o)
 .ARM.attributes
                0x000009f8       0x2c C:\Program Files\ARM GNU Toolchain\arm-none-eabi\lib\thumb\v6-m\nofp\libc_nano.a(libc_a-abort.o)
 .ARM.attributes
                0x00000a24       0x2c C:\Program Files\ARM GNU Toolchain\arm-none-eabi\lib\thumb\v6-m\nofp\libc_nano.a(libc_a-msizer.o)
 .ARM.attributes
                0x00000a50       0x2c C:\Program Files\ARM GNU Toolchain\arm-none-eabi\lib\thumb\v6-m\nofp\libc_nano.a(libc_a-signal.o)
 .ARM.attributes
                0x00000a7c       0x2c C:\Program Files\ARM GNU Toolchain\arm-none-eabi\lib\thumb\v6-m\nofp\libc_nano.a(libc_a-signalr.o)
 .ARM.attributes
                0x00000aa8       0x1e C:\Program Files\ARM GNU Toolchain\lib\gcc\arm-none-eabi\15.2.1\thumb\v6-m\nofp\libgcc.a(_thumb1_case_uqi.o)
 .ARM.attributes
                0x00000ac6       0x1e C:\Program Files\ARM GNU Toolchain\lib\gcc\arm-none-eabi\15.2.1\thumb\v6-m\nofp\libgcc.a(_thumb1_case_shi.o)
 .ARM.attributes
                0x00000ae4       0x1e C:\Program Files\ARM GNU Toolchain\lib\gcc\arm-none-eabi\15.2.1\thumb\v6-m\nofp\libgcc.a(_arm_cmpdf2.o)
 .ARM.attributes
                0x00000b02       0x2c C:\Program Files\ARM GNU Toolchain\lib\gcc\arm-none-eabi\15.2.1\thumb\v6-m\nofp\libgcc.a(eqdf2.o)
 .ARM.attributes
                0x00000b2e       0x2c C:\Program Files\ARM GNU Toolchain\lib\gcc\arm-none-eabi\15.2.1\thumb\v6-m\nofp\libgcc.a(gedf2.o)
 .ARM.attributes
                0x00000b5a       0x2c C:\Program Files\ARM GNU Toolchain\lib\gcc\arm-none-eabi\15.2.1\thumb\v6-m\nofp\libgcc.a(ledf2.o)
 .ARM.attributes
                0x00000b86       0x2c C:\Program Files\ARM GNU Toolchain\lib\gcc\arm-none-eabi\15.2.1\thumb\v6-m\nofp\libgcc.a(unorddf2.o)
 .ARM.attributes
                0x00000bb2       0x2c C:\Program Files\ARM GNU Toolchain\lib\gcc\arm-none-eabi\15.2.1\thumb\v6-m\nofp\libgcc.a(floatunsidf.o)

.debug_frame    0x00000000     0x1744
 .debug_frame   0x00000000       0xac main.o
 .debug_frame   0x000000ac       0x94 startup.o
 .debug_frame   0x00000140      0x1e8 serial.o
 .debug_frame   0x00000328      0x228 newlib_stubs.o
 .debug_frame   0x00000550       0x20 C:\Program Files\ARM GNU Toolchain\lib\gcc\arm-none-eabi\15.2.1\thumb\v6-m\nofp\libgcc.a(_divsi3.o)
 .debug_frame   0x00000570       0x38 C:\Program Files\ARM GNU Toolchain\lib\gcc\arm-none-eabi\15.2.1\thumb\v6-m\nofp\libgcc.a(adddf3.o)
 .debug_frame   0x000005a8       0x3c C:\Program Files\ARM GNU Toolchain\lib\gcc\arm-none-eabi\15.2.1\thumb\v6-m\nofp\libgcc.a(divdf3.o)
 .debug_frame   0x000005e4       0x3c C:\Program Files\ARM GNU Toolchain\lib\gcc\arm-none-eabi\15.2.1\thumb\v6-m\nofp\libgcc.a(muldf3.o)
 .debug_frame   0x00000620       0x3c C:\Program Files\ARM GNU Toolchain\lib\gcc\arm-none-eabi\15.2.1\thumb\v6-m\nofp\libgcc.a(subdf3.o)
 .debug_frame   0x0000065c       0x30 C:\Program Files\ARM GNU Toolchain\lib\gcc\arm-none-eabi\15.2.1\thumb\v6-m\nofp\libgcc.a(fixdfsi.o)
 .debug_frame   0x0000068c       0x2c C:\Program Files\ARM GNU Toolchain\lib\gcc\arm-none-eabi\15.2.1\thumb\v6-m\nofp\libgcc.a(floatsidf.o)
 .debug_frame   0x000006b8       0x20 C:\Program Files\ARM GNU Toolchain\lib\gcc\arm-none-eabi\15.2.1\thumb\v6-m\nofp\libgcc.a(_udivsi3.o)
 .debug_frame   0x000006d8       0x70 C:\Program Files\ARM GNU Toolchain\arm-none-eabi\lib\thumb\v6-m\nofp\libc_nano.a(libc_a-nano-vfprintf_float.o)
 .debug_frame   0x00000748       0x54 C:\Program Files\ARM GNU Toolchain\arm-none-eabi\lib\thumb\v6-m\nofp\libc_nano.a(libc_a-nano-vfprintf_i.o)
 .debug_frame   0x0000079c       0x4c C:\Program Files\ARM GNU Toolchain\arm-none-eabi\lib\thumb\v6-m\nofp\libc_nano.a(libc_a-printf.o)
 .debug_frame   0x000007e8       0x40 C:\Program Files\ARM GNU Toolchain\arm-none-eabi\lib\thumb\v6-m\nofp\libc_nano.a(libc_a-putchar.o)
 .debug_frame   0x00000828       0x44 C:\Program Files\ARM GNU Toolchain\arm-none-eabi\lib\thumb\v6-m\nofp\libc_nano.a(libc_a-puts.o)
 .debug_frame   0x0000086c       0x48 C:\Program Files\ARM GNU Toolchain\arm-none-eabi\lib\thumb\v6-m\nofp\libc_nano.a(libc_a-wbuf.o)
 .debug_frame   0x000008b4       0x2c C:\Program Files\ARM GNU Toolchain\arm-none-eabi\lib\thumb\v6-m\nofp\libc_nano.a(libc_a-wsetup.o)
 .debug_frame   0x000008e0       0x20 C:\Program Files\ARM GNU Toolchain\arm-none-eabi\lib\thumb\v6-m\nofp\libc_nano.a(libc_a-memset.o)
 .debug_frame   0x00000900       0x40 C:\Program Files\ARM GNU Toolchain\arm-none-eabi\lib\thumb\v6-m\nofp\libc_nano.a(libc_a-localeconv.o)
 .debug_frame   0x00000940       0xb0 C:\Program Files\ARM GNU Toolchain\arm-none-eabi\lib\thumb\v6-m\nofp\libc_nano.a(libc_a-lock.o)
 .debug_frame   0x000009f0       0x20 C:\Program Files\ARM GNU Toolchain\arm-none-eabi\lib\thumb\v6-m\nofp\libc_nano.a(libc_a-memchr-stub.o)
 .debug_frame   0x00000a10       0x54 C:\Program Files\ARM GNU Toolchain\arm-none-eabi\lib\thumb\v6-m\nofp\libc_nano.a(libc_a-dtoa.o)
 .debug_frame   0x00000a64       0x2c C:\Program Files\ARM GNU Toolchain\arm-none-eabi\lib\thumb\v6-m\nofp\libc_nano.a(libc_a-freer.o)
 .debug_frame   0x00000a90       0x40 C:\Program Files\ARM GNU Toolchain\arm-none-eabi\lib\thumb\v6-m\nofp\libc_nano.a(libc_a-malloc.o)
 .debug_frame   0x00000ad0       0x50 C:\Program Files\ARM GNU Toolchain\arm-none-eabi\lib\thumb\v6-m\nofp\libc_nano.a(libc_a-mallocr.o)
 .debug_frame   0x00000b20       0x40 C:\Program Files\ARM GNU Toolchain\arm-none-eabi\lib\thumb\v6-m\nofp\libc_nano.a(libc_a-mlock.o)
 .debug_frame   0x00000b60      0x23c C:\Program Files\ARM GNU Toolchain\arm-none-eabi\lib\thumb\v6-m\nofp\libc_nano.a(libc_a-mprec.o)
 .debug_frame   0x00000d9c       0x9c C:\Program Files\ARM GNU Toolchain\arm-none-eabi\lib\thumb\v6-m\nofp\libc_nano.a(libc_a-nano-vfprintf.o)
 .debug_frame   0x00000e38       0x68 C:\Program Files\ARM GNU Toolchain\arm-none-eabi\lib\thumb\v6-m\nofp\libc_nano.a(libc_a-fflush.o)
 .debug_frame   0x00000ea0      0x138 C:\Program Files\ARM GNU Toolchain\arm-none-eabi\lib\thumb\v6-m\nofp\libc_nano.a(libc_a-findfp.o)
 .debug_frame   0x00000fd8       0x30 C:\Program Files\ARM GNU Toolchain\arm-none-eabi\lib\thumb\v6-m\nofp\libc_nano.a(libc_a-fvwrite.o)
 .debug_frame   0x00001008       0x34 C:\Program Files\ARM GNU Toolchain\arm-none-eabi\lib\thumb\v6-m\nofp\libc_nano.a(libc_a-fwalk.o)
 .debug_frame   0x0000103c       0x54 C:\Program Files\ARM GNU Toolchain\arm-none-eabi\lib\thumb\v6-m\nofp\libc_nano.a(libc_a-makebuf.o)
 .debug_frame   0x00001090       0x44 C:\Program Files\ARM GNU Toolchain\arm-none-eabi\lib\thumb\v6-m\nofp\libc_nano.a(libc_a-putc.o)
 .debug_frame   0x000010d4       0x90 C:\Program Files\ARM GNU Toolchain\arm-none-eabi\lib\thumb\v6-m\nofp\libc_nano.a(libc_a-stdio.o)
 .debug_frame   0x00001164       0x28 C:\Program Files\ARM GNU Toolchain\arm-none-eabi\lib\thumb\v6-m\nofp\libc_nano.a(libc_a-memmove.o)
 .debug_frame   0x0000118c       0x54 C:\Program Files\ARM GNU Toolchain\arm-none-eabi\lib\thumb\v6-m\nofp\libc_nano.a(libc_a-locale.o)
 .debug_frame   0x000011e0       0x2c C:\Program Files\ARM GNU Toolchain\arm-none-eabi\lib\thumb\v6-m\nofp\libc_nano.a(libc_a-closer.o)
 .debug_frame   0x0000120c       0x2c C:\Program Files\ARM GNU Toolchain\arm-none-eabi\lib\thumb\v6-m\nofp\libc_nano.a(libc_a-fstatr.o)
 .debug_frame   0x00001238       0x2c C:\Program Files\ARM GNU Toolchain\arm-none-eabi\lib\thumb\v6-m\nofp\libc_nano.a(libc_a-isattyr.o)
 .debug_frame   0x00001264       0x2c C:\Program Files\ARM GNU Toolchain\arm-none-eabi\lib\thumb\v6-m\nofp\libc_nano.a(libc_a-lseekr.o)
 .debug_frame   0x00001290       0x2c C:\Program Files\ARM GNU Toolchain\arm-none-eabi\lib\thumb\v6-m\nofp\libc_nano.a(libc_a-readr.o)
 .debug_frame   0x000012bc       0x2c C:\Program Files\ARM GNU Toolchain\arm-none-eabi\lib\thumb\v6-m\nofp\libc_nano.a(libc_a-sbrkr.o)
 .debug_frame   0x000012e8       0x2c C:\Program Files\ARM GNU Toolchain\arm-none-eabi\lib\thumb\v6-m\nofp\libc_nano.a(libc_a-writer.o)
 .debug_frame   0x00001314       0x20 C:\Program Files\ARM GNU Toolchain\arm-none-eabi\lib\thumb\v6-m\nofp\libc_nano.a(libc_a-strcmp.o)
 .debug_frame   0x00001334       0x28 C:\Program Files\ARM GNU Toolchain\arm-none-eabi\lib\thumb\v6-m\nofp\libc_nano.a(libc_a-memcpy-stub.o)
 .debug_frame   0x0000135c       0x4c C:\Program Files\ARM GNU Toolchain\arm-none-eabi\lib\thumb\v6-m\nofp\libc_nano.a(libc_a-assert.o)
 .debug_frame   0x000013a8       0x2c C:\Program Files\ARM GNU Toolchain\arm-none-eabi\lib\thumb\v6-m\nofp\libc_nano.a(libc_a-callocr.o)
 .debug_frame   0x000013d4       0x44 C:\Program Files\ARM GNU Toolchain\arm-none-eabi\lib\thumb\v6-m\nofp\libc_nano.a(libc_a-mbtowc_r.o)
 .debug_frame   0x00001418       0x34 C:\Program Files\ARM GNU Toolchain\arm-none-eabi\lib\thumb\v6-m\nofp\libc_nano.a(libc_a-reallocr.o)
 .debug_frame   0x0000144c       0x38 C:\Program Files\ARM GNU Toolchain\arm-none-eabi\lib\thumb\v6-m\nofp\libc_nano.a(libc_a-wctomb_r.o)
 .debug_frame   0x00001484       0x50 C:\Program Files\ARM GNU Toolchain\arm-none-eabi\lib\thumb\v6-m\nofp\libc_nano.a(libc_a-fprintf.o)
 .debug_frame   0x000014d4       0x28 C:\Program Files\ARM GNU Toolchain\arm-none-eabi\lib\thumb\v6-m\nofp\libc_nano.a(libc_a-abort.o)
 .debug_frame   0x000014fc       0x20 C:\Program Files\ARM GNU Toolchain\arm-none-eabi\lib\thumb\v6-m\nofp\libc_nano.a(libc_a-msizer.o)
 .debug_frame   0x0000151c       0xe0 C:\Program Files\ARM GNU Toolchain\arm-none-eabi\lib\thumb\v6-m\nofp\libc_nano.a(libc_a-signal.o)
 .debug_frame   0x000015fc       0x44 C:\Program Files\ARM GNU Toolchain\arm-none-eabi\lib\thumb\v6-m\nofp\libc_nano.a(libc_a-signalr.o)
 .debug_frame   0x00001640       0x3c C:\Program Files\ARM GNU Toolchain\lib\gcc\arm-none-eabi\15.2.1\thumb\v6-m\nofp\libgcc.a(eqdf2.o)
 .debug_frame   0x0000167c       0x38 C:\Program Files\ARM GNU Toolchain\lib\gcc\arm-none-eabi\15.2.1\thumb\v6-m\nofp\libgcc.a(gedf2.o)
 .debug_frame   0x000016b4       0x38 C:\Program Files\ARM GNU Toolchain\lib\gcc\arm-none-eabi\15.2.1\thumb\v6-m\nofp\libgcc.a(ledf2.o)
 .debug_frame   0x000016ec       0x30 C:\Program Files\ARM GNU Toolchain\lib\gcc\arm-none-eabi\15.2.1\thumb\v6-m\nofp\libgcc.a(unorddf2.o)
 .debug_frame   0x0000171c       0x28 C:\Program Files\ARM GNU Toolchain\lib\gcc\arm-none-eabi\15.2.1\thumb\v6-m\nofp\libgcc.a(floatunsidf.o)

.debug_rnglists
                0x00000000       0x1a
 .debug_rnglists
                0x00000000       0x1a startup.o

.debug_line_str
                0x00000000      0x1d4
 .debug_line_str
                0x00000000      0x1d4 C:\Program Files\ARM GNU Toolchain\lib\gcc\arm-none-eabi\15.2.1\thumb\v6-m\nofp\libgcc.a(_divsi3.o)
                                 0xcd (size before relaxing)
 .debug_line_str
                0x000001d4        0x0 C:\Program Files\ARM GNU Toolchain\lib\gcc\arm-none-eabi\15.2.1\thumb\v6-m\nofp\libgcc.a(_dvmd_tls.o)
                                 0xcd (size before relaxing)
 .debug_line_str
                0x000001d4        0x0 C:\Program Files\ARM GNU Toolchain\lib\gcc\arm-none-eabi\15.2.1\thumb\v6-m\nofp\libgcc.a(_udivsi3.o)
                                 0xcd (size before relaxing)
 .debug_line_str
                0x000001d4        0x0 C:\Program Files\ARM GNU Toolchain\lib\gcc\arm-none-eabi\15.2.1\thumb\v6-m\nofp\libgcc.a(_clzsi2.o)
                                 0xcd (size before relaxing)
 .debug_line_str
                0x000001d4        0x0 C:\Program Files\ARM GNU Toolchain\arm-none-eabi\lib\thumb\v6-m\nofp\libc_nano.a(libc_a-strlen.o)
                                 0xeb (size before relaxing)
 .debug_line_str
                0x000001d4        0x0 C:\Program Files\ARM GNU Toolchain\arm-none-eabi\lib\thumb\v6-m\nofp\libc_nano.a(libc_a-strcmp.o)
                                 0xe8 (size before relaxing)
 .debug_line_str
                0x000001d4        0x0 C:\Program Files\ARM GNU Toolchain\lib\gcc\arm-none-eabi\15.2.1\thumb\v6-m\nofp\libgcc.a(_thumb1_case_uqi.o)
                                 0xcd (size before relaxing)
 .debug_line_str
                0x000001d4        0x0 C:\Program Files\ARM GNU Toolchain\lib\gcc\arm-none-eabi\15.2.1\thumb\v6-m\nofp\libgcc.a(_thumb1_case_shi.o)
                                 0xcd (size before relaxing)
 .debug_line_str