Archive member included to satisfy reference by file (symbol)

C:\Program Files\ARM GNU Toolchain\arm-none-eabi\lib\thumb\v6-m\nofp\libnosys.a(errno.o)
                              newlib_stubs.o (errno)
C:\Program Files\ARM GNU Toolchain\lib\gcc\arm-none-eabi\15.2.1\thumb\v6-m\nofp\libgcc.a(_divsi3.o)
                              serial.o (__aeabi_idiv)
C:\Program Files\ARM GNU Toolchain\lib\gcc\arm-none-eabi\15.2.1\thumb\v6-m\nofp\libgcc.a(_dvmd_tls.o)
                              C:\Program Files\ARM GNU Toolchain\lib\gcc\arm-none-eabi\15.2.1\thumb\v6-m\nofp\libgcc.a(_divsi3.o) (__aeabi_idiv0)
C:\Program Files\ARM GNU Toolchain\arm-none-eabi\lib\thumb\v6-m\nofp\libc_nano.a(libc_a-nano-vfprintf_float.o)
                              (_printf_float)
C:\Program Files\ARM GNU Toolchain\arm-none-eabi\lib\thumb\v6-m\nofp\libc_nano.a(libc_a-nano-vfprintf_i.o)
                              C:\Program Files\ARM GNU Toolchain\arm-none-eabi\lib\thumb\v6-m\nofp\libc_nano.a(libc_a-nano-vfprintf_float.o) (_printf_common)
C:\Program Files\ARM GNU Toolchain\arm-none-eabi\lib\thumb\v6-m\nofp\libc_nano.a(libc_a-printf.o)
                              main.o (printf)
C:\Program Files\ARM GNU Toolchain\arm-none-eabi\lib\thumb\v6-m\nofp\libc_nano.a(libc_a-putchar.o)
                              main.o (putchar)
C:\Program Files\ARM GNU Toolchain\arm-none-eabi\lib\thumb\v6-m\nofp\libc_nano.a(libc_a-puts.o)
                              main.o (puts)
C:\Program Files\ARM GNU Toolchain\arm-none-eabi\lib\thumb\v6-m\nofp\libc_nano.a(libc_a-wbuf.o)
                              C:\Program Files\ARM GNU Toolchain\arm-none-eabi\lib\thumb\v6-m\nofp\libc_nano.a(libc_a-puts.o) (__swbuf_r)
C:\Program Files\ARM GNU Toolchain\arm-none-eabi\lib\thumb\v6-m\nofp\libc_nano.a(libc_a-wsetup.o)
                              C:\Program Files\ARM GNU Toolchain\arm-none-eabi\lib\thumb\v6-m\nofp\libc_nano.a(libc_a-puts.o) (__swsetup_r)
C:\Program Files\ARM GNU Toolchain\arm-none-eabi\lib\thumb\v6-m\nofp\libc_nano.a(libc_a-memset.o)
                              main.o (memset)
C:\Program Files\ARM GNU Toolchain\arm-none-eabi\lib\thumb\v6-m\nofp\libc_nano.a(libc_a-localeconv.o)
                              C:\Program Files\ARM GNU Toolchain\arm-none-eabi\lib\thumb\v6-m\nofp\libc_nano.a(libc_a-nano-vfprintf_float.o) (_localeconv_r)
C:\Program Files\ARM GNU Toolchain\arm-none-eabi\lib\thumb\v6-m\nofp\libc_nano.a(libc_a-impure.o)
                              C:\Program Files\ARM GNU Toolchain\arm-none-eabi\lib\thumb\v6-m\nofp\libc_nano.a(libc_a-printf.o) (_impure_ptr)
C:\Program Files\ARM GNU Toolchain\arm-none-eabi\lib\thumb\v6-m\nofp\libc_nano.a(libc_a-lock.o)
                              C:\Program Files\ARM GNU Toolchain\arm-none-eabi\lib\thumb\v6-m\nofp\libc_nano.a(libc_a-puts.o) (__retarget_lock_acquire_recursive)
C:\Program Files\ARM GNU Toolchain\arm-none-eabi\lib\thumb\v6-m\nofp\libc_nano.a(libc_a-memchr-stub.o)
                              C:\Program Files\ARM GNU Toolchain\arm-none-eabi\lib\thumb\v6-m\nofp\libc_nano.a(libc_a-nano-vfprintf_i.o) (memchr)
C:\Program Files\ARM GNU Toolchain\arm-none-eabi\lib\thumb\v6-m\nofp\libc_nano.a(libc_a-strlen.o)
                              C:\Program Files\ARM GNU Toolchain\arm-none-eabi\lib\thumb\v6-m\nofp\libc_nano.a(libc_a-nano-vfprintf_float.o) (strlen)
C:\Program Files\ARM GNU Toolchain\arm-none-eabi\lib\thumb\v6-m\nofp\libc_nano.a(libc_a-dtoa.o)
                              C:\Program Files\ARM GNU Toolchain\arm-none-eabi\lib\thumb\v6-m\nofp\libc_nano.a(libc_a-nano-vfprintf_float.o) (_dtoa_r)
C:\Program Files\ARM GNU Toolchain\arm-none-eabi\lib\thumb\v6-m\nofp\libc_nano.a(libc_a-freer.o)
                              C:\Program Files\ARM GNU Toolchain\arm-none-eabi\lib\thumb\v6-m\nofp\libc_nano.a(libc_a-wsetup.o) (_free_r)
C:\Program Files\ARM GNU Toolchain\arm-none-eabi\lib\thumb\v6-m\nofp\libc_nano.a(libc_a-malloc.o)
                              C:\Program Files\ARM GNU Toolchain\arm-none-eabi\lib\thumb\v6-m\nofp\libc_nano.a(libc_a-dtoa.o) (malloc)
C:\Program Files\ARM GNU Toolchain\arm-none-eabi\lib\thumb\v6-m\nofp\libc_nano.a(libc_a-mallocr.o)
                              C:\Program Files\ARM GNU Toolchain\arm-none-eabi\lib\thumb\v6-m\nofp\libc_nano.a(libc_a-malloc.o) (_malloc_r)
C:\Program Files\ARM GNU Toolchain\arm-none-eabi\lib\thumb\v6-m\nofp\libc_nano.a(libc_a-mlock.o)
                              C:\Program Files\ARM GNU Toolchain\arm-none-eabi\lib\thumb\v6-m\nofp\libc_nano.a(libc_a-freer.o) (__malloc_lock)
C:\Program Files\ARM GNU Toolchain\arm-none-eabi\lib\thumb\v6-m\nofp\libc_nano.a(libc_a-mprec.o)
                              C:\Program Files\ARM GNU Toolchain\arm-none-eabi\lib\thumb\v6-m\nofp\libc_nano.a(libc_a-dtoa.o) (_Balloc)
C:\Program Files\ARM GNU Toolchain\arm-none-eabi\lib\thumb\v6-m\nofp\libc_nano.a(libc_a-nano-vfprintf.o)
[...]
Memory Configuration

Name             Origin             Length             Attributes
flash            0x08000000         0x00010000
ram              0x20000000         0x00002000
*default*        0x00000000         0xffffffff

Linker script and memory map

LOAD main.o
LOAD startup.o
LOAD serial.o
LOAD newlib_stubs.o
LOAD C:\Program Files\ARM GNU Toolchain\arm-none-eabi\lib\thumb\v6-m\nofp\libnosys.a
LOAD C:\Program Files\ARM GNU Toolchain\lib\gcc\arm-none-eabi\15.2.1\thumb\v6-m\nofp\libgcc.a
START GROUP
LOAD C:\Program Files\ARM GNU Toolchain\lib\gcc\arm-none-eabi\15.2.1\thumb\v6-m\nofp\libgcc.a
LOAD C:\Program Files\ARM GNU Toolchain\arm-none-eabi\lib\thumb\v6-m\nofp\libc_nano.a
LOAD C:\Program Files\ARM GNU Toolchain\arm-none-eabi\lib\thumb\v6-m\nofp\libm.a
END GROUP

.text           0x08000000     0x6c3c
 *(.vectors)
 .vectors       0x08000000       0xb8 startup.o
                0x08000000                Vectors
 *(.after_vectors*)
 .after_vectors
                0x080000b8       0x28 startup.o
                0x080000b8                ResetInit
 *(.text*)
 .text          0x080000e0      0x41c main.o
                0x080000e0                wait_1ms
                0x08000118                waitms
                0x0800013a                Init_Hardware
                0x080001cc                capture_frame
                0x080002f0                main
 .text          0x080004fc      0x1a8 startup.o
                0x08000574                initClock
                0x0800067c                EXTI2_3_Handler
                0x0800067c                TIM21_Handler
                0x0800067c                SysTick_Handler
                0x0800067c                I2C1_Handler
                0x0800067c                PendSV_Handler
                0x0800067c                NMI_Handler
                0x0800067c                WWDG_Handler
                0x0800067c                RTC_Handler
                0x0800067c                EXTI4_15_Handler
                0x0800067c                TIM2_Handler
                0x0800067c                DMA_CH4_5_6_7_Handler
                0x0800067c                Default_Handler
                0x0800067c                LPUART1_Handler
                0x0800067c                FLASH_Handler
                0x0800067c                EXTI0_1_Handler
                0x0800067c                DMA_CH1_Handler
                0x0800067c                SPI2_Handler
                0x0800067c                DMA_CH2_3_Handler
                0x0800067c                I2C2_Handler
                0x0800067c                SVC_Handler
                0x0800067c                LPTIM1_Handler
                0x0800067c                USART2_Handler
                0x0800067c                SPI1_Handler
                0x0800067c                RCC_Handler
                0x0800067c                PVD_Handler
                0x0800067c                TIM6_Handler
                0x0800067c                TIM22_Handler
                0x0800067c                ADC_COMP_Handler
                0x08000690                Hard_Fault_Handler
 .text          0x080006a4      0x5b4 serial.o
                0x080006a4                ReadCom
                0x08000718                WriteCom
                0x080007b8                initUART
                0x08000908                USART1_Handler
                0x08000934                usart_rx
                0x08000964                usart_tx
                0x080009cc                PutBuf
                0x08000a2e                GetBuf
                0x08000a84                GetBufCount
                0x08000a98                eputs
                0x08000ad4                eputc
                0x08000af2                egetc
                0x08000b0c                egets
                0x08000b98                egetc_echo
                0x08000bbe                egets_echo
 .text          0x08000c58      0x29c newlib_stubs.o
                0x08000c58                _exit
                0x08000c62                _close
                0x08000c76                _execve
                0x08000c98                _fork
                0x08000cb0                _fstat
                0x08000ccc                _getpid
                0x08000cd8                _kill
                0x08000cf8                _link
                0x08000d18                _lseek
                0x08000d2e                _stat
                0x08000d4a                _times
                0x08000d5e                _unlink
                0x08000d7c                _wait
                0x08000d9c                _isatty
                0x08000dc4                _sbrk
                0x08000e28                _read
                0x08000ea0                _write
 .text          0x08000ef4        0x0 C:\Program Files\ARM GNU Toolchain\arm-none-eabi\lib\thumb\v6-m\nofp\libnosys.a(errno.o)
 .text          0x08000ef4      0x1d4 C:\Program Files\ARM GNU Toolchain\lib\gcc\arm-none-eabi\15.2.1\thumb\v6-m\nofp\libgcc.a(_divsi3.o)
                0x08000ef4                __divsi3
                0x08000ef4                __aeabi_idiv
                0x080010c0                __aeabi_idivmod
 .text          0x080010c8        0x4 C:\Program Files\ARM GNU Toolchain\lib\gcc\arm-none-eabi\15.2.1\thumb\v6-m\nofp\libgcc.a(_dvmd_tls.o)
                0x080010c8                __aeabi_idiv0
                0x080010c8                __aeabi_ldiv0
 .text          0x080010cc        0x0 C:\Program Files\ARM GNU Toolchain\arm-none-eabi\lib\thumb\v6-m\nofp\libc_nano.a(libc_a-nano-vfprintf_float.o)
 .text.__cvt    0x080010cc       0xcc C:\Program Files\ARM GNU Toolchain\arm-none-eabi\lib\thumb\v6-m\nofp\libc_nano.a(libc_a-nano-vfprintf_float.o)
                0x080010cc                __cvt
 .text.__exponent
                0x08001198       0x82 C:\Program Files\ARM GNU Toolchain\arm-none-eabi\lib\thumb\v6-m\nofp\libc_nano.a(libc_a-nano-vfprintf_float.o)
                0x08001198                __exponent
 *fill*         0x0800121a        0x2 
 .text._printf_float
                0x0800121c      0x458 C:\Program Files\ARM GNU Toolchain\arm-none-eabi\lib\thumb\v6-m\nofp\libc_nano.a(libc_a-nano-vfprintf_float.o)
                0x0800121c                _printf_float
 .text          0x08001674        0x0 C:\Program Files\ARM GNU Toolchain\arm-none-eabi\lib\thumb\v6-m\nofp\libc_nano.a(libc_a-nano-vfprintf_i.o)
 .text._printf_common
                0x08001674       0xde C:\Program Files\ARM GNU Toolchain\arm-none-eabi\lib\thumb\v6-m\nofp\libc_nano.a(libc_a-nano-vfprintf_i.o)
                0x08001674                _printf_common
 *fill*         0x08001752        0x2 
 .text._printf_i
                0x08001754      0x214 C:\Program Files\ARM GNU Toolchain\arm-none-eabi\lib\thumb\v6-m\nofp\libc_nano.a(libc_a-nano-vfprintf_i.o)
                0x08001754                _printf_i
 .text          0x08001968        0x0 C:\Program Files\ARM GNU Toolchain\arm-none-eabi\lib\thumb\v6-m\nofp\libc_nano.a(libc_a-printf.o)
 .text._printf_r
                0x08001968       0x18 C:\Program Files\ARM GNU Toolchain\arm-none-eabi\lib\thumb\v6-m\nofp\libc_nano.a(libc_a-printf.o)
                0x08001968                _iprintf_r
                0x08001968                _printf_r
 .text.printf   0x08001980       0x20 C:\Program Files\ARM GNU Toolchain\arm-none-eabi\lib\thumb\v6-m\nofp\libc_nano.a(libc_a-printf.o)
                0x08001980                iprintf
                0x08001980                printf
 .text          0x080019a0        0x0 C:\Program Files\ARM GNU Toolchain\arm-none-eabi\lib\thumb\v6-m\nofp\libc_nano.a(libc_a-putchar.o)
 .text._putchar_r
                0x080019a0        0xa C:\Program Files\ARM GNU Toolchain\arm-none-eabi\lib\thumb\v6-m\nofp\libc_nano.a(libc_a-putchar.o)
                0x080019a0                _putchar_r
 *fill*         0x080019aa        0x2 
 .text.putchar  0x080019ac       0x14 C:\Program Files\ARM GNU Toolchain\arm-none-eabi\lib\thumb\v6-m\nofp\libc_nano.a(libc_a-putchar.o)
                0x080019ac                putchar
 .text          0x080019c0        0x0 C:\Program Files\ARM GNU Toolchain\arm-none-eabi\lib\thumb\v6-m\nofp\libc_nano.a(libc_a-puts.o)
 .text._puts_r  0x080019c0       0xaa C:\Program Files\ARM GNU Toolchain\arm-none-eabi\lib\thumb\v6-m\nofp\libc_nano.a(libc_a-puts.o)
                0x080019c0                _puts_r
 *fill*         0x08001a6a        0x2 
 .text.puts     0x08001a6c       0x14 C:\Program Files\ARM GNU Toolchain\arm-none-eabi\lib\thumb\v6-m\nofp\libc_nano.a(libc_a-puts.o)
                0x08001a6c                puts
 .text          0x08001a80        0x0 C:\Program Files\ARM GNU Toolchain\arm-none-eabi\lib\thumb\v6-m\nofp\libc_nano.a(libc_a-wbuf.o)
 .text.__swbuf_r
                0x08001a80       0x82 C:\Program Files\ARM GNU Toolchain\arm-none-eabi\lib\thumb\v6-m\nofp\libc_nano.a(libc_a-wbuf.o)
                0x08001a80                __swbuf_r
 *fill*         0x08001b02        0x2 
 .text.__swbuf  0x08001b04       0x14 C:\Program Files\ARM GNU Toolchain\arm-none-eabi\lib\thumb\v6-m\nofp\libc_nano.a(libc_a-wbuf.o)
                0x08001b04                __swbuf
 .text          0x08001b18        0x0 C:\Program Files\ARM GNU Toolchain\arm-none-eabi\lib\thumb\v6-m\nofp\libc_nano.a(libc_a-wsetup.o)
 .text.__swsetup_r
                0x08001b18       0xb8 C:\Program Files\ARM GNU Toolchain\arm-none-eabi\lib\thumb\v6-m\nofp\libc_nano.a(libc_a-wsetup.o)
                0x08001b18                __swsetup_r
 .text          0x08001bd0        0x0 C:\Program Files\ARM GNU Toolchain\arm-none-eabi\lib\thumb\v6-m\nofp\libc_nano.a(libc_a-memset.o)
 .text.memset   0x08001bd0       0x10 C:\Program Files\ARM GNU Toolchain\arm-none-eabi\lib\thumb\v6-m\nofp\libc_nano.a(libc_a-memset.o)
                0x08001bd0                memset
 .text          0x08001be0        0x0 C:\Program Files\ARM GNU Toolchain\arm-none-eabi\lib\thumb\v6-m\nofp\libc_nano.a(libc_a-localeconv.o)
 .text.__localeconv_l
                0x08001be0        0x4 C:\Program Files\ARM GNU Toolchain\arm-none-eabi\lib\thumb\v6-m\nofp\libc_nano.a(libc_a-localeconv.o)
                0x08001be0                __localeconv_l
 .text._localeconv_r
                0x08001be4        0x8 C:\Program Files\ARM GNU Toolchain\arm-none-eabi\lib\thumb\v6-m\nofp\libc_nano.a(libc_a-localeconv.o)
                0x08001be4                _localeconv_r
 .text.localeconv
                0x08001bec        0x8 C:\Program Files\ARM GNU Toolchain\arm-none-eabi\lib\thumb\v6-m\nofp\libc_nano.a(libc_a-localeconv.o)
                0x08001bec                localeconv
 .text          0x08001bf4        0x0 C:\Program Files\ARM GNU Toolchain\arm-none-eabi\lib\thumb\v6-m\nofp\libc_nano.a(libc_a-impure.o)
 .text          0x08001bf4        0x0 C:\Program Files\ARM GNU Toolchain\arm-none-eabi\lib\thumb\v6-m\nofp\libc_nano.a(libc_a-lock.o)
 .text.__retarget_lock_init
                0x08001bf4        0x2 C:\Program Files\ARM GNU Toolchain\arm-none-eabi\lib\thumb\v6-m\nofp\libc_nano.a(libc_a-lock.o)
                0x08001bf4                __retarget_lock_init
 .text.__retarget_lock_init_recursive
                0x08001bf6        0x2 C:\Program Files\ARM GNU Toolchain\arm-none-eabi\lib\thumb\v6-m\nofp\libc_nano.a(libc_a-lock.o)
                0x08001bf6                __retarget_lock_init_recursive
 .text.__retarget_lock_close
                0x08001bf8        0x2 C:\Program Files\ARM GNU Toolchain\arm-none-eabi\lib\thumb\v6-m\nofp\libc_nano.a(libc_a-lock.o)
                0x08001bf8                __retarget_lock_close
 .text.__retarget_lock_close_recursive
                0x08001bfa        0x2 C:\Program Files\ARM GNU Toolchain\arm-none-eabi\lib\thumb\v6-m\nofp\libc_nano.a(libc_a-lock.o)
                0x08001bfa                __retarget_lock_close_recursive
 .text.__retarget_lock_acquire
                0x08001bfc        0x2 C:\Program Files\ARM GNU Toolchain\arm-none-eabi\lib\thumb\v6-m\nofp\libc_nano.a(libc_a-lock.o)
                0x08001bfc                __retarget_lock_acquire
 .text.__retarget_lock_acquire_recursive
                0x08001bfe        0x2 C:\Program Files\ARM GNU Toolchain\arm-none-eabi\lib\thumb\v6-m\nofp\libc_nano.a(libc_a-lock.o)
                0x08001bfe                __retarget_lock_acquire_recursive
 .text.__retarget_lock_try_acquire
                0x08001c00        0x4 C:\Program Files\ARM GNU Toolchain\arm-none-eabi\lib\thumb\v6-m\nofp\libc_nano.a(libc_a-lock.o)
                0x08001c00                __retarget_lock_try_acquire
 .text.__retarget_lock_try_acquire_recursive
                0x08001c04        0x4 C:\Program Files\ARM GNU Toolchain\arm-none-eabi\lib\thumb\v6-m\nofp\libc_nano.a(libc_a-lock.o)
                0x08001c04                __retarget_lock_try_acquire_recursive
 .text.__retarget_lock_release
                0x08001c08        0x2 C:\Program Files\ARM GNU Toolchain\arm-none-eabi\lib\thumb\v6-m\nofp\libc_nano.a(libc_a-lock.o)
                0x08001c08                __retarget_lock_release
 .text.__retarget_lock_release_recursive
                0x08001c0a        0x2 C:\Program Files\ARM GNU Toolchain\arm-none-eabi\lib\thumb\v6-m\nofp\libc_nano.a(libc_a-lock.o)
                0x08001c0a                __retarget_lock_release_recursive
 .text          0x08001c0c        0x0 C:\Program Files\ARM GNU Toolchain\arm-none-eabi\lib\thumb\v6-m\nofp\libc_nano.a(libc_a-memchr-stub.o)
 .text.memchr   0x08001c0c       0x16 C:\Program Files\ARM GNU Toolchain\arm-none-eabi\lib\thumb\v6-m\nofp\libc_nano.a(libc_a-memchr-stub.o)
                0x08001c0c                memchr
 .text          0x08001c22        0xe C:\Program Files\ARM GNU Toolchain\arm-none-eabi\lib\thumb\v6-m\nofp\libc_nano.a(libc_a-strlen.o)
                0x08001c22                strlen
 .text          0x08001c30        0x0 C:\Program Files\ARM GNU Toolchain\arm-none-eabi\lib\thumb\v6-m\nofp\libc_nano.a(libc_a-dtoa.o)
 .text.quorem   0x08001c30      0x11c C:\Program Files\ARM GNU Toolchain\arm-none-eabi\lib\thumb\v6-m\nofp\libc_nano.a(libc_a-dtoa.o)
 .text._dtoa_r  0x08001d4c      0xbc4 C:\Program Files\ARM GNU Toolchain\arm-none-eabi\lib\thumb\v6-m\nofp\libc_nano.a(libc_a-dtoa.o)
                0x08001d4c                _dtoa_r
 .text          0x08002910        0x0 C:\Program Files\ARM GNU Toolchain\arm-none-eabi\lib\thumb\v6-m\nofp\libc_nano.a(libc_a-freer.o)
 .text._free_r  0x08002910       0x94 C:\Program Files\ARM GNU Toolchain\arm-none-eabi\lib\thumb\v6-m\nofp\libc_nano.a(libc_a-freer.o)
                0x08002910                _free_r
 .text          0x080029a4        0x0 C:\Program Files\ARM GNU Toolchain\arm-none-eabi\lib\thumb\v6-m\nofp\libc_nano.a(libc_a-malloc.o)
 .text.malloc   0x080029a4       0x14 C:\Program Files\ARM GNU Toolchain\arm-none-eabi\lib\thumb\v6-m\nofp\libc_nano.a(libc_a-malloc.o)
                0x080029a4                malloc
 .text.free     0x080029b8       0x14 C:\Program Files\ARM GNU Toolchain\arm-none-eabi\lib\thumb\v6-m\nofp\libc_nano.a(libc_a-malloc.o)
                0x080029b8                free
 .text          0x080029cc        0x0 C:\Program Files\ARM GNU Toolchain\arm-none-eabi\lib\thumb\v6-m\nofp\libc_nano.a(libc_a-mallocr.o)
 .text.sbrk_aligned
                0x080029cc       0x44 C:\Program Files\ARM GNU Toolchain\arm-none-eabi\lib\thumb\v6-m\nofp\libc_nano.a(libc_a-mallocr.o)
 .text._malloc_r
                0x08002a10      0x100 C:\Program Files\ARM GNU Toolchain\arm-none-eabi\lib\thumb\v6-m\nofp\libc_nano.a(libc_a-mallocr.o)
                0x08002a10                _malloc_r
 .text          0x08002b10        0x0 C:\Program Files\ARM GNU Toolchain\arm-none-eabi\lib\thumb\v6-m\nofp\libc_nano.a(libc_a-mlock.o)
 .text.__malloc_lock
                0x08002b10       0x10 C:\Program Files\ARM GNU Toolchain\arm-none-eabi\lib\thumb\v6-m\nofp\libc_nano.a(libc_a-mlock.o)
                0x08002b10                __malloc_lock
 .text.__malloc_unlock
                0x08002b20       0x10 C:\Program Files\ARM GNU Toolchain\arm-none-eabi\lib\thumb\v6-m\nofp\libc_nano.a(libc_a-mlock.o)
                0x08002b20                __malloc_unlock
 .text          0x08002b30        0x0 C:\Program Files\ARM GNU Toolchain\arm-none-eabi\lib\thumb\v6-m\nofp\libc_nano.a(libc_a-mprec.o)
 .text._Balloc  0x08002b30       0x84 C:\Program Files\ARM GNU Toolchain\arm-none-eabi\lib\thumb\v6-m\nofp\libc_nano.a(libc_a-mprec.o)
                0x08002b30                _Balloc
 .text._Bfree   0x08002bb4       0x4c C:\Program Files\ARM GNU Toolchain\arm-none-eabi\lib\thumb\v6-m\nofp\libc_nano.a(libc_a-mprec.o)
                0x08002bb4                _Bfree
 .text.__multadd
                0x08002c00       0x88 C:\Program Files\ARM GNU Toolchain\arm-none-eabi\lib\thumb\v6-m\nofp\libc_nano.a(libc_a-mprec.o)
                0x08002c00                __multadd
 .text.__s2b    0x08002c88       0x98 C:\Program Files\ARM GNU Toolchain\arm-none-eabi\lib\thumb\v6-m\nofp\libc_nano.a(libc_a-mprec.o)
                0x08002c88                __s2b
 .text.__hi0bits
                0x08002d20       0x42 C:\Program Files\ARM GNU Toolchain\arm-none-eabi\lib\thumb\v6-m\nofp\libc_nano.a(libc_a-mprec.o)
                0x08002d20                __hi0bits
 .text.__lo0bits
                0x08002d62       0x60 C:\Program Files\ARM GNU Toolchain\arm-none-eabi\lib\thumb\v6-m\nofp\libc_nano.a(libc_a-mprec.o)
                0x08002d62                __lo0bits
 *fill*         0x08002dc2        0x2 
 .text.__i2b    0x08002dc4       0x2c C:\Program Files\ARM GNU Toolchain\arm-none-eabi\lib\thumb\v6-m\nofp\libc_nano.a(libc_a-mprec.o)
                0x08002dc4                __i2b
 .text.__multiply
                0x08002df0      0x174 C:\Program Files\ARM GNU Toolchain\arm-none-eabi\lib\thumb\v6-m\nofp\libc_nano.a(libc_a-mprec.o)
                0x08002df0                __multiply
 .text.__pow5mult
                0x08002f64       0xc4 C:\Program Files\ARM GNU Toolchain\arm-none-eabi\lib\thumb\v6-m\nofp\libc_nano.a(libc_a-mprec.o)
                0x08002f64                __pow5mult
 .text.__lshift
                0x08003028       0xd8 C:\Program Files\ARM GNU Toolchain\arm-none-eabi\lib\thumb\v6-m\nofp\libc_nano.a(libc_a-mprec.o)
                0x08003028                __lshift
 .text.__mcmp   0x08003100       0x34 C:\Program Files\ARM GNU Toolchain\arm-none-eabi\lib\thumb\v6-m\nofp\libc_nano.a(libc_a-mprec.o)
                0x08003100                __mcmp
 .text.__mdiff  0x08003134      0x144 C:\Program Files\ARM GNU Toolchain\arm-none-eabi\lib\thumb\v6-m\nofp\libc_nano.a(libc_a-mprec.o)
                0x08003134                __mdiff
 .text.__ulp    0x08003278       0x40 C:\Program Files\ARM GNU Toolchain\arm-none-eabi\lib\thumb\v6-m\nofp\libc_nano.a(libc_a-mprec.o)
                0x08003278                __ulp
 .text.__b2d    0x080032b8       0x98 C:\Program Files\ARM GNU Toolchain\arm-none-eabi\lib\thumb\v6-m\nofp\libc_nano.a(libc_a-mprec.o)
                0x080032b8                __b2d
 .text.__d2b    0x08003350       0xc0 C:\Program Files\ARM GNU Toolchain\arm-none-eabi\lib\thumb\v6-m\nofp\libc_nano.a(libc_a-mprec.o)
                0x08003350                __d2b
 .text.__ratio  0x08003410       0x52 C:\Program Files\ARM GNU Toolchain\arm-none-eabi\lib\thumb\v6-m\nofp\libc_nano.a(libc_a-mprec.o)
                0x08003410                __ratio
 *fill*         0x08003462        0x2 
 .text._mprec_log10
                0x08003464       0x34 C:\Program Files\ARM GNU Toolchain\arm-none-eabi\lib\thumb\v6-m\nofp\libc_nano.a(libc_a-mprec.o)
                0x08003464                _mprec_log10
 .text.__copybits
                0x08003498       0x42 C:\Program Files\ARM GNU Toolchain\arm-none-eabi\lib\thumb\v6-m\nofp\libc_nano.a(libc_a-mprec.o)
                0x08003498                __copybits
 .text.__any_on
                0x080034da       0x46 C:\Program Files\ARM GNU Toolchain\arm-none-eabi\lib\thumb\v6-m\nofp\libc_nano.a(libc_a-mprec.o)
                0x080034da                __any_on
 .text          0x08003520        0x0 C:\Program Files\ARM GNU Toolchain\arm-none-eabi\lib\thumb\v6-m\nofp\libc_nano.a(libc_a-nano-vfprintf.o)
 .text.__sfputc_r
                0x08003520       0x2a C:\Program Files\ARM GNU Toolchain\arm-none-eabi\lib\thumb\v6-m\nofp\libc_nano.a(libc_a-nano-vfprintf.o)
 .text.__sfputs_r
                0x0800354a       0x24 C:\Program Files\ARM GNU Toolchain\arm-none-eabi\lib\thumb\v6-m\nofp\libc_nano.a(libc_a-nano-vfprintf.o)
                0x0800354a                __sfputs_r
 .text.__sprint_r
                0x0800356e       0x20 C:\Program Files\ARM GNU Toolchain\arm-none-eabi\lib\thumb\v6-m\nofp\libc_nano.a(libc_a-nano-vfprintf.o)
                0x0800356e                __sprint_r
 *fill*         0x0800358e        0x2 
 .text._vfprintf_r
                0x08003590      0x224 C:\Program Files\ARM GNU Toolchain\arm-none-eabi\lib\thumb\v6-m\nofp\libc_nano.a(libc_a-nano-vfprintf.o)
                0x08003590                _vfprintf_r
                0x08003590                _vfiprintf_r
 .text.vfprintf
                0x080037b4       0x18 C:\Program Files\ARM GNU Toolchain\arm-none-eabi\lib\thumb\v6-m\nofp\libc_nano.a(libc_a-nano-vfprintf.o)
                0x080037b4                vfprintf
                0x080037b4                vfiprintf
 .text          0x080037cc        0x0 C:\Program Files\ARM GNU Toolchain\arm-none-eabi\lib\thumb\v6-m\nofp\libc_nano.a(libc_a-fflush.o)
 .text.__sflush_r
                0x080037cc      0x10c C:\Program Files\ARM GNU Toolchain\arm-none-eabi\lib\thumb\v6-m\nofp\libc_nano.a(libc_a-fflush.o)
                0x080037cc                __sflush_r
 .text._fflush_r
                0x080038d8       0x56 C:\Program Files\ARM GNU Toolchain\arm-none-eabi\lib\thumb\v6-m\nofp\libc_nano.a(libc_a-fflush.o)
                0x080038d8                _fflush_r
 *fill*         0x0800392e        0x2 
 .text.fflush   0x08003930       0x30 C:\Program Files\ARM GNU Toolchain\arm-none-eabi\lib\thumb\v6-m\nofp\libc_nano.a(libc_a-fflush.o)
                0x08003930                fflush
 .text          0x08003960        0x0 C:\Program Files\ARM GNU Toolchain\arm-none-eabi\lib\thumb\v6-m\nofp\libc_nano.a(libc_a-findfp.o)
 .text.std      0x08003960       0x6c C:\Program Files\ARM GNU Toolchain\arm-none-eabi\lib\thumb\v6-m\nofp\libc_nano.a(libc_a-findfp.o)
 .text.stdio_exit_handler
                0x080039cc       0x1c C:\Program Files\ARM GNU Toolchain\arm-none-eabi\lib\thumb\v6-m\nofp\libc_nano.a(libc_a-findfp.o)
 .text.cleanup_stdio
                0x080039e8       0x3c C:\Program Files\ARM GNU Toolchain\arm-none-eabi\lib\thumb\v6-m\nofp\libc_nano.a(libc_a-findfp.o)
 .text.__fp_lock
                0x08003a24       0x18 C:\Program Files\ARM GNU Toolchain\arm-none-eabi\lib\thumb\v6-m\nofp\libc_nano.a(libc_a-findfp.o)
 .text.__fp_unlock
                0x08003a3c       0x18 C:\Program Files\ARM GNU Toolchain\arm-none-eabi\lib\thumb\v6-m\nofp\libc_nano.a(libc_a-findfp.o)
 .text.global_stdio_init.part.0
                0x08003a54       0x3c C:\Program Files\ARM GNU Toolchain\arm-none-eabi\lib\thumb\v6-m\nofp\libc_nano.a(libc_a-findfp.o)
 .text.__sfp_lock_acquire
                0x08003a90       0x10 C:\Program Files\ARM GNU Toolchain\arm-none-eabi\lib\thumb\v6-m\nofp\libc_nano.a(libc_a-findfp.o)
                0x08003a90                __sfp_lock_acquire
 .text.__sfp_lock_release
                0x08003aa0       0x10 C:\Program Files\ARM GNU Toolchain\arm-none-eabi\lib\thumb\v6-m\nofp\libc_nano.a(libc_a-findfp.o)
                0x08003aa0                __sfp_lock_release
 .text.__sfp    0x08003ab0       0xac C:\Program Files\ARM GNU Toolchain\arm-none-eabi\lib\thumb\v6-m\nofp\libc_nano.a(libc_a-findfp.o)
                0x08003ab0                __sfp
 .text.__sinit  0x08003b5c       0x30 C:\Program Files\ARM GNU Toolchain\arm-none-eabi\lib\thumb\v6-m\nofp\libc_nano.a(libc_a-findfp.o)
                0x08003b5c                __sinit
 .text.__fp_lock_all
                0x08003b8c       0x1c C:\Program Files\ARM GNU Toolchain\arm-none-eabi\lib\thumb\v6-m\nofp\libc_nano.a(libc_a-findfp.o)
                0x08003b8c                __fp_lock_all
 .text.__fp_unlock_all
                0x08003ba8       0x1c C:\Program Files\ARM GNU Toolchain\arm-none-eabi\lib\thumb\v6-m\nofp\libc_nano.a(libc_a-findfp.o)
                0x08003ba8                __fp_unlock_all
 .text          0x08003bc4        0x0 C:\Program Files\ARM GNU Toolchain\arm-none-eabi\lib\thumb\v6-m\nofp\libc_nano.a(libc_a-fvwrite.o)
 .text.__sfvwrite_r
                0x08003bc4      0x2c0 C:\Program Files\ARM GNU Toolchain\arm-none-eabi\lib\thumb\v6-m\nofp\libc_nano.a(libc_a-fvwrite.o)
                0x08003bc4                __sfvwrite_r
 .text          0x08003e84        0x0 C:\Program Files\ARM GNU Toolchain\arm-none-eabi\lib\thumb\v6-m\nofp\libc_nano.a(libc_a-fwalk.o)
 .text._fwalk_sglue
                0x08003e84       0x38 C:\Program Files\ARM GNU Toolchain\arm-none-eabi\lib\thumb\v6-m\nofp\libc_nano.a(libc_a-fwalk.o)
                0x08003e84                _fwalk_sglue
 .text          0x08003ebc        0x0 C:\Program Files\ARM GNU Toolchain\arm-none-eabi\lib\thumb\v6-m\nofp\libc_nano.a(libc_a-makebuf.o)
 .text.__swhatbuf_r
                0x08003ebc       0x54 C:\Program Files\ARM GNU Toolchain\arm-none-eabi\lib\thumb\v6-m\nofp\libc_nano.a(libc_a-makebuf.o)
                0x08003ebc                __swhatbuf_r
 .text.__smakebuf_r
                0x08003f10       0x72 C:\Program Files\ARM GNU Toolchain\arm-none-eabi\lib\thumb\v6-m\nofp\libc_nano.a(libc_a-makebuf.o)
                0x08003f10                __smakebuf_r
 .text          0x08003f82        0x0 C:\Program Files\ARM GNU Toolchain\arm-none-eabi\lib\thumb\v6-m\nofp\libc_nano.a(libc_a-putc.o)
 .text._putc_r  0x08003f82       0x6c C:\Program Files\ARM GNU Toolchain\arm-none-eabi\lib\thumb\v6-m\nofp\libc_nano.a(libc_a-putc.o)
                0x08003f82                _putc_r
 *fill*         0x08003fee        0x2 
 .text.putc     0x08003ff0       0x14 C:\Program Files\ARM GNU Toolchain\arm-none-eabi\lib\thumb\v6-m\nofp\libc_nano.a(libc_a-putc.o)
                0x08003ff0                putc
 .text          0x08004004        0x0 C:\Program Files\ARM GNU Toolchain\arm-none-eabi\lib\thumb\v6-m\nofp\libc_nano.a(libc_a-stdio.o)
 .text.__sread  0x08004004       0x28 C:\Program Files\ARM GNU Toolchain\arm-none-eabi\lib\thumb\v6-m\nofp\libc_nano.a(libc_a-stdio.o)
                0x08004004                __sread
 .text.__seofread
                0x0800402c        0x4 C:\Program Files\ARM GNU Toolchain\arm-none-eabi\lib\thumb\v6-m\nofp\libc_nano.a(libc_a-stdio.o)
                0x0800402c                __seofread
 .text.__swrite
                0x08004030       0x38 C:\Program Files\ARM GNU Toolchain\arm-none-eabi\lib\thumb\v6-m\nofp\libc_nano.a(libc_a-stdio.o)
                0x08004030                __swrite
 .text.__sseek  0x08004068       0x2c C:\Program Files\ARM GNU Toolchain\arm-none-eabi\lib\thumb\v6-m\nofp\libc_nano.a(libc_a-stdio.o)
                0x08004068                __sseek
 .text.__sclose
                0x08004094        0xc C:\Program Files\ARM GNU Toolchain\arm-none-eabi\lib\thumb\v6-m\nofp\libc_nano.a(libc_a-stdio.o)
                0x08004094                __sclose
 .text          0x080040a0        0x0 C:\Program Files\ARM GNU Toolchain\arm-none-eabi\lib\thumb\v6-m\nofp\libc_nano.a(libc_a-memmove.o)
 .text.memmove  0x080040a0       0x26 C:\Program Files\ARM GNU Toolchain\arm-none-eabi\lib\thumb\v6-m\nofp\libc_nano.a(libc_a-memmove.o)
                0x080040a0                memmove
 .text          0x080040c6        0x0 C:\Program Files\ARM GNU Toolchain\arm-none-eabi\lib\thumb\v6-m\nofp\libc_nano.a(libc_a-locale.o)
 *fill*         0x080040c6        0x2 
 .text._setlocale_r
                0x080040c8       0x40 C:\Program Files\ARM GNU Toolchain\arm-none-eabi\lib\thumb\v6-m\nofp\libc_nano.a(libc_a-locale.o)
                0x080040c8                _setlocale_r
 .text.__locale_mb_cur_max
                0x08004108       0x10 C:\Program Files\ARM GNU Toolchain\arm-none-eabi\lib\thumb\v6-m\nofp\libc_nano.a(libc_a-locale.o)
                0x08004108                __locale_mb_cur_max
 .text.setlocale
                0x08004118       0x14 C:\Program Files\ARM GNU Toolchain\arm-none-eabi\lib\thumb\v6-m\nofp\libc_nano.a(libc_a-locale.o)
                0x08004118                setlocale
 .text          0x0800412c        0x0 C:\Program Files\ARM GNU Toolchain\arm-none-eabi\lib\thumb\v6-m\nofp\libc_nano.a(libc_a-closer.o)
 .text._close_r
                0x0800412c       0x24 C:\Program Files\ARM GNU Toolchain\arm-none-eabi\lib\thumb\v6-m\nofp\libc_nano.a(libc_a-closer.o)
                0x0800412c                _close_r
 .text          0x08004150        0x0 C:\Program Files\ARM GNU Toolchain\arm-none-eabi\lib\thumb\v6-m\nofp\libc_nano.a(libc_a-fstatr.o)
 .text._fstat_r
                0x08004150       0x24 C:\Program Files\ARM GNU Toolchain\arm-none-eabi\lib\thumb\v6-m\nofp\libc_nano.a(libc_a-fstatr.o)
                0x08004150                _fstat_r
 .text          0x08004174        0x0 C:\Program Files\ARM GNU Toolchain\arm-none-eabi\lib\thumb\v6-m\nofp\libc_nano.a(libc_a-isattyr.o)
 .text._isatty_r
                0x08004174       0x24 C:\Program Files\ARM GNU Toolchain\arm-none-eabi\lib\thumb\v6-m\nofp\libc_nano.a(libc_a-isattyr.o)
                0x08004174                _isatty_r
 .text          0x08004198        0x0 C:\Program Files\ARM GNU Toolchain\arm-none-eabi\lib\thumb\v6-m\nofp\libc_nano.a(libc_a-lseekr.o)
 .text._lseek_r
                0x08004198       0x28 C:\Program Files\ARM GNU Toolchain\arm-none-eabi\lib\thumb\v6-m\nofp\libc_nano.a(libc_a-lseekr.o)
                0x08004198                _lseek_r
 .text          0x080041c0        0x0 C:\Program Files\ARM GNU Toolchain\arm-none-eabi\lib\thumb\v6-m\nofp\libc_nano.a(libc_a-readr.o)
 .text._read_r  0x080041c0       0x28 C:\Program Files\ARM GNU Toolchain\arm-none-eabi\lib\thumb\v6-m\nofp\libc_nano.a(libc_a-readr.o)
                0x080041c0                _read_r
 .text          0x080041e8        0x0 C:\Program Files\ARM GNU Toolchain\arm-none-eabi\lib\thumb\v6-m\nofp\libc_nano.a(libc_a-sbrkr.o)
 .text._sbrk_r  0x080041e8       0x24 C:\Program Files\ARM GNU Toolchain\arm-none-eabi\lib\thumb\v6-m\nofp\libc_nano.a(libc_a-sbrkr.o)
                0x080041e8                _sbrk_r
 .text          0x0800420c        0x0 C:\Program Files\ARM GNU Toolchain\arm-none-eabi\lib\thumb\v6-m\nofp\libc_nano.a(libc_a-writer.o)
 .text._write_r
                0x0800420c       0x28 C:\Program Files\ARM GNU Toolchain\arm-none-eabi\lib\thumb\v6-m\nofp\libc_nano.a(libc_a-writer.o)
                0x0800420c                _write_r
 .text          0x08004234       0x14 C:\Program Files\ARM GNU Toolchain\arm-none-eabi\lib\thumb\v6-m\nofp\libc_nano.a(libc_a-strcmp.o)
                0x08004234                strcmp
 .text          0x08004248        0x0 C:\Program Files\ARM GNU Toolchain\arm-none-eabi\lib\thumb\v6-m\nofp\libc_nano.a(libc_a-memcpy-stub.o)
 .text.memcpy   0x08004248       0x12 C:\Program Files\ARM GNU Toolchain\arm-none-eabi\lib\thumb\v6-m\nofp\libc_nano.a(libc_a-memcpy-stub.o)
                0x08004248                memcpy
 .text          0x0800425a        0x0 C:\Program Files\ARM GNU Toolchain\arm-none-eabi\lib\thumb\v6-m\nofp\libc_nano.a(libc_a-assert.o)
 *fill*         0x0800425a        0x2 
 .text.__assert_func
                0x0800425c       0x3c C:\Program Files\ARM GNU Toolchain\arm-none-eabi\lib\thumb\v6-m\nofp\libc_nano.a(libc_a-assert.o)
                0x0800425c                __assert_func
 .text.__assert
                0x08004298        0xa C:\Program Files\ARM GNU Toolchain\arm-none-eabi\lib\thumb\v6-m\nofp\libc_nano.a(libc_a-assert.o)
                0x08004298                __assert
 .text          0x080042a2        0x0 C:\Program Files\ARM GNU Toolchain\arm-none-eabi\lib\thumb\v6-m\nofp\libc_nano.a(libc_a-callocr.o)
 .text._calloc_r
                0x080042a2       0x5a C:\Program Files\ARM GNU Toolchain\arm-none-eabi\lib\thumb\v6-m\nofp\libc_nano.a(libc_a-callocr.o)
                0x080042a2                _calloc_r
 .text          0x080042fc        0x0 C:\Program Files\ARM GNU Toolchain\arm-none-eabi\lib\thumb\v6-m\nofp\libc_nano.a(libc_a-mbtowc_r.o)
 .text._mbtowc_r
                0x080042fc       0x14 C:\Program Files\ARM GNU Toolchain\arm-none-eabi\lib\thumb\v6-m\nofp\libc_nano.a(libc_a-mbtowc_r.o)
                0x080042fc                _mbtowc_r
 .text.__ascii_mbtowc
                0x08004310       0x24 C:\Program Files\ARM GNU Toolchain\arm-none-eabi\lib\thumb\v6-m\nofp\libc_nano.a(libc_a-mbtowc_r.o)
                0x08004310                __ascii_mbtowc
 .text          0x08004334        0x0 C:\Program Files\ARM GNU Toolchain\arm-none-eabi\lib\thumb\v6-m\nofp\libc_nano.a(libc_a-reallocr.o)
 .text._realloc_r
                0x08004334       0x60 C:\Program Files\ARM GNU Toolchain\arm-none-eabi\lib\thumb\v6-m\nofp\libc_nano.a(libc_a-reallocr.o)
                0x08004334                _realloc_r
 .text          0x08004394        0x0 C:\Program Files\ARM GNU Toolchain\arm-none-eabi\lib\thumb\v6-m\nofp\libc_nano.a(libc_a-wctomb_r.o)
 .text._wctomb_r
                0x08004394       0x10 C:\Program Files\ARM GNU Toolchain\arm-none-eabi\lib\thumb\v6-m\nofp\libc_nano.a(libc_a-wctomb_r.o)
                0x08004394                _wctomb_r
 .text.__ascii_wctomb
                0x080043a4       0x18 C:\Program Files\ARM GNU Toolchain\arm-none-eabi\lib\thumb\v6-m\nofp\libc_nano.a(libc_a-wctomb_r.o)
                0x080043a4                __ascii_wctomb
 .text          0x080043bc        0x0 C:\Program Files\ARM GNU Toolchain\arm-none-eabi\lib\thumb\v6-m\nofp\libc_nano.a(libc_a-ctype_.o)
 .text          0x080043bc        0x0 C:\Program Files\ARM GNU Toolchain\arm-none-eabi\lib\thumb\v6-m\nofp\libc_nano.a(libc_a-fprintf.o)
 .text._fprintf_r
                0x080043bc       0x16 C:\Program Files\ARM GNU Toolchain\arm-none-eabi\lib\thumb\v6-m\nofp\libc_nano.a(libc_a-fprintf.o)
                0x080043bc                _fiprintf_r
                0x080043bc                _fprintf_r
 *fill*         0x080043d2        0x2 
 .text.fprintf  0x080043d4       0x20 C:\Program Files\ARM GNU Toolchain\arm-none-eabi\lib\thumb\v6-m\nofp\libc_nano.a(libc_a-fprintf.o)
                0x080043d4                fiprintf
                0x080043d4                fprintf
 .text          0x080043f4        0x0 C:\Program Files\ARM GNU Toolchain\arm-none-eabi\lib\thumb\v6-m\nofp\libc_nano.a(libc_a-abort.o)
 .text.abort    0x080043f4        0xe C:\Program Files\ARM GNU Toolchain\arm-none-eabi\lib\thumb\v6-m\nofp\libc_nano.a(libc_a-abort.o)
                0x080043f4                abort
 .text          0x08004402        0x0 C:\Program Files\ARM GNU Toolchain\arm-none-eabi\lib\thumb\v6-m\nofp\libc_nano.a(libc_a-msizer.o)
 .text._malloc_usable_size_r
                0x08004402       0x10 C:\Program Files\ARM GNU Toolchain\arm-none-eabi\lib\thumb\v6-m\nofp\libc_nano.a(libc_a-msizer.o)
                0x08004402                _malloc_usable_size_r
 .text          0x08004412        0x0 C:\Program Files\ARM GNU Toolchain\arm-none-eabi\lib\thumb\v6-m\nofp\libc_nano.a(libc_a-signal.o)
 .text._init_signal_r
                0x08004412       0x2a C:\Program Files\ARM GNU Toolchain\arm-none-eabi\lib\thumb\v6-m\nofp\libc_nano.a(libc_a-signal.o)
                0x08004412                _init_signal_r
 .text._signal_r
                0x0800443c       0x30 C:\Program Files\ARM GNU Toolchain\arm-none-eabi\lib\thumb\v6-m\nofp\libc_nano.a(libc_a-signal.o)
                0x0800443c                _signal_r
 .text._raise_r
                0x0800446c       0x52 C:\Program Files\ARM GNU Toolchain\arm-none-eabi\lib\thumb\v6-m\nofp\libc_nano.a(libc_a-signal.o)
                0x0800446c                _raise_r
 .text.__sigtramp_r
                0x080044be       0x46 C:\Program Files\ARM GNU Toolchain\arm-none-eabi\lib\thumb\v6-m\nofp\libc_nano.a(libc_a-signal.o)
                0x080044be                __sigtramp_r
 .text.raise    0x08004504       0x14 C:\Program Files\ARM GNU Toolchain\arm-none-eabi\lib\thumb\v6-m\nofp\libc_nano.a(libc_a-signal.o)
                0x08004504                raise
 .text.signal   0x08004518       0x14 C:\Program Files\ARM GNU Toolchain\arm-none-eabi\lib\thumb\v6-m\nofp\libc_nano.a(libc_a-signal.o)
                0x08004518                signal
 .text._init_signal
                0x0800452c       0x10 C:\Program Files\ARM GNU Toolchain\arm-none-eabi\lib\thumb\v6-m\nofp\libc_nano.a(libc_a-signal.o)
                0x0800452c                _init_signal
 .text.__sigtramp
                0x0800453c       0x14 C:\Program Files\ARM GNU Toolchain\arm-none-eabi\lib\thumb\v6-m\nofp\libc_nano.a(libc_a-signal.o)
                0x0800453c                __sigtramp
 .text          0x08004550        0x0 C:\Program Files\ARM GNU Toolchain\arm-none-eabi\lib\thumb\v6-m\nofp\libc_nano.a(libc_a-signalr.o)
 .text._kill_r  0x08004550       0x24 C:\Program Files\ARM GNU Toolchain\arm-none-eabi\lib\thumb\v6-m\nofp\libc_nano.a(libc_a-signalr.o)
                0x08004550                _kill_r
 .text._getpid_r
                0x08004574        0x8 C:\Program Files\ARM GNU Toolchain\arm-none-eabi\lib\thumb\v6-m\nofp\libc_nano.a(libc_a-signalr.o)
                0x08004574                _getpid_r
 .text          0x0800457c       0x14 C:\Program Files\ARM GNU Toolchain\lib\gcc\arm-none-eabi\15.2.1\thumb\v6-m\nofp\libgcc.a(_thumb1_case_uqi.o)
                0x0800457c                __gnu_thumb1_case_uqi
 .text          0x08004590       0x14 C:\Program Files\ARM GNU Toolchain\lib\gcc\arm-none-eabi\15.2.1\thumb\v6-m\nofp\libgcc.a(_thumb1_case_shi.o)
                0x08004590                __gnu_thumb1_case_shi
 .text          0x080045a4      0x114 C:\Program Files\ARM GNU Toolchain\lib\gcc\arm-none-eabi\15.2.1\thumb\v6-m\nofp\libgcc.a(_udivsi3.o)
                0x080045a4                __aeabi_uidiv
                0x080045a4                __udivsi3
                0x080046b0                __aeabi_uidivmod
 .text          0x080046b8       0x7c C:\Program Files\ARM GNU Toolchain\lib\gcc\arm-none-eabi\15.2.1\thumb\v6-m\nofp\libgcc.a(_arm_cmpdf2.o)
                0x080046b8                __aeabi_cdrcmple
                0x080046c8                __aeabi_cdcmple
                0x080046c8                __aeabi_cdcmpeq
                0x080046d8                __aeabi_dcmpeq
                0x080046e4                __aeabi_dcmplt
                0x080046f8                __aeabi_dcmple
                0x0800470c                __aeabi_dcmpgt
                0x08004720                __aeabi_dcmpge
 .text          0x08004734        0x0 C:\Program Files\ARM GNU Toolchain\lib\gcc\arm-none-eabi\15.2.1\thumb\v6-m\nofp\libgcc.a(adddf3.o)
 .text.__aeabi_dadd
                0x08004734      0x828 C:\Program Files\ARM GNU Toolchain\lib\gcc\arm-none-eabi\15.2.1\thumb\v6-m\nofp\libgcc.a(adddf3.o)
                0x08004734                __aeabi_dadd
 .text          0x08004f5c        0x0 C:\Program Files\ARM GNU Toolchain\lib\gcc\arm-none-eabi\15.2.1\thumb\v6-m\nofp\libgcc.a(divdf3.o)
 .text.__aeabi_ddiv
                0x08004f5c      0x630 C:\Program Files\ARM GNU Toolchain\lib\gcc\arm-none-eabi\15.2.1\thumb\v6-m\nofp\libgcc.a(divdf3.o)
                0x08004f5c                __aeabi_ddiv
 .text          0x0800558c        0x0 C:\Program Files\ARM GNU Toolchain\lib\gcc\arm-none-eabi\15.2.1\thumb\v6-m\nofp\libgcc.a(eqdf2.o)
 .text.__eqdf2  0x0800558c       0x94 C:\Program Files\ARM GNU Toolchain\lib\gcc\arm-none-eabi\15.2.1\thumb\v6-m\nofp\libgcc.a(eqdf2.o)
                0x0800558c                __nedf2
                0x0800558c                __eqdf2
 .text          0x08005620        0x0 C:\Program Files\ARM GNU Toolchain\lib\gcc\arm-none-eabi\15.2.1\thumb\v6-m\nofp\libgcc.a(gedf2.o)
 .text.__gedf2  0x08005620       0xd4 C:\Program Files\ARM GNU Toolchain\lib\gcc\arm-none-eabi\15.2.1\thumb\v6-m\nofp\libgcc.a(gedf2.o)
                0x08005620                __gedf2
                0x08005620                __gtdf2
 .text          0x080056f4        0x0 C:\Program Files\ARM GNU Toolchain\lib\gcc\arm-none-eabi\15.2.1\thumb\v6-m\nofp\libgcc.a(ledf2.o)
 .text.__ledf2  0x080056f4       0xd4 C:\Program Files\ARM GNU Toolchain\lib\gcc\arm-none-eabi\15.2.1\thumb\v6-m\nofp\libgcc.a(ledf2.o)
                0x080056f4                __ledf2
                0x080056f4                __ltdf2
 .text          0x080057c8        0x0 C:\Program Files\ARM GNU Toolchain\lib\gcc\arm-none-eabi\15.2.1\thumb\v6-m\nofp\libgcc.a(muldf3.o)
 .text.__aeabi_dmul
                0x080057c8      0x570 C:\Program Files\ARM GNU Toolchain\lib\gcc\arm-none-eabi\15.2.1\thumb\v6-m\nofp\libgcc.a(muldf3.o)
                0x080057c8                __aeabi_dmul
 .text          0x08005d38        0x0 C:\Program Files\ARM GNU Toolchain\lib\gcc\arm-none-eabi\15.2.1\thumb\v6-m\nofp\libgcc.a(subdf3.o)
 .text.__aeabi_dsub
                0x08005d38      0x814 C:\Program Files\ARM GNU Toolchain\lib\gcc\arm-none-eabi\15.2.1\thumb\v6-m\nofp\libgcc.a(subdf3.o)
                0x08005d38                __aeabi_dsub
 .text          0x0800654c        0x0 C:\Program Files\ARM GNU Toolchain\lib\gcc\arm-none-eabi\15.2.1\thumb\v6-m\nofp\libgcc.a(unorddf2.o)
 .text.__aeabi_dcmpun
                0x0800654c       0x40 C:\Program Files\ARM GNU Toolchain\lib\gcc\arm-none-eabi\15.2.1\thumb\v6-m\nofp\libgcc.a(unorddf2.o)
                0x0800654c                __aeabi_dcmpun
 .text          0x0800658c        0x0 C:\Program Files\ARM GNU Toolchain\lib\gcc\arm-none-eabi\15.2.1\thumb\v6-m\nofp\libgcc.a(fixdfsi.o)
 .text.__aeabi_d2iz
                0x0800658c       0x70 C:\Program Files\ARM GNU Toolchain\lib\gcc\arm-none-eabi\15.2.1\thumb\v6-m\nofp\libgcc.a(fixdfsi.o)
                0x0800658c                __aeabi_d2iz
 .text          0x080065fc        0x0 C:\Program Files\ARM GNU Toolchain\lib\gcc\arm-none-eabi\15.2.1\thumb\v6-m\nofp\libgcc.a(floatsidf.o)
 .text.__aeabi_i2d
                0x080065fc       0x68 C:\Program Files\ARM GNU Toolchain\lib\gcc\arm-none-eabi\15.2.1\thumb\v6-m\nofp\libgcc.a(floatsidf.o)
                0x080065fc                __aeabi_i2d
 .text          0x08006664        0x0 C:\Program Files\ARM GNU Toolchain\lib\gcc\arm-none-eabi\15.2.1\thumb\v6-m\nofp\libgcc.a(floatunsidf.o)
 .text.__aeabi_ui2d
                0x08006664       0x48 C:\Program Files\ARM GNU Toolchain\lib\gcc\arm-none-eabi\15.2.1\thumb\v6-m\nofp\libgcc.a(floatunsidf.o)
                0x08006664                __aeabi_ui2d
 .text          0x080066ac       0x3c C:\Program Files\ARM GNU Toolchain\lib\gcc\arm-none-eabi\15.2.1\thumb\v6-m\nofp\libgcc.a(_clzsi2.o)
                0x080066ac                __clzsi2
 *(.rodata*)
 .rodata        0x080066e8       0xf4 main.o
 .rodata        0x080067dc       0x7c startup.o
 .rodata._printf_float.str1.1
                0x08006858      0x177 C:\Program Files\ARM GNU Toolchain\arm-none-eabi\lib\thumb\v6-m\nofp\libc_nano.a(libc_a-nano-vfprintf_float.o)
                                 0x12 (size before relaxing)
 .rodata._printf_i.str1.1
                0x080069cf        0x0 C:\Program Files\ARM GNU Toolchain\arm-none-eabi\lib\thumb\v6-m\nofp\libc_nano.a(libc_a-nano-vfprintf_i.o)
                                 0x22 (size before relaxing)
 .rodata._dtoa_r.str1.1
                0x080069cf        0x0 C:\Program Files\ARM GNU Toolchain\arm-none-eabi\lib\thumb\v6-m\nofp\libc_nano.a(libc_a-dtoa.o)
                                 0x92 (size before relaxing)
 .rodata._Balloc.str1.1
                0x080069cf        0x0 C:\Program Files\ARM GNU Toolchain\arm-none-eabi\lib\thumb\v6-m\nofp\libc_nano.a(libc_a-mprec.o)
                                 0x73 (size before relaxing)
 .rodata.__multadd.str1.1
                0x080069cf        0x0 C:\Program Files\ARM GNU Toolchain\arm-none-eabi\lib\thumb\v6-m\nofp\libc_nano.a(libc_a-mprec.o)
                                 0x11 (size before relaxing)
 *fill*         0x080069cf        0x1 
 .rodata.p05.0  0x080069d0        0xc C:\Program Files\ARM GNU Toolchain\arm-none-eabi\lib\thumb\v6-m\nofp\libc_nano.a(libc_a-mprec.o)
 *fill*         0x080069dc        0x4 
 .rodata.__mprec_tinytens
                0x080069e0       0x28 C:\Program Files\ARM GNU Toolchain\arm-none-eabi\lib\thumb\v6-m\nofp\libc_nano.a(libc_a-mprec.o)
                0x080069e0                __mprec_tinytens
 .rodata.__mprec_bigtens
                0x08006a08       0x28 C:\Program Files\ARM GNU Toolchain\arm-none-eabi\lib\thumb\v6-m\nofp\libc_nano.a(libc_a-mprec.o)
                0x08006a08                __mprec_bigtens
 .rodata.__mprec_tens
                0x08006a30       0xc8 C:\Program Files\ARM GNU Toolchain\arm-none-eabi\lib\thumb\v6-m\nofp\libc_nano.a(libc_a-mprec.o)
                0x08006a30                __mprec_tens
 .rodata._vfprintf_r.str1.1
                0x08006af8        0x0 C:\Program Files\ARM GNU Toolchain\arm-none-eabi\lib\thumb\v6-m\nofp\libc_nano.a(libc_a-nano-vfprintf.o)
                                 0x11 (size before relaxing)
 .rodata._setlocale_r.str1.1
                0x08006af8        0x0 C:\Program Files\ARM GNU Toolchain\arm-none-eabi\lib\thumb\v6-m\nofp\libc_nano.a(libc_a-locale.o)
                                  0x9 (size before relaxing)
 .rodata.str1.1
                0x08006af8        0x0 C:\Program Files\ARM GNU Toolchain\arm-none-eabi\lib\thumb\v6-m\nofp\libc_nano.a(libc_a-locale.o)
                                  0x2 (size before relaxing)
 .rodata.__assert_func.str1.1
                0x08006af8        0x0 C:\Program Files\ARM GNU Toolchain\arm-none-eabi\lib\thumb\v6-m\nofp\libc_nano.a(libc_a-assert.o)
                                 0x3d (size before relaxing)
 .rodata._ctype_
                0x08006af8      0x101 C:\Program Files\ARM GNU Toolchain\arm-none-eabi\lib\thumb\v6-m\nofp\libc_nano.a(libc_a-ctype_.o)
                0x08006af8                _ctype_
 *fill*         0x08006bf9        0x3 
 .rodata.__aeabi_ddiv
                0x08006bfc       0x40 C:\Program Files\ARM GNU Toolchain\lib\gcc\arm-none-eabi\15.2.1\thumb\v6-m\nofp\libgcc.a(divdf3.o)
                0x08006c3c                        . = ALIGN (0x4)
                0x08006c3c                        PROVIDE (__init_array_start = .)
 *(SORT_BY_NAME(.init_array.*))
 *(.init_array)
                0x08006c3c                        PROVIDE (__init_array_end = .)
                0x08006c3c                        . = ALIGN (0x4)
                0x08006c3c                        _etext = .

.glue_7         0x08006c3c        0x0
 .glue_7        0x08006c3c        0x0 linker stubs

.glue_7t        0x08006c3c        0x0
 .glue_7t       0x08006c3c        0x0 linker stubs

.vfp11_veneer   0x08006c3c        0x0
 .vfp11_veneer  0x08006c3c        0x0 linker stubs

.v4_bx          0x08006c3c        0x0
 .v4_bx         0x08006c3c        0x0 linker stubs

.iplt           0x08006c3c        0x0
 .iplt          0x08006c3c        0x0 main.o

.rel.dyn        0x08006c3c        0x0
 .rel.iplt      0x08006c3c        0x0 main.o

.data           0x20000000      0x1cc load address 0x08006c3c
                0x20000000                        . = ALIGN (0x4)
                0x20000000                        _data = .
 *(.data*)
 .data          0x20000000        0x0 main.o
 .data          0x20000000        0x0 startup.o
 .data          0x20000000        0x0 serial.o
 .data          0x20000000        0x4 newlib_stubs.o
                0x20000000                environ
 .data          0x20000004        0x0 C:\Program Files\ARM GNU Toolchain\arm-none-eabi\lib\thumb\v6-m\nofp\libnosys.a(errno.o)
 .data          0x20000004        0x0 C:\Program Files\ARM GNU Toolchain\lib\gcc\arm-none-eabi\15.2.1\thumb\v6-m\nofp\libgcc.a(_divsi3.o)
 .data          0x20000004        0x0 C:\Program Files\ARM GNU Toolchain\lib\gcc\arm-none-eabi\15.2.1\thumb\v6-m\nofp\libgcc.a(_dvmd_tls.o)
 .data          0x20000004        0x0 C:\Program Files\ARM GNU Toolchain\arm-none-eabi\lib\thumb\v6-m\nofp\libc_nano.a(libc_a-nano-vfprintf_float.o)
 .data          0x20000004        0x0 C:\Program Files\ARM GNU Toolchain\arm-none-eabi\lib\thumb\v6-m\nofp\libc_nano.a(libc_a-nano-vfprintf_i.o)
 .data          0x20000004        0x0 C:\Program Files\ARM GNU Toolchain\arm-none-eabi\lib\thumb\v6-m\nofp\libc_nano.a(libc_a-printf.o)
 .data          0x20000004        0x0 C:\Program Files\ARM GNU Toolchain\arm-none-eabi\lib\thumb\v6-m\nofp\libc_nano.a(libc_a-putchar.o)
 .data          0x20000004        0x0 C:\Program Files\ARM GNU Toolchain\arm-none-eabi\lib\thumb\v6-m\nofp\libc_nano.a(libc_a-puts.o)
 .data          0x20000004        0x0 C:\Program Files\ARM GNU Toolchain\arm-none-eabi\lib\thumb\v6-m\nofp\libc_nano.a(libc_a-wbuf.o)
 .data          0x20000004        0x0 C:\Program Files\ARM GNU Toolchain\arm-none-eabi\lib\thumb\v6-m\nofp\libc_nano.a(libc_a-wsetup.o)
 .data          0x20000004        0x0 C:\Program Files\ARM GNU Toolchain\arm-none-eabi\lib\thumb\v6-m\nofp\libc_nano.a(libc_a-memset.o)
 .data          0x20000004        0x0 C:\Program Files\ARM GNU Toolchain\arm-none-eabi\lib\thumb\v6-m\nofp\libc_nano.a(libc_a-localeconv.o)
 .data          0x20000004        0x0 C:\Program Files\ARM GNU Toolchain\arm-none-eabi\lib\thumb\v6-m\nofp\libc_nano.a(libc_a-impure.o)
 .data._impure_ptr
                0x20000004        0x4 C:\Program Files\ARM GNU Toolchain\arm-none-eabi\lib\thumb\v6-m\nofp\libc_nano.a(libc_a-impure.o)
                0x20000004                _impure_ptr
 .data._impure_data
                0x20000008       0x4c C:\Program Files\ARM GNU Toolchain\arm-none-eabi\lib\thumb\v6-m\nofp\libc_nano.a(libc_a-impure.o)
                0x20000008                _impure_data
 .data          0x20000054        0x0 C:\Program Files\ARM GNU Toolchain\arm-none-eabi\lib\thumb\v6-m\nofp\libc_nano.a(libc_a-lock.o)
 .data          0x20000054        0x0 C:\Program Files\ARM GNU Toolchain\arm-none-eabi\lib\thumb\v6-m\nofp\libc_nano.a(libc_a-memchr-stub.o)
 .data          0x20000054        0x0 C:\Program Files\ARM GNU Toolchain\arm-none-eabi\lib\thumb\v6-m\nofp\libc_nano.a(libc_a-strlen.o)
 .data          0x20000054        0x0 C:\Program Files\ARM GNU Toolchain\arm-none-eabi\lib\thumb\v6-m\nofp\libc_nano.a(libc_a-dtoa.o)
 .data          0x20000054        0x0 C:\Program Files\ARM GNU Toolchain\arm-none-eabi\lib\thumb\v6-m\nofp\libc_nano.a(libc_a-freer.o)
 .data          0x20000054        0x0 C:\Program Files\ARM GNU Toolchain\arm-none-eabi\lib\thumb\v6-m\nofp\libc_nano.a(libc_a-malloc.o)
 .data          0x20000054        0x0 C:\Program Files\ARM GNU Toolchain\arm-none-eabi\lib\thumb\v6-m\nofp\libc_nano.a(libc_a-mallocr.o)
 .data          0x20000054        0x0 C:\Program Files\ARM GNU Toolchain\arm-none-eabi\lib\thumb\v6-m\nofp\libc_nano.a(libc_a-mlock.o)
 .data          0x20000054        0x0 C:\Program Files\ARM GNU Toolchain\arm-none-eabi\lib\thumb\v6-m\nofp\libc_nano.a(libc_a-mprec.o)
 .data          0x20000054        0x0 C:\Program Files\ARM GNU Toolchain\arm-none-eabi\lib\thumb\v6-m\nofp\libc_nano.a(libc_a-nano-vfprintf.o)
 .data          0x20000054        0x0 C:\Program Files\ARM GNU Toolchain\arm-none-eabi\lib\thumb\v6-m\nofp\libc_nano.a(libc_a-fflush.o)
 .data          0x20000054        0x0 C:\Program Files\ARM GNU Toolchain\arm-none-eabi\lib\thumb\v6-m\nofp\libc_nano.a(libc_a-findfp.o)
 .data.__sglue  0x20000054        0xc C:\Program Files\ARM GNU Toolchain\arm-none-eabi\lib\thumb\v6-m\nofp\libc_nano.a(libc_a-findfp.o)
                0x20000054                __sglue
 .data          0x20000060        0x0 C:\Program Files\ARM GNU Toolchain\arm-none-eabi\lib\thumb\v6-m\nofp\libc_nano.a(libc_a-fvwrite.o)
 .data          0x20000060        0x0 C:\Program Files\ARM GNU Toolchain\arm-none-eabi\lib\thumb\v6-m\nofp\libc_nano.a(libc_a-fwalk.o)
 .data          0x20000060        0x0 C:\Program Files\ARM GNU Toolchain\arm-none-eabi\lib\thumb\v6-m\nofp\libc_nano.a(libc_a-makebuf.o)
 .data          0x20000060        0x0 C:\Program Files\ARM GNU Toolchain\arm-none-eabi\lib\thumb\v6-m\nofp\libc_nano.a(libc_a-putc.o)
 .data          0x20000060        0x0 C:\Program Files\ARM GNU Toolchain\arm-none-eabi\lib\thumb\v6-m\nofp\libc_nano.a(libc_a-stdio.o)
 .data          0x20000060        0x0 C:\Program Files\ARM GNU Toolchain\arm-none-eabi\lib\thumb\v6-m\nofp\libc_nano.a(libc_a-memmove.o)
 .data          0x20000060        0x0 C:\Program Files\ARM GNU Toolchain\arm-none-eabi\lib\thumb\v6-m\nofp\libc_nano.a(libc_a-locale.o)
 .data.__global_locale
                0x20000060      0x16c C:\Program Files\ARM GNU Toolchain\arm-none-eabi\lib\thumb\v6-m\nofp\libc_nano.a(libc_a-locale.o)
                0x20000060                __global_locale
 .data          0x200001cc        0x0 C:\Program Files\ARM GNU Toolchain\arm-none-eabi\lib\thumb\v6-m\nofp\libc_nano.a(libc_a-closer.o)
 .data          0x200001cc        0x0 C:\Program Files\ARM GNU Toolchain\arm-none-eabi\lib\thumb\v6-m\nofp\libc_nano.a(libc_a-fstatr.o)
 .data          0x200001cc        0x0 C:\Program Files\ARM GNU Toolchain\arm-none-eabi\lib\thumb\v6-m\nofp\libc_nano.a(libc_a-isattyr.o)
 .data          0x200001cc        0x0 C:\Program Files\ARM GNU Toolchain\arm-none-eabi\lib\thumb\v6-m\nofp\libc_nano.a(libc_a-lseekr.o)
 .data          0x200001cc        0x0 C:\Program Files\ARM GNU Toolchain\arm-none-eabi\lib\thumb\v6-m\nofp\libc_nano.a(libc_a-readr.o)
 .data          0x200001cc        0x0 C:\Program Files\ARM GNU Toolchain\arm-none-eabi\lib\thumb\v6-m\nofp\libc_nano.a(libc_a-sbrkr.o)
 .data          0x200001cc        0x0 C:\Program Files\ARM GNU Toolchain\arm-none-eabi\lib\thumb\v6-m\nofp\libc_nano.a(libc_a-writer.o)
 .data          0x200001cc        0x0 C:\Program Files\ARM GNU Toolchain\arm-none-eabi\lib\thumb\v6-m\nofp\libc_nano.a(libc_a-strcmp.o)
 .data          0x200001cc        0x0 C:\Program Files\ARM GNU Toolchain\arm-none-eabi\lib\thumb\v6-m\nofp\libc_nano.a(libc_a-memcpy-stub.o)
 .data          0x200001cc        0x0 C:\Program Files\ARM GNU Toolchain\arm-none-eabi\lib\thumb\v6-m\nofp\libc_nano.a(libc_a-assert.o)
 .data          0x200001cc        0x0 C:\Program Files\ARM GNU Toolchain\arm-none-eabi\lib\thumb\v6-m\nofp\libc_nano.a(libc_a-callocr.o)
 .data          0x200001cc        0x0 C:\Program Files\ARM GNU Toolchain\arm-none-eabi\lib\thumb\v6-m\nofp\libc_nano.a(libc_a-mbtowc_r.o)
 .data          0x200001cc        0x0 C:\Program Files\ARM GNU Toolchain\arm-none-eabi\lib\thumb\v6-m\nofp\libc_nano.a(libc_a-reallocr.o)
 .data          0x200001cc        0x0 C:\Program Files\ARM GNU Toolchain\arm-none-eabi\lib\thumb\v6-m\nofp\libc_nano.a(libc_a-wctomb_r.o)
 .data          0x200001cc        0x0 C:\Program Files\ARM GNU Toolchain\arm-none-eabi\lib\thumb\v6-m\nofp\libc_nano.a(libc_a-ctype_.o)
 .data          0x200001cc        0x0 C:\Program Files\ARM GNU Toolchain\arm-none-eabi\lib\thumb\v6-m\nofp\libc_nano.a(libc_a-fprintf.o)
 .data          0x200001cc        0x0 C:\Program Files\ARM GNU Toolchain\arm-none-eabi\lib\thumb\v6-m\nofp\libc_nano.a(libc_a-abort.o)
 .data          0x200001cc        0x0 C:\Program Files\ARM GNU Toolchain\arm-none-eabi\lib\thumb\v6-m\nofp\libc_nano.a(libc_a-msizer.o)
 .data          0x200001cc        0x0 C:\Program Files\ARM GNU Toolchain\arm-none-eabi\lib\thumb\v6-m\nofp\libc_nano.a(libc_a-signal.o)
 .data          0x200001cc        0x0 C:\Program Files\ARM GNU Toolchain\arm-none-eabi\lib\thumb\v6-m\nofp\libc_nano.a(libc_a-signalr.o)
 .data          0x200001cc        0x0 C:\Program Files\ARM GNU Toolchain\lib\gcc\arm-none-eabi\15.2.1\thumb\v6-m\nofp\libgcc.a(_thumb1_case_uqi.o)
 .data          0x200001cc        0x0 C:\Program Files\ARM GNU Toolchain\lib\gcc\arm-none-eabi\15.2.1\thumb\v6-m\nofp\libgcc.a(_thumb1_case_shi.o)
 .data          0x200001cc        0x0 C:\Program Files\ARM GNU Toolchain\lib\gcc\arm-none-eabi\15.2.1\thumb\v6-m\nofp\libgcc.a(_udivsi3.o)
 .data          0x200001cc        0x0 C:\Program Files\ARM GNU Toolchain\lib\gcc\arm-none-eabi\15.2.1\thumb\v6-m\nofp\libgcc.a(_arm_cmpdf2.o)
 .data          0x200001cc        0x0 C:\Program Files\ARM GNU Toolchain\lib\gcc\arm-none-eabi\15.2.1\thumb\v6-m\nofp\libgcc.a(adddf3.o)
 .data          0x200001cc        0x0 C:\Program Files\ARM GNU Toolchain\lib\gcc\arm-none-eabi\15.2.1\thumb\v6-m\nofp\libgcc.a(divdf3.o)
 .data          0x200001cc        0x0 C:\Program Files\ARM GNU Toolchain\lib\gcc\arm-none-eabi\15.2.1\thumb\v6-m\nofp\libgcc.a(eqdf2.o)
 .data          0x200001cc        0x0 C:\Program Files\ARM GNU Toolchain\lib\gcc\arm-none-eabi\15.2.1\thumb\v6-m\nofp\libgcc.a(gedf2.o)
 .data          0x200001cc        0x0 C:\Program Files\ARM GNU Toolchain\lib\gcc\arm-none-eabi\15.2.1\thumb\v6-m\nofp\libgcc.a(ledf2.o)
 .data          0x200001cc        0x0 C:\Program Files\ARM GNU Toolchain\lib\gcc\arm-none-eabi\15.2.1\thumb\v6-m\nofp\libgcc.a(muldf3.o)
 .data          0x200001cc        0x0 C:\Program Files\ARM GNU Toolchain\lib\gcc\arm-none-eabi\15.2.1\thumb\v6-m\nofp\libgcc.a(subdf3.o)
 .data          0x200001cc        0x0 C:\Program Files\ARM GNU Toolchain\lib\gcc\arm-none-eabi\15.2.1\thumb\v6-m\nofp\libgcc.a(unorddf2.o)
 .data          0x200001cc        0x0 C:\Program Files\ARM GNU Toolchain\lib\gcc\arm-none-eabi\15.2.1\thumb\v6-m\nofp\libgcc.a(fixdfsi.o)
 .data          0x200001cc        0x0 C:\Program Files\ARM GNU Toolchain\lib\gcc\arm-none-eabi\15.2.1\thumb\v6-m\nofp\libgcc.a(floatsidf.o)
 .data          0x200001cc        0x0 C:\Program Files\ARM GNU Toolchain\lib\gcc\arm-none-eabi\15.2.1\thumb\v6-m\nofp\libgcc.a(floatunsidf.o)
 .data          0x200001cc        0x0 C:\Program Files\ARM GNU Toolchain\lib\gcc\arm-none-eabi\15.2.1\thumb\v6-m\nofp\libgcc.a(_clzsi2.o)
                0x200001cc                        . = ALIGN (0x4)
                0x200001cc                        _edata = .

.igot.plt       0x200001cc        0x0 load address 0x08006e08
 .igot.plt      0x200001cc        0x0 main.o

.bss            0x200001cc      0x270 load address 0x08006e08
                0x200001cc                        _bss = .
 *(.bss*)
 .bss           0x200001cc       0x70 main.o
                0x200001cc                low_pulse
                0x20000204                high_gap
 .bss           0x2000023c        0x0 startup.o
 .bss           0x2000023c       0xa4 serial.o
                0x2000023c                ComRXBuffer
                0x20000288                ComTXBuffer
                0x200002d4                ComOpen
                0x200002d8                ComError
                0x200002dc                ComBusy
 .bss           0x200002e0        0x8 newlib_stubs.o
                0x200002e0                __env
 .bss           0x200002e8        0x0 C:\Program Files\ARM GNU Toolchain\arm-none-eabi\lib\thumb\v6-m\nofp\libnosys.a(errno.o)
 .bss.errno     0x200002e8        0x4 C:\Program Files\ARM GNU Toolchain\arm-none-eabi\lib\thumb\v6-m\nofp\libnosys.a(errno.o)
                0x200002e8                errno
 .bss           0x200002ec        0x0 C:\Program Files\ARM GNU Toolchain\lib\gcc\arm-none-eabi\15.2.1\thumb\v6-m\nofp\libgcc.a(_divsi3.o)
 .bss           0x200002ec        0x0 C:\Program Files\ARM GNU Toolchain\lib\gcc\arm-none-eabi\15.2.1\thumb\v6-m\nofp\libgcc.a(_dvmd_tls.o)
 .bss           0x200002ec        0x0 C:\Program Files\ARM GNU Toolchain\arm-none-eabi\lib\thumb\v6-m\nofp\libc_nano.a(libc_a-nano-vfprintf_float.o)
 .bss           0x200002ec        0x0 C:\Program Files\ARM GNU Toolchain\arm-none-eabi\lib\thumb\v6-m\nofp\libc_nano.a(libc_a-nano-vfprintf_i.o)
 .bss           0x200002ec        0x0 C:\Program Files\ARM GNU Toolchain\arm-none-eabi\lib\thumb\v6-m\nofp\libc_nano.a(libc_a-printf.o)
 .bss           0x200002ec        0x0 C:\Program Files\ARM GNU Toolchain\arm-none-eabi\lib\thumb\v6-m\nofp\libc_nano.a(libc_a-putchar.o)
 .bss           0x200002ec        0x0 C:\Program Files\ARM GNU Toolchain\arm-none-eabi\lib\thumb\v6-m\nofp\libc_nano.a(libc_a-puts.o)
 .bss           0x200002ec        0x0 C:\Program Files\ARM GNU Toolchain\arm-none-eabi\lib\thumb\v6-m\nofp\libc_nano.a(libc_a-wbuf.o)
 .bss           0x200002ec        0x0 C:\Program Files\ARM GNU Toolchain\arm-none-eabi\lib\thumb\v6-m\nofp\libc_nano.a(libc_a-wsetup.o)
 .bss           0x200002ec        0x0 C:\Program Files\ARM GNU Toolchain\arm-none-eabi\lib\thumb\v6-m\nofp\libc_nano.a(libc_a-memset.o)
 .bss           0x200002ec        0x0 C:\Program Files\ARM GNU Toolchain\arm-none-eabi\lib\thumb\v6-m\nofp\libc_nano.a(libc_a-localeconv.o)
 .bss           0x200002ec        0x0 C:\Program Files\ARM GNU Toolchain\arm-none-eabi\lib\thumb\v6-m\nofp\libc_nano.a(libc_a-impure.o)
 .bss           0x200002ec        0x0 C:\Program Files\ARM GNU Toolchain\arm-none-eabi\lib\thumb\v6-m\nofp\libc_nano.a(libc_a-lock.o)
 .bss.__lock___arc4random_mutex
                0x200002ec        0x1 C:\Program Files\ARM GNU Toolchain\arm-none-eabi\lib\thumb\v6-m\nofp\libc_nano.a(libc_a-lock.o)
                0x200002ec                __lock___arc4random_mutex
 .bss.__lock___dd_hash_mutex
                0x200002ed        0x1 C:\Program Files\ARM GNU Toolchain\arm-none-eabi\lib\thumb\v6-m\nofp\libc_nano.a(libc_a-lock.o)
                0x200002ed                __lock___dd_hash_mutex
 .bss.__lock___tz_mutex
                0x200002ee        0x1 C:\Program Files\ARM GNU Toolchain\arm-none-eabi\lib\thumb\v6-m\nofp\libc_nano.a(libc_a-lock.o)
                0x200002ee                __lock___tz_mutex
 .bss.__lock___env_recursive_mutex
                0x200002ef        0x1 C:\Program Files\ARM GNU Toolchain\arm-none-eabi\lib\thumb\v6-m\nofp\libc_nano.a(libc_a-lock.o)
                0x200002ef                __lock___env_recursive_mutex
 .bss.__lock___malloc_recursive_mutex
                0x200002f0        0x1 C:\Program Files\ARM GNU Toolchain\arm-none-eabi\lib\thumb\v6-m\nofp\libc_nano.a(libc_a-lock.o)
                0x200002f0                __lock___malloc_recursive_mutex
 .bss.__lock___at_quick_exit_mutex
                0x200002f1        0x1 C:\Program Files\ARM GNU Toolchain\arm-none-eabi\lib\thumb\v6-m\nofp\libc_nano.a(libc_a-lock.o)
                0x200002f1                __lock___at_quick_exit_mutex
 .bss.__lock___atexit_recursive_mutex
                0x200002f2        0x1 C:\Program Files\ARM GNU Toolchain\arm-none-eabi\lib\thumb\v6-m\nofp\libc_nano.a(libc_a-lock.o)
                0x200002f2                __lock___atexit_recursive_mutex
 .bss.__lock___sfp_recursive_mutex
                0x200002f3        0x1 C:\Program Files\ARM GNU Toolchain\arm-none-eabi\lib\thumb\v6-m\nofp\libc_nano.a(libc_a-lock.o)
                0x200002f3                __lock___sfp_recursive_mutex
 .bss           0x200002f4        0x0 C:\Program Files\ARM GNU Toolchain\arm-none-eabi\lib\thumb\v6-m\nofp\libc_nano.a(libc_a-memchr-stub.o)
 .bss           0x200002f4        0x0 C:\Program Files\ARM GNU Toolchain\arm-none-eabi\lib\thumb\v6-m\nofp\libc_nano.a(libc_a-strlen.o)
 .bss           0x200002f4        0x0 C:\Program Files\ARM GNU Toolchain\arm-none-eabi\lib\thumb\v6-m\nofp\libc_nano.a(libc_a-dtoa.o)
 .bss           0x200002f4        0x0 C:\Program Files\ARM GNU Toolchain\arm-none-eabi\lib\thumb\v6-m\nofp\libc_nano.a(libc_a-freer.o)
 .bss           0x200002f4        0x0 C:\Program Files\ARM GNU Toolchain\arm-none-eabi\lib\thumb\v6-m\nofp\libc_nano.a(libc_a-malloc.o)
 .bss           0x200002f4        0x0 C:\Program Files\ARM GNU Toolchain\arm-none-eabi\lib\thumb\v6-m\nofp\libc_nano.a(libc_a-mallocr.o)
 .bss.__malloc_sbrk_start
                0x200002f4        0x4 C:\Program Files\ARM GNU Toolchain\arm-none-eabi\lib\thumb\v6-m\nofp\libc_nano.a(libc_a-mallocr.o)
                0x200002f4                __malloc_sbrk_start
 .bss.__malloc_free_list
                0x200002f8        0x4 C:\Program Files\ARM GNU Toolchain\arm-none-eabi\lib\thumb\v6-m\nofp\libc_nano.a(libc_a-mallocr.o)
                0x200002f8                __malloc_free_list
 .bss           0x200002fc        0x0 C:\Program Files\ARM GNU Toolchain\arm-none-eabi\lib\thumb\v6-m\nofp\libc_nano.a(libc_a-mlock.o)
 .bss           0x200002fc        0x0 C:\Program Files\ARM GNU Toolchain\arm-none-eabi\lib\thumb\v6-m\nofp\libc_nano.a(libc_a-mprec.o)
 .bss           0x200002fc        0x0 C:\Program Files\ARM GNU Toolchain\arm-none-eabi\lib\thumb\v6-m\nofp\libc_nano.a(libc_a-nano-vfprintf.o)
 .bss           0x200002fc        0x0 C:\Program Files\ARM GNU Toolchain\arm-none-eabi\lib\thumb\v6-m\nofp\libc_nano.a(libc_a-fflush.o)
 .bss           0x200002fc        0x0 C:\Program Files\ARM GNU Toolchain\arm-none-eabi\lib\thumb\v6-m\nofp\libc_nano.a(libc_a-findfp.o)
 .bss.__sf      0x200002fc      0x138 C:\Program Files\ARM GNU Toolchain\arm-none-eabi\lib\thumb\v6-m\nofp\libc_nano.a(libc_a-findfp.o)
                0x200002fc                __sf
 .bss.__stdio_exit_handler
                0x20000434        0x4 C:\Program Files\ARM GNU Toolchain\arm-none-eabi\lib\thumb\v6-m\nofp\libc_nano.a(libc_a-findfp.o)
                0x20000434                __stdio_exit_handler
 .bss           0x20000438        0x0 C:\Program Files\ARM GNU Toolchain\arm-none-eabi\lib\thumb\v6-m\nofp\libc_nano.a(libc_a-fvwrite.o)
 .bss           0x20000438        0x0 C:\Program Files\ARM GNU Toolchain\arm-none-eabi\lib\thumb\v6-m\nofp\libc_nano.a(libc_a-fwalk.o)
 .bss           0x20000438        0x0 C:\Program Files\ARM GNU Toolchain\arm-none-eabi\lib\thumb\v6-m\nofp\libc_nano.a(libc_a-makebuf.o)
 .bss           0x20000438        0x0 C:\Program Files\ARM GNU Toolchain\arm-none-eabi\lib\thumb\v6-m\nofp\libc_nano.a(libc_a-putc.o)
 .bss           0x20000438        0x0 C:\Program Files\ARM GNU Toolchain\arm-none-eabi\lib\thumb\v6-m\nofp\libc_nano.a(libc_a-stdio.o)
 .bss           0x20000438        0x0 C:\Program Files\ARM GNU Toolchain\arm-none-eabi\lib\thumb\v6-m\nofp\libc_nano.a(libc_a-memmove.o)
 .bss           0x20000438        0x0 C:\Program Files\ARM GNU Toolchain\arm-none-eabi\lib\thumb\v6-m\nofp\libc_nano.a(libc_a-locale.o)
 .bss._PathLocale
                0x20000438        0x4 C:\Program Files\ARM GNU Toolchain\arm-none-eabi\lib\thumb\v6-m\nofp\libc_nano.a(libc_a-locale.o)
                0x20000438                _PathLocale
 .bss           0x2000043c        0x0 C:\Program Files\ARM GNU Toolchain\arm-none-eabi\lib\thumb\v6-m\nofp\libc_nano.a(libc_a-closer.o)
 .bss           0x2000043c        0x0 C:\Program Files\ARM GNU Toolchain\arm-none-eabi\lib\thumb\v6-m\nofp\libc_nano.a(libc_a-fstatr.o)
 .bss           0x2000043c        0x0 C:\Program Files\ARM GNU Toolchain\arm-none-eabi\lib\thumb\v6-m\nofp\libc_nano.a(libc_a-isattyr.o)
 .bss           0x2000043c        0x0 C:\Program Files\ARM GNU Toolchain\arm-none-eabi\lib\thumb\v6-m\nofp\libc_nano.a(libc_a-lseekr.o)
 .bss           0x2000043c        0x0 C:\Program Files\ARM GNU Toolchain\arm-none-eabi\lib\thumb\v6-m\nofp\libc_nano.a(libc_a-readr.o)
 .bss           0x2000043c        0x0 C:\Program Files\ARM GNU Toolchain\arm-none-eabi\lib\thumb\v6-m\nofp\libc_nano.a(libc_a-sbrkr.o)
 .bss           0x2000043c        0x0 C:\Program Files\ARM GNU Toolchain\arm-none-eabi\lib\thumb\v6-m\nofp\libc_nano.a(libc_a-writer.o)
 .bss           0x2000043c        0x0 C:\Program Files\ARM GNU Toolchain\arm-none-eabi\lib\thumb\v6-m\nofp\libc_nano.a(libc_a-strcmp.o)
 .bss           0x2000043c        0x0 C:\Program Files\ARM GNU Toolchain\arm-none-eabi\lib\thumb\v6-m\nofp\libc_nano.a(libc_a-memcpy-stub.o)
 .bss           0x2000043c        0x0 C:\Program Files\ARM GNU Toolchain\arm-none-eabi\lib\thumb\v6-m\nofp\libc_nano.a(libc_a-assert.o)
 .bss           0x2000043c        0x0 C:\Program Files\ARM GNU Toolchain\arm-none-eabi\lib\thumb\v6-m\nofp\libc_nano.a(libc_a-callocr.o)
 .bss           0x2000043c        0x0 C:\Program Files\ARM GNU Toolchain\arm-none-eabi\lib\thumb\v6-m\nofp\libc_nano.a(libc_a-mbtowc_r.o)
 .bss           0x2000043c        0x0 C:\Program Files\ARM GNU Toolchain\arm-none-eabi\lib\thumb\v6-m\nofp\libc_nano.a(libc_a-reallocr.o)
 .bss           0x2000043c        0x0 C:\Program Files\ARM GNU Toolchain\arm-none-eabi\lib\thumb\v6-m\nofp\libc_nano.a(libc_a-wctomb_r.o)
 .bss           0x2000043c        0x0 C:\Program Files\ARM GNU Toolchain\arm-none-eabi\lib\thumb\v6-m\nofp\libc_nano.a(libc_a-ctype_.o)
 .bss           0x2000043c        0x0 C:\Program Files\ARM GNU Toolchain\arm-none-eabi\lib\thumb\v6-m\nofp\libc_nano.a(libc_a-fprintf.o)
 .bss           0x2000043c        0x0 C:\Program Files\ARM GNU Toolchain\arm-none-eabi\lib\thumb\v6-m\nofp\libc_nano.a(libc_a-abort.o)
 .bss           0x2000043c        0x0 C:\Program Files\ARM GNU Toolchain\arm-none-eabi\lib\thumb\v6-m\nofp\libc_nano.a(libc_a-msizer.o)
 .bss           0x2000043c        0x0 C:\Program Files\ARM GNU Toolchain\arm-none-eabi\lib\thumb\v6-m\nofp\libc_nano.a(libc_a-signal.o)
 .bss           0x2000043c        0x0 C:\Program Files\ARM GNU Toolchain\arm-none-eabi\lib\thumb\v6-m\nofp\libc_nano.a(libc_a-signalr.o)
 .bss           0x2000043c        0x0 C:\Program Files\ARM GNU Toolchain\lib\gcc\arm-none-eabi\15.2.1\thumb\v6-m\nofp\libgcc.a(_thumb1_case_uqi.o)
 .bss           0x2000043c        0x0 C:\Program Files\ARM GNU Toolchain\lib\gcc\arm-none-eabi\15.2.1\thumb\v6-m\nofp\libgcc.a(_thumb1_case_shi.o)
 .bss           0x2000043c        0x0 C:\Program Files\ARM GNU Toolchain\lib\gcc\arm-none-eabi\15.2.1\thumb\v6-m\nofp\libgcc.a(_udivsi3.o)
 .bss           0x2000043c        0x0 C:\Program Files\ARM GNU Toolchain\lib\gcc\arm-none-eabi\15.2.1\thumb\v6-m\nofp\libgcc.a(_arm_cmpdf2.o)
 .bss           0x2000043c        0x0 C:\Program Files\ARM GNU Toolchain\lib\gcc\arm-none-eabi\15.2.1\thumb\v6-m\nofp\libgcc.a(adddf3.o)
 .bss           0x2000043c        0x0 C:\Program Files\ARM GNU Toolchain\lib\gcc\arm-none-eabi\15.2.1\thumb\v6-m\nofp\libgcc.a(divdf3.o)
 .bss           0x2000043c        0x0 C:\Program Files\ARM GNU Toolchain\lib\gcc\arm-none-eabi\15.2.1\thumb\v6-m\nofp\libgcc.a(eqdf2.o)
 .bss           0x2000043c        0x0 C:\Program Files\ARM GNU Toolchain\lib\gcc\arm-none-eabi\15.2.1\thumb\v6-m\nofp\libgcc.a(gedf2.o)
 .bss           0x2000043c        0x0 C:\Program Files\ARM GNU Toolchain\lib\gcc\arm-none-eabi\15.2.1\thumb\v6-m\nofp\libgcc.a(ledf2.o)
 .bss           0x2000043c        0x0 C:\Program Files\ARM GNU Toolchain\lib\gcc\arm-none-eabi\15.2.1\thumb\v6-m\nofp\libgcc.a(muldf3.o)
 .bss           0x2000043c        0x0 C:\Program Files\ARM GNU Toolchain\lib\gcc\arm-none-eabi\15.2.1\thumb\v6-m\nofp\libgcc.a(subdf3.o)
 .bss           0x2000043c        0x0 C:\Program Files\ARM GNU Toolchain\lib\gcc\arm-none-eabi\15.2.1\thumb\v6-m\nofp\libgcc.a(unorddf2.o)
 .bss           0x2000043c        0x0 C:\Program Files\ARM GNU Toolchain\lib\gcc\arm-none-eabi\15.2.1\thumb\v6-m\nofp\libgcc.a(fixdfsi.o)
 .bss           0x2000043c        0x0 C:\Program Files\ARM GNU Toolchain\lib\gcc\arm-none-eabi\15.2.1\thumb\v6-m\nofp\libgcc.a(floatsidf.o)
 .bss           0x2000043c        0x0 C:\Program Files\ARM GNU Toolchain\lib\gcc\arm-none-eabi\15.2.1\thumb\v6-m\nofp\libgcc.a(floatunsidf.o)
 .bss           0x2000043c        0x0 C:\Program Files\ARM GNU Toolchain\lib\gcc\arm-none-eabi\15.2.1\thumb\v6-m\nofp\libgcc.a(_clzsi2.o)
 *(COMMON)
                0x2000043c                        . = ALIGN (0x4)
                0x2000043c                        _ebss = .
                [!provide]                        PROVIDE (end = .)
                0x2000043c                        PROVIDE (_HeapStart = .)
                0x20002000                        PROVIDE (_StackTop = (ORIGIN (ram) + LENGTH (ram)))
OUTPUT(main.elf elf32-littlearm)
LOAD linker stubs

.debug_info     0x00000000     0x17ca
 .debug_info    0x00000000      0x588 main.o
 .debug_info    0x00000588      0x396 startup.o
 .debug_info    0x0000091e      0x7a3 serial.o
 .debug_info    0x000010c1      0x709 newlib_stubs.o

.debug_abbrev   0x00000000      0x758
 .debug_abbrev  0x00000000      0x1c7 main.o
 .debug_abbrev  0x000001c7      0x1c8 startup.o
 .debug_abbrev  0x0000038f      0x20e serial.o
 .debug_abbrev  0x0000059d      0x1bb newlib_stubs.o

.debug_aranges  0x00000000       0x88
 .debug_aranges
                0x00000000       0x20 main.o
 .debug_aranges
                0x00000020       0x28 startup.o
 .debug_aranges
                0x00000048       0x20 serial.o
 .debug_aranges
                0x00000068       0x20 newlib_stubs.o

.debug_line     0x00000000      0xdea
 .debug_line    0x00000000      0x3da main.o
 .debug_line    0x000003da      0x285 startup.o
 .debug_line    0x0000065f      0x4e4 serial.o
 .debug_line    0x00000b43      0x2a7 newlib_stubs.o

.debug_str      0x00000000      0x729
 .debug_str     0x00000000      0x729 main.o
                                0x2fc (size before relaxing)
 .debug_str     0x00000729        0x0 startup.o
                                0x2c2 (size before relaxing)
 .debug_str     0x00000729        0x0 serial.o
                                0x381 (size before relaxing)
 .debug_str     0x00000729        0x0 newlib_stubs.o
                                0x3b3 (size before relaxing)

.comment        0x00000000       0x45
 .comment       0x00000000       0x45 main.o
                                 0x46 (size before relaxing)
 .comment       0x00000045        0x0 startup.o
                                 0x46 (size before relaxing)
 .comment       0x00000045        0x0 serial.o
                                 0x46 (size before relaxing)
 .comment       0x00000045        0x0 newlib_stubs.o
                                 0x46 (size before relaxing)

.ARM.attributes
                0x00000000       0x2a
 .ARM.attributes
                0x00000000       0x2c main.o
 .ARM.attributes
                0x0000002c       0x2c startup.o
 .ARM.attributes
                0x00000058       0x2c serial.o
 .ARM.attributes
                0x00000084       0x2c newlib_stubs.o
 .ARM.attributes
                0x000000b0       0x2c C:\Program Files\ARM GNU Toolchain\arm-none-eabi\lib\thumb\v6-m\nofp\libnosys.a(errno.o)
 .ARM.attributes
                0x000000dc       0x1e C:\Program Files\ARM GNU Toolchain\lib\gcc\arm-none-eabi\15.2.1\thumb\v6-m\nofp\libgcc.a(_divsi3.o)
 .ARM.attributes
                0x000000fa       0x1e C:\Program Files\ARM GNU Toolchain\lib\gcc\arm-none-eabi\15.2.1\thumb\v6-m\nofp\libgcc.a(_dvmd_tls.o)
 .ARM.attributes
                0x00000118       0x2c C:\Program Files\ARM GNU Toolchain\arm-none-eabi\lib\thumb\v6-m\nofp\libc_nano.a(libc_a-nano-vfprintf_float.o)
 .ARM.attributes
                0x00000144       0x2c C:\Program Files\ARM GNU Toolchain\arm-none-eabi\lib\thumb\v6-m\nofp\libc_nano.a(libc_a-nano-vfprintf_i.o)
 .ARM.attributes
                0x00000170       0x2c C:\Program Files\ARM GNU Toolchain\arm-none-eabi\lib\thumb\v6-m\nofp\libc_nano.a(libc_a-printf.o)
 .ARM.attributes
                0x0000019c       0x2c C:\Program Files\ARM GNU Toolchain\arm-none-eabi\lib\thumb\v6-m\nofp\libc_nano.a(libc_a-putchar.o)
 .ARM.attributes
                0x000001c8       0x2c C:\Program Files\ARM GNU Toolchain\arm-none-eabi\lib\thumb\v6-m\nofp\libc_nano.a(libc_a-puts.o)
 .ARM.attributes
                0x000001f4       0x2c C:\Program Files\ARM GNU Toolchain\arm-none-eabi\lib\thumb\v6-m\nofp\libc_nano.a(libc_a-wbuf.o)
 .ARM.attributes
                0x00000220       0x2c C:\Program Files\ARM GNU Toolchain\arm-none-eabi\lib\thumb\v6-m\nofp\libc_nano.a(libc_a-wsetup.o)
 .ARM.attributes
                0x0000024c       0x2c C:\Program Files\ARM GNU Toolchain\arm-none-eabi\lib\thumb\v6-m\nofp\libc_nano.a(libc_a-memset.o)
 .ARM.attributes
                0x00000278       0x2c C:\Program Files\ARM GNU Toolchain\arm-none-eabi\lib\thumb\v6-m\nofp\libc_nano.a(libc_a-localeconv.o)
 .ARM.attributes
                0x000002a4       0x2c C:\Program Files\ARM GNU Toolchain\arm-none-eabi\lib\thumb\v6-m\nofp\libc_nano.a(libc_a-impure.o)
 .ARM.attributes
                0x000002d0       0x2c C:\Program Files\ARM GNU Toolchain\arm-none-eabi\lib\thumb\v6-m\nofp\libc_nano.a(libc_a-lock.o)
 .ARM.attributes
                0x000002fc       0x2c C:\Program Files\ARM GNU Toolchain\arm-none-eabi\lib\thumb\v6-m\nofp\libc_nano.a(libc_a-memchr-stub.o)
 .ARM.attributes
                0x00000328       0x1c C:\Program Files\ARM GNU Toolchain\arm-none-eabi\lib\thumb\v6-m\nofp\libc_nano.a(libc_a-strlen.o)
 .ARM.attributes
                0x00000344       0x2c C:\Program Files\ARM GNU Toolchain\arm-none-eabi\lib\thumb\v6-m\nofp\libc_nano.a(libc_a-dtoa.o)
 .ARM.attributes
                0x00000370       0x2c C:\Program Files\ARM GNU Toolchain\arm-none-eabi\lib\thumb\v6-m\nofp\libc_nano.a(libc_a-freer.o)
 .ARM.attributes
                0x0000039c       0x2c C:\Program Files\ARM GNU Toolchain\arm-none-eabi\lib\thumb\v6-m\nofp\libc_nano.a(libc_a-malloc.o)
 .ARM.attributes
                0x000003c8       0x2c C:\Program Files\ARM GNU Toolchain\arm-none-eabi\lib\thumb\v6-m\nofp\libc_nano.a(libc_a-mallocr.o)
 .ARM.attributes
                0x000003f4       0x2c C:\Program Files\ARM GNU Toolchain\arm-none-eabi\lib\thumb\v6-m\nofp\libc_nano.a(libc_a-mlock.o)
 .ARM.attributes
                0x00000420       0x2c C:\Program Files\ARM GNU Toolchain\arm-none-eabi\lib\thumb\v6-m\nofp\libc_nano.a(libc_a-mprec.o)
 .ARM.attributes
                0x0000044c       0x2c C:\Program Files\ARM GNU Toolchain\arm-none-eabi\lib\thumb\v6-m\nofp\libc_nano.a(libc_a-nano-vfprintf.o)
 .ARM.attributes
                0x00000478       0x2c C:\Program Files\ARM GNU Toolchain\arm-none-eabi\lib\thumb\v6-m\nofp\libc_nano.a(libc_a-fflush.o)
 .ARM.attributes
                0x000004a4       0x2c C:\Program Files\ARM GNU Toolchain\arm-none-eabi\lib\thumb\v6-m\nofp\libc_nano.a(libc_a-findfp.o)
 .ARM.attributes
                0x000004d0       0x2c C:\Program Files\ARM GNU Toolchain\arm-none-eabi\lib\thumb\v6-m\nofp\libc_nano.a(libc_a-fvwrite.o)
 .ARM.attributes
                0x000004fc       0x2c C:\Program Files\ARM GNU Toolchain\arm-none-eabi\lib\thumb\v6-m\nofp\libc_nano.a(libc_a-fwalk.o)
 .ARM.attributes
                0x00000528       0x2c C:\Program Files\ARM GNU Toolchain\arm-none-eabi\lib\thumb\v6-m\nofp\libc_nano.a(libc_a-makebuf.o)
 .ARM.attributes
                0x00000554       0x2c C:\Program Files\ARM GNU Toolchain\arm-none-eabi\lib\thumb\v6-m\nofp\libc_nano.a(libc_a-putc.o)
 .ARM.attributes
                0x00000580       0x2c C:\Program Files\ARM GNU Toolchain\arm-none-eabi\lib\thumb\v6-m\nofp\libc_nano.a(libc_a-stdio.o)
 .ARM.attributes
                0x000005ac       0x2c C:\Program Files\ARM GNU Toolchain\arm-none-eabi\lib\thumb\v6-m\nofp\libc_nano.a(libc_a-memmove.o)
 .ARM.attributes
                0x000005d8       0x2c C:\Program Files\ARM GNU Toolchain\arm-none-eabi\lib\thumb\v6-m\nofp\libc_nano.a(libc_a-locale.o)
 .ARM.attributes
                0x00000604       0x2c C:\Program Files\ARM GNU Toolchain\arm-none-eabi\lib\thumb\v6-m\nofp\libc_nano.a(libc_a-closer.o)
 .ARM.attributes
                0x00000630       0x2c C:\Program Files\ARM GNU Toolchain\arm-none-eabi\lib\thumb\v6-m\nofp\libc_nano.a(libc_a-fstatr.o)
 .ARM.attributes
                0x0000065c       0x2c C:\Program Files\ARM GNU Toolchain\arm-none-eabi\lib\thumb\v6-m\nofp\libc_nano.a(libc_a-isattyr.o)
 .ARM.attributes
                0x00000688       0x2c C:\Program Files\ARM GNU Toolchain\arm-none-eabi\lib\thumb\v6-m\nofp\libc_nano.a(libc_a-lseekr.o)
 .ARM.attributes
                0x000006b4       0x2c C:\Program Files\ARM GNU Toolchain\arm-none-eabi\lib\thumb\v6-m\nofp\libc_nano.a(libc_a-readr.o)
 .ARM.attributes
                0x000006e0       0x2c C:\Program Files\ARM GNU Toolchain\arm-none-eabi\lib\thumb\v6-m\nofp\libc_nano.a(libc_a-sbrkr.o)
 .ARM.attributes
                0x0000070c       0x2c C:\Program Files\ARM GNU Toolchain\arm-none-eabi\lib\thumb\v6-m\nofp\libc_nano.a(libc_a-writer.o)
 .ARM.attributes
                0x00000738       0x1c C:\Program Files\ARM GNU Toolchain\arm-none-eabi\lib\thumb\v6-m\nofp\libc_nano.a(libc_a-strcmp.o)
 .ARM.attributes
                0x00000754       0x2c C:\Program Files\ARM GNU Toolchain\arm-none-eabi\lib\thumb\v6-m\nofp\libc_nano.a(libc_a-memcpy-stub.o)
 .ARM.attributes
                0x00000780       0x2c C:\Program Files\ARM GNU Toolchain\arm-none-eabi\lib\thumb\v6-m\nofp\libc_nano.a(libc_a-assert.o)
 .ARM.attributes
                0x000007ac       0x2c C:\Program Files\ARM GNU Toolchain\arm-none-eabi\lib\thumb\v6-m\nofp\libc_nano.a(libc_a-callocr.o)
 .ARM.attributes
                0x000007d8       0x2c C:\Program Files\ARM GNU Toolchain\arm-none-eabi\lib\thumb\v6-m\nofp\libc_nano.a(libc_a-mbtowc_r.o)
 .ARM.attributes
                0x00000804       0x2c C:\Program Files\ARM GNU Toolchain\arm-none-eabi\lib\thumb\v6-m\nofp\libc_nano.a(libc_a-reallocr.o)
 .ARM.attributes
                0x00000830       0x2c C:\Program Files\ARM GNU Toolchain\arm-none-eabi\lib\thumb\v6-m\nofp\libc_nano.a(libc_a-wctomb_r.o)
 .ARM.attributes
                0x0000085c       0x2c C:\Program Files\ARM GNU Toolchain\arm-none-eabi\lib\thumb\v6-m\nofp\libc_nano.a(libc_a-ctype_.o)
 .ARM.attributes
                0x00000888       0x2c C:\Program Files\ARM GNU Toolchain\arm-none-eabi\lib\thumb\v6-m\nofp\libc_nano.a(libc_a-fprintf.o)
 .ARM.attributes
                0x000008b4       0x2c C:\Program Files\ARM GNU Toolchain\arm-none-eabi\lib\thumb\v6-m\nofp\libc_nano.a(libc_a-abort.o)
 .ARM.attributes
                0x000008e0       0x2c C:\Program Files\ARM GNU Toolchain\arm-none-eabi\lib\thumb\v6-m\nofp\libc_nano.a(libc_a-msizer.o)
 .ARM.attributes
                0x0000090c       0x2c C:\Program Files\ARM GNU Toolchain\arm-none-eabi\lib\thumb\v6-m\nofp\libc_nano.a(libc_a-signal.o)
 .ARM.attributes
                0x00000938       0x2c C:\Program Files\ARM GNU Toolchain\arm-none-eabi\lib\thumb\v6-m\nofp\libc_nano.a(libc_a-signalr.o)
 .ARM.attributes
                0x00000964       0x1e C:\Program Files\ARM GNU Toolchain\lib\gcc\arm-none-eabi\15.2.1\thumb\v6-m\nofp\libgcc.a(_thumb1_case_uqi.o)
 .ARM.attributes
                0x00000982       0x1e C:\Program Files\ARM GNU Toolchain\lib\gcc\arm-none-eabi\15.2.1\thumb\v6-m\nofp\libgcc.a(_thumb1_case_shi.o)
 .ARM.attributes
                0x000009a0       0x1e C:\Program Files\ARM GNU Toolchain\lib\gcc\arm-none-eabi\15.2.1\thumb\v6-m\nofp\libgcc.a(_udivsi3.o)
 .ARM.attributes
                0x000009be       0x1e C:\Program Files\ARM GNU Toolchain\lib\gcc\arm-none-eabi\15.2.1\thumb\v6-m\nofp\libgcc.a(_arm_cmpdf2.o)
 .ARM.attributes
                0x000009dc       0x2c C:\Program Files\ARM GNU Toolchain\lib\gcc\arm-none-eabi\15.2.1\thumb\v6-m\nofp\libgcc.a(adddf3.o)
 .ARM.attributes
                0x00000a08       0x2c C:\Program Files\ARM GNU Toolchain\lib\gcc\arm-none-eabi\15.2.1\thumb\v6-m\nofp\libgcc.a(divdf3.o)
 .ARM.attributes
                0x00000a34       0x2c C:\Program Files\ARM GNU Toolchain\lib\gcc\arm-none-eabi\15.2.1\thumb\v6-m\nofp\libgcc.a(eqdf2.o)
 .ARM.attributes
                0x00000a60       0x2c C:\Program Files\ARM GNU Toolchain\lib\gcc\arm-none-eabi\15.2.1\thumb\v6-m\nofp\libgcc.a(gedf2.o)
 .ARM.attributes
                0x00000a8c       0x2c C:\Program Files\ARM GNU Toolchain\lib\gcc\arm-none-eabi\15.2.1\thumb\v6-m\nofp\libgcc.a(ledf2.o)
 .ARM.attributes
                0x00000ab8       0x2c C:\Program Files\ARM GNU Toolchain\lib\gcc\arm-none-eabi\15.2.1\thumb\v6-m\nofp\libgcc.a(muldf3.o)
 .ARM.attributes
                0x00000ae4       0x2c C:\Program Files\ARM GNU Toolchain\lib\gcc\arm-none-eabi\15.2.1\thumb\v6-m\nofp\libgcc.a(subdf3.o)
 .ARM.attributes
                0x00000b10       0x2c C:\Program Files\ARM GNU Toolchain\lib\gcc\arm-none-eabi\15.2.1\thumb\v6-m\nofp\libgcc.a(unorddf2.o)
 .ARM.attributes
                0x00000b3c       0x2c C:\Program Files\ARM GNU Toolchain\lib\gcc\arm-none-eabi\15.2.1\thumb\v6-m\nofp\libgcc.a(fixdfsi.o)
 .ARM.attributes
                0x00000b68       0x2c C:\Program Files\ARM GNU Toolchain\lib\gcc\arm-none-eabi\15.2.1\thumb\v6-m\nofp\libgcc.a(floatsidf.o)
 .ARM.attributes
                0x00000b94       0x2c C:\Program Files\ARM GNU Toolchain\lib\gcc\arm-none-eabi\15.2.1\thumb\v6-m\nofp\libgcc.a(floatunsidf.o)
 .ARM.attributes
                0x00000bc0       0x1e C:\Program Files\ARM GNU Toolchain\lib\gcc\arm-none-eabi\15.2.1\thumb\v6-m\nofp\libgcc.a(_clzsi2.o)

.debug_frame    0x00000000     0x1740
 .debug_frame   0x00000000       0xa8 main.o
 .debug_frame   0x000000a8       0x94 startup.o
 .debug_frame   0x0000013c      0x1e8 serial.o
 .debug_frame   0x00000324      0x228 newlib_stubs.o
 .debug_frame   0x0000054c       0x20 C:\Program Files\ARM GNU Toolchain\lib\gcc\arm-none-eabi\15.2.1\thumb\v6-m\nofp\libgcc.a(_divsi3.o)
 .debug_frame   0x0000056c       0x70 C:\Program Files\ARM GNU Toolchain\arm-none-eabi\lib\thumb\v6-m\nofp\libc_nano.a(libc_a-nano-vfprintf_float.o)
 .debug_frame   0x000005dc       0x54 C:\Program Files\ARM GNU Toolchain\arm-none-eabi\lib\thumb\v6-m\nofp\libc_nano.a(libc_a-nano-vfprintf_i.o)
 .debug_frame   0x00000630       0x4c C:\Program Files\ARM GNU Toolchain\arm-none-eabi\lib\thumb\v6-m\nofp\libc_nano.a(libc_a-printf.o)
 .debug_frame   0x0000067c       0x40 C:\Program Files\ARM GNU Toolchain\arm-none-eabi\lib\thumb\v6-m\nofp\libc_nano.a(libc_a-putchar.o)
 .debug_frame   0x000006bc       0x44 C:\Program Files\ARM GNU Toolchain\arm-none-eabi\lib\thumb\v6-m\nofp\libc_nano.a(libc_a-puts.o)
 .debug_frame   0x00000700       0x48 C:\Program Files\ARM GNU Toolchain\arm-none-eabi\lib\thumb\v6-m\nofp\libc_nano.a(libc_a-wbuf.o)
 .debug_frame   0x00000748       0x2c C:\Program Files\ARM GNU Toolchain\arm-none-eabi\lib\thumb\v6-m\nofp\libc_nano.a(libc_a-wsetup.o)
 .debug_frame   0x00000774       0x20 C:\Program Files\ARM GNU Toolchain\arm-none-eabi\lib\thumb\v6-m\nofp\libc_nano.a(libc_a-memset.o)
 .debug_frame   0x00000794       0x40 C:\Program Files\ARM GNU Toolchain\arm-none-eabi\lib\thumb\v6-m\nofp\libc_nano.a(libc_a-localeconv.o)
 .debug_frame   0x000007d4       0xb0 C:\Program Files\ARM GNU Toolchain\arm-none-eabi\lib\thumb\v6-m\nofp\libc_nano.a(libc_a-lock.o)
 .debug_frame   0x00000884       0x20 C:\Program Files\ARM GNU Toolchain\arm-none-eabi\lib\thumb\v6-m\nofp\libc_nano.a(libc_a-memchr-stub.o)
 .debug_frame   0x000008a4       0x54 C:\Program Files\ARM GNU Toolchain\arm-none-eabi\lib\thumb\v6-m\nofp\libc_nano.a(libc_a-dtoa.o)
 .debug_frame   0x000008f8       0x2c C:\Program Files\ARM GNU Toolchain\arm-none-eabi\lib\thumb\v6-m\nofp\libc_nano.a(libc_a-freer.o)
 .debug_frame   0x00000924       0x40 C:\Program Files\ARM GNU Toolchain\arm-none-eabi\lib\thumb\v6-m\nofp\libc_nano.a(libc_a-malloc.o)
 .debug_frame   0x00000964       0x50 C:\Program Files\ARM GNU Toolchain\arm-none-eabi\lib\thumb\v6-m\nofp\libc_nano.a(libc_a-mallocr.o)
 .debug_frame   0x000009b4       0x40 C:\Program Files\ARM GNU Toolchain\arm-none-eabi\lib\thumb\v6-m\nofp\libc_nano.a(libc_a-mlock.o)
 .debug_frame   0x000009f4      0x23c C:\Program Files\ARM GNU Toolchain\arm-none-eabi\lib\thumb\v6-m\nofp\libc_nano.a(libc_a-mprec.o)
 .debug_frame   0x00000c30       0x9c C:\Program Files\ARM GNU Toolchain\arm-none-eabi\lib\thumb\v6-m\nofp\libc_nano.a(libc_a-nano-vfprintf.o)
 .debug_frame   0x00000ccc       0x68 C:\Program Files\ARM GNU Toolchain\arm-none-eabi\lib\thumb\v6-m\nofp\libc_nano.a(libc_a-fflush.o)
 .debug_frame   0x00000d34      0x138 C:\Program Files\ARM GNU Toolchain\arm-none-eabi\lib\thumb\v6-m\nofp\libc_nano.a(libc_a-findfp.o)
 .debug_frame   0x00000e6c       0x30 C:\Program Files\ARM GNU Toolchain\arm-none-eabi\lib\thumb\v6-m\nofp\libc_nano.a(libc_a-fvwrite.o)
 .debug_frame   0x00000e9c       0x34 C:\Program Files\ARM GNU Toolchain\arm-none-eabi\lib\thumb\v6-m\nofp\libc_nano.a(libc_a-fwalk.o)
 .debug_frame   0x00000ed0       0x54 C:\Program Files\ARM GNU Toolchain\arm-none-eabi\lib\thumb\v6-m\nofp\libc_nano.a(libc_a-makebuf.o)
 .debug_frame   0x00000f24       0x44 C:\Program Files\ARM GNU Toolchain\arm-none-eabi\lib\thumb\v6-m\nofp\libc_nano.a(libc_a-putc.o)
 .debug_frame   0x00000f68       0x90 C:\Program Files\ARM GNU Toolchain\arm-none-eabi\lib\thumb\v6-m\nofp\libc_nano.a(libc_a-stdio.o)
 .debug_frame   0x00000ff8       0x28 C:\Program Files\ARM GNU Toolchain\arm-none-eabi\lib\thumb\v6-m\nofp\libc_nano.a(libc_a-memmove.o)
 .debug_frame   0x00001020       0x54 C:\Program Files\ARM GNU Toolchain\arm-none-eabi\lib\thumb\v6-m\nofp\libc_nano.a(libc_a-locale.o)
 .debug_frame   0x00001074       0x2c C:\Program Files\ARM GNU Toolchain\arm-none-eabi\lib\thumb\v6-m\nofp\libc_nano.a(libc_a-closer.o)
 .debug_frame   0x000010a0       0x2c C:\Program Files\ARM GNU Toolchain\arm-none-eabi\lib\thumb\v6-m\nofp\libc_nano.a(libc_a-fstatr.o)
 .debug_frame   0x000010cc       0x2c C:\Program Files\ARM GNU Toolchain\arm-none-eabi\lib\thumb\v6-m\nofp\libc_nano.a(libc_a-isattyr.o)
 .debug_frame   0x000010f8       0x2c C:\Program Files\ARM GNU Toolchain\arm-none-eabi\lib\thumb\v6-m\nofp\libc_nano.a(libc_a-lseekr.o)
 .debug_frame   0x00001124       0x2c C:\Program Files\ARM GNU Toolchain\arm-none-eabi\lib\thumb\v6-m\nofp\libc_nano.a(libc_a-readr.o)
 .debug_frame   0x00001150       0x2c C:\Program Files\ARM GNU Toolchain\arm-none-eabi\lib\thumb\v6-m\nofp\libc_nano.a(libc_a-sbrkr.o)
 .debug_frame   0x0000117c       0x2c C:\Program Files\ARM GNU Toolchain\arm-none-eabi\lib\thumb\v6-m\nofp\libc_nano.a(libc_a-writer.o)
 .debug_frame   0x000011a8       0x20 C:\Program Files\ARM GNU Toolchain\arm-none-eabi\lib\thumb\v6-m\nofp\libc_nano.a(libc_a-strcmp.o)
 .debug_frame   0x000011c8       0x28 C:\Program Files\ARM GNU Toolchain\arm-none-eabi\lib\thumb\v6-m\nofp\libc_nano.a(libc_a-memcpy-stub.o)
 .debug_frame   0x000011f0       0x4c C:\Program Files\ARM GNU Toolchain\arm-none-eabi\lib\thumb\v6-m\nofp\libc_nano.a(libc_a-assert.o)
 .debug_frame   0x0000123c       0x2c C:\Program Files\ARM GNU Toolchain\arm-none-eabi\lib\thumb\v6-m\nofp\libc_nano.a(libc_a-callocr.o)
 .debug_frame   0x00001268       0x44 C:\Program Files\ARM GNU Toolchain\arm-none-eabi\lib\thumb\v6-m\nofp\libc_nano.a(libc_a-mbtowc_r.o)
 .debug_frame   0x000012ac       0x34 C:\Program Files\ARM GNU Toolchain\arm-none-eabi\lib\thumb\v6-m\nofp\libc_nano.a(libc_a-reallocr.o)
 .debug_frame   0x000012e0       0x38 C:\Program Files\ARM GNU Toolchain\arm-none-eabi\lib\thumb\v6-m\nofp\libc_nano.a(libc_a-wctomb_r.o)
 .debug_frame   0x00001318       0x50 C:\Program Files\ARM GNU Toolchain\arm-none-eabi\lib\thumb\v6-m\nofp\libc_nano.a(libc_a-fprintf.o)
 .debug_frame   0x00001368       0x28 C:\Program Files\ARM GNU Toolchain\arm-none-eabi\lib\thumb\v6-m\nofp\libc_nano.a(libc_a-abort.o)
 .debug_frame   0x00001390       0x20 C:\Program Files\ARM GNU Toolchain\arm-none-eabi\lib\thumb\v6-m\nofp\libc_nano.a(libc_a-msizer.o)
 .debug_frame   0x000013b0       0xe0 C:\Program Files\ARM GNU Toolchain\arm-none-eabi\lib\thumb\v6-m\nofp\libc_nano.a(libc_a-signal.o)
 .debug_frame   0x00001490       0x44 C:\Program Files\ARM GNU Toolchain\arm-none-eabi\lib\thumb\v6-m\nofp\libc_nano.a(libc_a-signalr.o)
 .debug_frame   0x000014d4       0x20 C:\Program Files\ARM GNU Toolchain\lib\gcc\arm-none-eabi\15.2.1\thumb\v6-m\nofp\libgcc.a(_udivsi3.o)
 .debug_frame   0x000014f4       0x38 C:\Program Files\ARM GNU Toolchain\lib\gcc\arm-none-eabi\15.2.1\thumb\v6-m\nofp\libgcc.a(adddf3.o)
 .debug_frame   0x0000152c       0x3c C:\Program Files\ARM GNU Toolchain\lib\gcc\arm-none-eabi\15.2.1\thumb\v6-m\nofp\libgcc.a(divdf3.o)
 .debug_frame   0x00001568       0x3c C:\Program Files\ARM GNU Toolchain\lib\gcc\arm-none-eabi\15.2.1\thumb\v6-m\nofp\libgcc.a(eqdf2.o)
 .debug_frame   0x000015a4       0x38 C:\Program Files\ARM GNU Toolchain\lib\gcc\arm-none-eabi\15.2.1\thumb\v6-m\nofp\libgcc.a(gedf2.o)
 .debug_frame   0x000015dc       0x38 C:\Program Files\ARM GNU Toolchain\lib\gcc\arm-none-eabi\15.2.1\thumb\v6-m\nofp\libgcc.a(ledf2.o)
 .debug_frame   0x00001614       0x3c C:\Program Files\ARM GNU Toolchain\lib\gcc\arm-none-eabi\15.2.1\thumb\v6-m\nofp\libgcc.a(muldf3.o)
 .debug_frame   0x00001650       0x3c C:\Program Files\ARM GNU Toolchain\lib\gcc\arm-none-eabi\15.2.1\thumb\v6-m\nofp\libgcc.a(subdf3.o)
 .debug_frame   0x0000168c       0x30 C:\Program Files\ARM GNU Toolchain\lib\gcc\arm-none-eabi\15.2.1\thumb\v6-m\nofp\libgcc.a(unorddf2.o)
 .debug_frame   0x000016bc       0x30 C:\Program Files\ARM GNU Toolchain\lib\gcc\arm-none-eabi\15.2.1\thumb\v6-m\nofp\libgcc.a(fixdfsi.o)
 .debug_frame   0x000016ec       0x2c C:\Program Files\ARM GNU Toolchain\lib\gcc\arm-none-eabi\15.2.1\thumb\v6-m\nofp\libgcc.a(floatsidf.o)
 .debug_frame   0x00001718       0x28 C:\Program Files\ARM GNU Toolchain\lib\gcc\arm-none-eabi\15.2.1\thumb\v6-m\nofp\libgcc.a(floatunsidf.o)

.debug_rnglists
                0x00000000       0x1a
 .debug_rnglists
                0x00000000       0x1a startup.o

.debug_line_str
                0x00000000      0x1d4
 .debug_line_str
                0x00000000      0x1d4 C:\Program Files\ARM GNU Toolchain\lib\gcc\arm-none-eabi\15.2.1\thumb\v6-m\nofp\libgcc.a(_divsi3.o)
                                 0xcd (size before relaxing)
 .debug_line_str
                0x000001d4        0x0 C:\Program Files\ARM GNU Toolchain\lib\gcc\arm-none-eabi\15.2.1\thumb\v6-m\nofp\libgcc.a(_dvmd_tls.o)
                                 0xcd (size before relaxing)
 .debug_line_str
                0x000001d4        0x0 C:\Program Files\ARM GNU Toolchain\arm-none-eabi\lib\thumb\v6-m\nofp\libc_nano.a(libc_a-strlen.o)
                                 0xeb (size before relaxing)
 .debug_line_str
                0x000001d4        0x0 C:\Program Files\ARM GNU Toolchain\arm-none-eabi\lib\thumb\v6-m\nofp\libc_nano.a(libc_a-strcmp.o)
                                 0xe8 (size before relaxing)
 .debug_line_str
                0x000001d4        0x0 C:\Program Files\ARM GNU Toolchain\lib\gcc\arm-none-eabi\15.2.1\thumb\v6-m\nofp\libgcc.a(_thumb1_case_uqi.o)
                                 0xcd (size before relaxing)
 .debug_line_str
                0x000001d4        0x0 C:\Program Files\ARM GNU Toolchain\lib\gcc\arm-none-eabi\15.2.1\thumb\v6-m\nofp\libgcc.a(_thumb1_case_shi.o)
                                 0xcd (size before relaxing)
 .debug_line_str
                0x000001d4        0x0 C:\Program Files\ARM GNU Toolchain\lib\gcc\arm-none-eabi\15.2.1\thumb\v6-m\nofp\libgcc.a(_udivsi3.o)
                                 0xcd (size before relaxing)
 .debug_line_str
                0x000001d4        0x0 C:\Program Files\ARM GNU Toolchain\lib\gcc\arm-none-eabi\15.2.1\thumb\v6-m\nofp\libgcc.a(_arm_cmpdf2.o)
                                 0xcd (size before relaxing)
 .debug_line_str