Archive member included to satisfy reference by file (symbol)

C:\Program Files\ARM GNU Toolchain\arm-none-eabi\lib\thumb\v6-m\nofp\libnosys.a(errno.o)
                              newlib_stubs.o (errno)
C:\Program Files\ARM GNU Toolchain\lib\gcc\arm-none-eabi\15.2.1\thumb\v6-m\nofp\libgcc.a(_divsi3.o)
                              serial.o (__aeabi_idiv)
C:\Program Files\ARM GNU Toolchain\lib\gcc\arm-none-eabi\15.2.1\thumb\v6-m\nofp\libgcc.a(_dvmd_tls.o)
                              C:\Program Files\ARM GNU Toolchain\lib\gcc\arm-none-eabi\15.2.1\thumb\v6-m\nofp\libgcc.a(_divsi3.o) (__aeabi_idiv0)
C:\Program Files\ARM GNU Toolchain\lib\gcc\arm-none-eabi\15.2.1\thumb\v6-m\nofp\libgcc.a(adddf3.o)
                              main.o (__aeabi_dadd)
C:\Program Files\ARM GNU Toolchain\lib\gcc\arm-none-eabi\15.2.1\thumb\v6-m\nofp\libgcc.a(divdf3.o)
                              main.o (__aeabi_ddiv)
C:\Program Files\ARM GNU Toolchain\lib\gcc\arm-none-eabi\15.2.1\thumb\v6-m\nofp\libgcc.a(muldf3.o)
                              main.o (__aeabi_dmul)
C:\Program Files\ARM GNU Toolchain\lib\gcc\arm-none-eabi\15.2.1\thumb\v6-m\nofp\libgcc.a(subdf3.o)
                              main.o (__aeabi_dsub)
C:\Program Files\ARM GNU Toolchain\lib\gcc\arm-none-eabi\15.2.1\thumb\v6-m\nofp\libgcc.a(fixdfsi.o)
                              main.o (__aeabi_d2iz)
C:\Program Files\ARM GNU Toolchain\lib\gcc\arm-none-eabi\15.2.1\thumb\v6-m\nofp\libgcc.a(floatsidf.o)
                              main.o (__aeabi_i2d)
C:\Program Files\ARM GNU Toolchain\lib\gcc\arm-none-eabi\15.2.1\thumb\v6-m\nofp\libgcc.a(_udivsi3.o)
                              C:\Program Files\ARM GNU Toolchain\lib\gcc\arm-none-eabi\15.2.1\thumb\v6-m\nofp\libgcc.a(divdf3.o) (__aeabi_uidivmod)
C:\Program Files\ARM GNU Toolchain\lib\gcc\arm-none-eabi\15.2.1\thumb\v6-m\nofp\libgcc.a(_clzsi2.o)
                              C:\Program Files\ARM GNU Toolchain\lib\gcc\arm-none-eabi\15.2.1\thumb\v6-m\nofp\libgcc.a(adddf3.o) (__clzsi2)
C:\Program Files\ARM GNU Toolchain\arm-none-eabi\lib\thumb\v6-m\nofp\libc_nano.a(libc_a-nano-vfprintf_float.o)
                              (_printf_float)
C:\Program Files\ARM GNU Toolchain\arm-none-eabi\lib\thumb\v6-m\nofp\libc_nano.a(libc_a-nano-vfprintf_i.o)
                              C:\Program Files\ARM GNU Toolchain\arm-none-eabi\lib\thumb\v6-m\nofp\libc_nano.a(libc_a-nano-vfprintf_float.o) (_printf_common)
C:\Program Files\ARM GNU Toolchain\arm-none-eabi\lib\thumb\v6-m\nofp\libc_nano.a(libc_a-printf.o)
                              main.o (printf)
C:\Program Files\ARM GNU Toolchain\arm-none-eabi\lib\thumb\v6-m\nofp\libc_nano.a(libc_a-putchar.o)
                              main.o (putchar)
C:\Program Files\ARM GNU Toolchain\arm-none-eabi\lib\thumb\v6-m\nofp\libc_nano.a(libc_a-puts.o)
                              main.o (puts)
C:\Program Files\ARM GNU Toolchain\arm-none-eabi\lib\thumb\v6-m\nofp\libc_nano.a(libc_a-wbuf.o)
                              C:\Program Files\ARM GNU Toolchain\arm-none-eabi\lib\thumb\v6-m\nofp\libc_nano.a(libc_a-puts.o) (__swbuf_r)
C:\Program Files\ARM GNU Toolchain\arm-none-eabi\lib\thumb\v6-m\nofp\libc_nano.a(libc_a-wsetup.o)
                              C:\Program Files\ARM GNU Toolchain\arm-none-eabi\lib\thumb\v6-m\nofp\libc_nano.a(libc_a-puts.o) (__swsetup_r)
C:\Program Files\ARM GNU Toolchain\arm-none-eabi\lib\thumb\v6-m\nofp\libc_nano.a(libc_a-memset.o)
                              main.o (memset)
C:\Program Files\ARM GNU Toolchain\arm-none-eabi\lib\thumb\v6-m\nofp\libc_nano.a(libc_a-localeconv.o)
                              C:\Program Files\ARM GNU Toolchain\arm-none-eabi\lib\thumb\v6-m\nofp\libc_nano.a(libc_a-nano-vfprintf_float.o) (_localeconv_r)
C:\Program Files\ARM GNU Toolchain\arm-none-eabi\lib\thumb\v6-m\nofp\libc_nano.a(libc_a-impure.o)
                              C:\Program Files\ARM GNU Toolchain\arm-none-eabi\lib\thumb\v6-m\nofp\libc_nano.a(libc_a-printf.o) (_impure_ptr)
C:\Program Files\ARM GNU Toolchain\arm-none-eabi\lib\thumb\v6-m\nofp\libc_nano.a(libc_a-lock.o)
                              C:\Program Files\ARM GNU Toolchain\arm-none-eabi\lib\thumb\v6-m\nofp\libc_nano.a(libc_a-puts.o) (__retarget_lock_acquire_recursive)
C:\Program Files\ARM GNU Toolchain\arm-none-eabi\lib\thumb\v6-m\nofp\libc_nano.a(libc_a-memchr-stub.o)
                              C:\Program Files\ARM GNU Toolchain\arm-none-eabi\lib\thumb\v6-m\nofp\libc_nano.a(libc_a-nano-vfprintf_i.o) (memchr)
C:\Program Files\ARM GNU Toolchain\arm-none-eabi\lib\thumb\v6-m\nofp\libc_nano.a(libc_a-strlen.o)
                              C:\Program Files\ARM GNU Toolchain\arm-none-eabi\lib\thumb\v6-m\nofp\libc_nano.a(libc_a-nano-vfprintf_float.o) (strlen)
C:\Program Files\ARM GNU Toolchain\arm-none-eabi\lib\thumb\v6-m\nofp\libc_nano.a(libc_a-dtoa.o)
                              C:\Program Files\ARM GNU Toolchain\arm-none-eabi\lib\thumb\v6-m\nofp\libc_nano.a(libc_a-nano-vfprintf_float.o) (_dtoa_r)
[...]
Memory Configuration

Name             Origin             Length             Attributes
flash            0x08000000         0x00010000
ram              0x20000000         0x00002000
*default*        0x00000000         0xffffffff

Linker script and memory map

LOAD main.o
LOAD startup.o
LOAD serial.o
LOAD newlib_stubs.o
LOAD C:\Program Files\ARM GNU Toolchain\arm-none-eabi\lib\thumb\v6-m\nofp\libnosys.a
LOAD C:\Program Files\ARM GNU Toolchain\lib\gcc\arm-none-eabi\15.2.1\thumb\v6-m\nofp\libgcc.a
START GROUP
LOAD C:\Program Files\ARM GNU Toolchain\lib\gcc\arm-none-eabi\15.2.1\thumb\v6-m\nofp\libgcc.a
LOAD C:\Program Files\ARM GNU Toolchain\arm-none-eabi\lib\thumb\v6-m\nofp\libc_nano.a
LOAD C:\Program Files\ARM GNU Toolchain\arm-none-eabi\lib\thumb\v6-m\nofp\libm.a
END GROUP

.text           0x08000000     0x6e1c
 *(.vectors)
 .vectors       0x08000000       0xb8 startup.o
                0x08000000                Vectors
 *(.after_vectors*)
 .after_vectors
                0x080000b8       0x28 startup.o
                0x080000b8                ResetInit
 *(.text*)
 .text          0x080000e0      0x5e4 main.o
                0x080000e0                wait_1ms
                0x08000118                waitms
                0x0800013a                Init_Hardware
                0x080001cc                capture_frame
                0x080002f0                main
 .text          0x080006c4      0x1a8 startup.o
                0x0800073c                initClock
                0x08000844                EXTI2_3_Handler
                0x08000844                TIM21_Handler
                0x08000844                SysTick_Handler
                0x08000844                I2C1_Handler
                0x08000844                PendSV_Handler
                0x08000844                NMI_Handler
                0x08000844                WWDG_Handler
                0x08000844                RTC_Handler
                0x08000844                EXTI4_15_Handler
                0x08000844                TIM2_Handler
                0x08000844                DMA_CH4_5_6_7_Handler
                0x08000844                Default_Handler
                0x08000844                LPUART1_Handler
                0x08000844                FLASH_Handler
                0x08000844                EXTI0_1_Handler
                0x08000844                DMA_CH1_Handler
                0x08000844                SPI2_Handler
                0x08000844                DMA_CH2_3_Handler
                0x08000844                I2C2_Handler
                0x08000844                SVC_Handler
                0x08000844                LPTIM1_Handler
                0x08000844                USART2_Handler
                0x08000844                SPI1_Handler
                0x08000844                RCC_Handler
                0x08000844                PVD_Handler
                0x08000844                TIM6_Handler
                0x08000844                TIM22_Handler
                0x08000844                ADC_COMP_Handler
                0x08000858                Hard_Fault_Handler
 .text          0x0800086c      0x5b4 serial.o
                0x0800086c                ReadCom
                0x080008e0                WriteCom
                0x08000980                initUART
                0x08000ad0                USART1_Handler
                0x08000afc                usart_rx
                0x08000b2c                usart_tx
                0x08000b94                PutBuf
                0x08000bf6                GetBuf
                0x08000c4c                GetBufCount
                0x08000c60                eputs
                0x08000c9c                eputc
                0x08000cba                egetc
                0x08000cd4                egets
                0x08000d60                egetc_echo
                0x08000d86                egets_echo
 .text          0x08000e20      0x29c newlib_stubs.o
                0x08000e20                _exit
                0x08000e2a                _close
                0x08000e3e                _execve
                0x08000e60                _fork
                0x08000e78                _fstat
                0x08000e94                _getpid
                0x08000ea0                _kill
                0x08000ec0                _link
                0x08000ee0                _lseek
                0x08000ef6                _stat
                0x08000f12                _times
                0x08000f26                _unlink
                0x08000f44                _wait
                0x08000f64                _isatty
                0x08000f8c                _sbrk
                0x08000ff0                _read
                0x08001068                _write
 .text          0x080010bc        0x0 C:\Program Files\ARM GNU Toolchain\arm-none-eabi\lib\thumb\v6-m\nofp\libnosys.a(errno.o)
 .text          0x080010bc      0x1d4 C:\Program Files\ARM GNU Toolchain\lib\gcc\arm-none-eabi\15.2.1\thumb\v6-m\nofp\libgcc.a(_divsi3.o)
                0x080010bc                __divsi3
                0x080010bc                __aeabi_idiv
                0x08001288                __aeabi_idivmod
 .text          0x08001290        0x4 C:\Program Files\ARM GNU Toolchain\lib\gcc\arm-none-eabi\15.2.1\thumb\v6-m\nofp\libgcc.a(_dvmd_tls.o)
                0x08001290                __aeabi_idiv0
                0x08001290                __aeabi_ldiv0
 .text          0x08001294        0x0 C:\Program Files\ARM GNU Toolchain\lib\gcc\arm-none-eabi\15.2.1\thumb\v6-m\nofp\libgcc.a(adddf3.o)
 .text.__aeabi_dadd
                0x08001294      0x828 C:\Program Files\ARM GNU Toolchain\lib\gcc\arm-none-eabi\15.2.1\thumb\v6-m\nofp\libgcc.a(adddf3.o)
                0x08001294                __aeabi_dadd
 .text          0x08001abc        0x0 C:\Program Files\ARM GNU Toolchain\lib\gcc\arm-none-eabi\15.2.1\thumb\v6-m\nofp\libgcc.a(divdf3.o)
 .text.__aeabi_ddiv
                0x08001abc      0x630 C:\Program Files\ARM GNU Toolchain\lib\gcc\arm-none-eabi\15.2.1\thumb\v6-m\nofp\libgcc.a(divdf3.o)
                0x08001abc                __aeabi_ddiv
 .text          0x080020ec        0x0 C:\Program Files\ARM GNU Toolchain\lib\gcc\arm-none-eabi\15.2.1\thumb\v6-m\nofp\libgcc.a(muldf3.o)
 .text.__aeabi_dmul
                0x080020ec      0x570 C:\Program Files\ARM GNU Toolchain\lib\gcc\arm-none-eabi\15.2.1\thumb\v6-m\nofp\libgcc.a(muldf3.o)
                0x080020ec                __aeabi_dmul
 .text          0x0800265c        0x0 C:\Program Files\ARM GNU Toolchain\lib\gcc\arm-none-eabi\15.2.1\thumb\v6-m\nofp\libgcc.a(subdf3.o)
 .text.__aeabi_dsub
                0x0800265c      0x814 C:\Program Files\ARM GNU Toolchain\lib\gcc\arm-none-eabi\15.2.1\thumb\v6-m\nofp\libgcc.a(subdf3.o)
                0x0800265c                __aeabi_dsub
 .text          0x08002e70        0x0 C:\Program Files\ARM GNU Toolchain\lib\gcc\arm-none-eabi\15.2.1\thumb\v6-m\nofp\libgcc.a(fixdfsi.o)
 .text.__aeabi_d2iz
                0x08002e70       0x70 C:\Program Files\ARM GNU Toolchain\lib\gcc\arm-none-eabi\15.2.1\thumb\v6-m\nofp\libgcc.a(fixdfsi.o)
                0x08002e70                __aeabi_d2iz
 .text          0x08002ee0        0x0 C:\Program Files\ARM GNU Toolchain\lib\gcc\arm-none-eabi\15.2.1\thumb\v6-m\nofp\libgcc.a(floatsidf.o)
 .text.__aeabi_i2d
                0x08002ee0       0x68 C:\Program Files\ARM GNU Toolchain\lib\gcc\arm-none-eabi\15.2.1\thumb\v6-m\nofp\libgcc.a(floatsidf.o)
                0x08002ee0                __aeabi_i2d
 .text          0x08002f48      0x114 C:\Program Files\ARM GNU Toolchain\lib\gcc\arm-none-eabi\15.2.1\thumb\v6-m\nofp\libgcc.a(_udivsi3.o)
                0x08002f48                __aeabi_uidiv
                0x08002f48                __udivsi3
                0x08003054                __aeabi_uidivmod
 .text          0x0800305c       0x3c C:\Program Files\ARM GNU Toolchain\lib\gcc\arm-none-eabi\15.2.1\thumb\v6-m\nofp\libgcc.a(_clzsi2.o)
                0x0800305c                __clzsi2
 .text          0x08003098        0x0 C:\Program Files\ARM GNU Toolchain\arm-none-eabi\lib\thumb\v6-m\nofp\libc_nano.a(libc_a-nano-vfprintf_float.o)
 .text.__cvt    0x08003098       0xcc C:\Program Files\ARM GNU Toolchain\arm-none-eabi\lib\thumb\v6-m\nofp\libc_nano.a(libc_a-nano-vfprintf_float.o)
                0x08003098                __cvt
 .text.__exponent
                0x08003164       0x82 C:\Program Files\ARM GNU Toolchain\arm-none-eabi\lib\thumb\v6-m\nofp\libc_nano.a(libc_a-nano-vfprintf_float.o)
                0x08003164                __exponent
 *fill*         0x080031e6        0x2 
 .text._printf_float
                0x080031e8      0x458 C:\Program Files\ARM GNU Toolchain\arm-none-eabi\lib\thumb\v6-m\nofp\libc_nano.a(libc_a-nano-vfprintf_float.o)
                0x080031e8                _printf_float
 .text          0x08003640        0x0 C:\Program Files\ARM GNU Toolchain\arm-none-eabi\lib\thumb\v6-m\nofp\libc_nano.a(libc_a-nano-vfprintf_i.o)
 .text._printf_common
                0x08003640       0xde C:\Program Files\ARM GNU Toolchain\arm-none-eabi\lib\thumb\v6-m\nofp\libc_nano.a(libc_a-nano-vfprintf_i.o)
                0x08003640                _printf_common
 *fill*         0x0800371e        0x2 
 .text._printf_i
                0x08003720      0x214 C:\Program Files\ARM GNU Toolchain\arm-none-eabi\lib\thumb\v6-m\nofp\libc_nano.a(libc_a-nano-vfprintf_i.o)
                0x08003720                _printf_i
 .text          0x08003934        0x0 C:\Program Files\ARM GNU Toolchain\arm-none-eabi\lib\thumb\v6-m\nofp\libc_nano.a(libc_a-printf.o)
 .text._printf_r
                0x08003934       0x18 C:\Program Files\ARM GNU Toolchain\arm-none-eabi\lib\thumb\v6-m\nofp\libc_nano.a(libc_a-printf.o)
                0x08003934                _iprintf_r
                0x08003934                _printf_r
 .text.printf   0x0800394c       0x20 C:\Program Files\ARM GNU Toolchain\arm-none-eabi\lib\thumb\v6-m\nofp\libc_nano.a(libc_a-printf.o)
                0x0800394c                iprintf
                0x0800394c                printf
 .text          0x0800396c        0x0 C:\Program Files\ARM GNU Toolchain\arm-none-eabi\lib\thumb\v6-m\nofp\libc_nano.a(libc_a-putchar.o)
 .text._putchar_r
                0x0800396c        0xa C:\Program Files\ARM GNU Toolchain\arm-none-eabi\lib\thumb\v6-m\nofp\libc_nano.a(libc_a-putchar.o)
                0x0800396c                _putchar_r
 *fill*         0x08003976        0x2 
 .text.putchar  0x08003978       0x14 C:\Program Files\ARM GNU Toolchain\arm-none-eabi\lib\thumb\v6-m\nofp\libc_nano.a(libc_a-putchar.o)
                0x08003978                putchar
 .text          0x0800398c        0x0 C:\Program Files\ARM GNU Toolchain\arm-none-eabi\lib\thumb\v6-m\nofp\libc_nano.a(libc_a-puts.o)
 .text._puts_r  0x0800398c       0xaa C:\Program Files\ARM GNU Toolchain\arm-none-eabi\lib\thumb\v6-m\nofp\libc_nano.a(libc_a-puts.o)
                0x0800398c                _puts_r
 *fill*         0x08003a36        0x2 
 .text.puts     0x08003a38       0x14 C:\Program Files\ARM GNU Toolchain\arm-none-eabi\lib\thumb\v6-m\nofp\libc_nano.a(libc_a-puts.o)
                0x08003a38                puts
 .text          0x08003a4c        0x0 C:\Program Files\ARM GNU Toolchain\arm-none-eabi\lib\thumb\v6-m\nofp\libc_nano.a(libc_a-wbuf.o)
 .text.__swbuf_r
                0x08003a4c       0x82 C:\Program Files\ARM GNU Toolchain\arm-none-eabi\lib\thumb\v6-m\nofp\libc_nano.a(libc_a-wbuf.o)
                0x08003a4c                __swbuf_r
 *fill*         0x08003ace        0x2 
 .text.__swbuf  0x08003ad0       0x14 C:\Program Files\ARM GNU Toolchain\arm-none-eabi\lib\thumb\v6-m\nofp\libc_nano.a(libc_a-wbuf.o)
                0x08003ad0                __swbuf
 .text          0x08003ae4        0x0 C:\Program Files\ARM GNU Toolchain\arm-none-eabi\lib\thumb\v6-m\nofp\libc_nano.a(libc_a-wsetup.o)
 .text.__swsetup_r
                0x08003ae4       0xb8 C:\Program Files\ARM GNU Toolchain\arm-none-eabi\lib\thumb\v6-m\nofp\libc_nano.a(libc_a-wsetup.o)
                0x08003ae4                __swsetup_r
 .text          0x08003b9c        0x0 C:\Program Files\ARM GNU Toolchain\arm-none-eabi\lib\thumb\v6-m\nofp\libc_nano.a(libc_a-memset.o)
 .text.memset   0x08003b9c       0x10 C:\Program Files\ARM GNU Toolchain\arm-none-eabi\lib\thumb\v6-m\nofp\libc_nano.a(libc_a-memset.o)
                0x08003b9c                memset
 .text          0x08003bac        0x0 C:\Program Files\ARM GNU Toolchain\arm-none-eabi\lib\thumb\v6-m\nofp\libc_nano.a(libc_a-localeconv.o)
 .text.__localeconv_l
                0x08003bac        0x4 C:\Program Files\ARM GNU Toolchain\arm-none-eabi\lib\thumb\v6-m\nofp\libc_nano.a(libc_a-localeconv.o)
                0x08003bac                __localeconv_l
 .text._localeconv_r
                0x08003bb0        0x8 C:\Program Files\ARM GNU Toolchain\arm-none-eabi\lib\thumb\v6-m\nofp\libc_nano.a(libc_a-localeconv.o)
                0x08003bb0                _localeconv_r
 .text.localeconv
                0x08003bb8        0x8 C:\Program Files\ARM GNU Toolchain\arm-none-eabi\lib\thumb\v6-m\nofp\libc_nano.a(libc_a-localeconv.o)
                0x08003bb8                localeconv
 .text          0x08003bc0        0x0 C:\Program Files\ARM GNU Toolchain\arm-none-eabi\lib\thumb\v6-m\nofp\libc_nano.a(libc_a-impure.o)
 .text          0x08003bc0        0x0 C:\Program Files\ARM GNU Toolchain\arm-none-eabi\lib\thumb\v6-m\nofp\libc_nano.a(libc_a-lock.o)
 .text.__retarget_lock_init
                0x08003bc0        0x2 C:\Program Files\ARM GNU Toolchain\arm-none-eabi\lib\thumb\v6-m\nofp\libc_nano.a(libc_a-lock.o)
                0x08003bc0                __retarget_lock_init
 .text.__retarget_lock_init_recursive
                0x08003bc2        0x2 C:\Program Files\ARM GNU Toolchain\arm-none-eabi\lib\thumb\v6-m\nofp\libc_nano.a(libc_a-lock.o)
                0x08003bc2                __retarget_lock_init_recursive
 .text.__retarget_lock_close
                0x08003bc4        0x2 C:\Program Files\ARM GNU Toolchain\arm-none-eabi\lib\thumb\v6-m\nofp\libc_nano.a(libc_a-lock.o)
                0x08003bc4                __retarget_lock_close
 .text.__retarget_lock_close_recursive
                0x08003bc6        0x2 C:\Program Files\ARM GNU Toolchain\arm-none-eabi\lib\thumb\v6-m\nofp\libc_nano.a(libc_a-lock.o)
                0x08003bc6                __retarget_lock_close_recursive
 .text.__retarget_lock_acquire
                0x08003bc8        0x2 C:\Program Files\ARM GNU Toolchain\arm-none-eabi\lib\thumb\v6-m\nofp\libc_nano.a(libc_a-lock.o)
                0x08003bc8                __retarget_lock_acquire
 .text.__retarget_lock_acquire_recursive
                0x08003bca        0x2 C:\Program Files\ARM GNU Toolchain\arm-none-eabi\lib\thumb\v6-m\nofp\libc_nano.a(libc_a-lock.o)
                0x08003bca                __retarget_lock_acquire_recursive
 .text.__retarget_lock_try_acquire
                0x08003bcc        0x4 C:\Program Files\ARM GNU Toolchain\arm-none-eabi\lib\thumb\v6-m\nofp\libc_nano.a(libc_a-lock.o)
                0x08003bcc                __retarget_lock_try_acquire
 .text.__retarget_lock_try_acquire_recursive
                0x08003bd0        0x4 C:\Program Files\ARM GNU Toolchain\arm-none-eabi\lib\thumb\v6-m\nofp\libc_nano.a(libc_a-lock.o)
                0x08003bd0                __retarget_lock_try_acquire_recursive
 .text.__retarget_lock_release
                0x08003bd4        0x2 C:\Program Files\ARM GNU Toolchain\arm-none-eabi\lib\thumb\v6-m\nofp\libc_nano.a(libc_a-lock.o)
                0x08003bd4                __retarget_lock_release
 .text.__retarget_lock_release_recursive
                0x08003bd6        0x2 C:\Program Files\ARM GNU Toolchain\arm-none-eabi\lib\thumb\v6-m\nofp\libc_nano.a(libc_a-lock.o)
                0x08003bd6                __retarget_lock_release_recursive
 .text          0x08003bd8        0x0 C:\Program Files\ARM GNU Toolchain\arm-none-eabi\lib\thumb\v6-m\nofp\libc_nano.a(libc_a-memchr-stub.o)
 .text.memchr   0x08003bd8       0x16 C:\Program Files\ARM GNU Toolchain\arm-none-eabi\lib\thumb\v6-m\nofp\libc_nano.a(libc_a-memchr-stub.o)
                0x08003bd8                memchr
 .text          0x08003bee        0xe C:\Program Files\ARM GNU Toolchain\arm-none-eabi\lib\thumb\v6-m\nofp\libc_nano.a(libc_a-strlen.o)
                0x08003bee                strlen
 .text          0x08003bfc        0x0 C:\Program Files\ARM GNU Toolchain\arm-none-eabi\lib\thumb\v6-m\nofp\libc_nano.a(libc_a-dtoa.o)
 .text.quorem   0x08003bfc      0x11c C:\Program Files\ARM GNU Toolchain\arm-none-eabi\lib\thumb\v6-m\nofp\libc_nano.a(libc_a-dtoa.o)
 .text._dtoa_r  0x08003d18      0xbc4 C:\Program Files\ARM GNU Toolchain\arm-none-eabi\lib\thumb\v6-m\nofp\libc_nano.a(libc_a-dtoa.o)
                0x08003d18                _dtoa_r
 .text          0x080048dc        0x0 C:\Program Files\ARM GNU Toolchain\arm-none-eabi\lib\thumb\v6-m\nofp\libc_nano.a(libc_a-freer.o)
 .text._free_r  0x080048dc       0x94 C:\Program Files\ARM GNU Toolchain\arm-none-eabi\lib\thumb\v6-m\nofp\libc_nano.a(libc_a-freer.o)
                0x080048dc                _free_r
 .text          0x08004970        0x0 C:\Program Files\ARM GNU Toolchain\arm-none-eabi\lib\thumb\v6-m\nofp\libc_nano.a(libc_a-malloc.o)
 .text.malloc   0x08004970       0x14 C:\Program Files\ARM GNU Toolchain\arm-none-eabi\lib\thumb\v6-m\nofp\libc_nano.a(libc_a-malloc.o)
                0x08004970                malloc
 .text.free     0x08004984       0x14 C:\Program Files\ARM GNU Toolchain\arm-none-eabi\lib\thumb\v6-m\nofp\libc_nano.a(libc_a-malloc.o)
                0x08004984                free
 .text          0x08004998        0x0 C:\Program Files\ARM GNU Toolchain\arm-none-eabi\lib\thumb\v6-m\nofp\libc_nano.a(libc_a-mallocr.o)
 .text.sbrk_aligned
                0x08004998       0x44 C:\Program Files\ARM GNU Toolchain\arm-none-eabi\lib\thumb\v6-m\nofp\libc_nano.a(libc_a-mallocr.o)
 .text._malloc_r
                0x080049dc      0x100 C:\Program Files\ARM GNU Toolchain\arm-none-eabi\lib\thumb\v6-m\nofp\libc_nano.a(libc_a-mallocr.o)
                0x080049dc                _malloc_r
 .text          0x08004adc        0x0 C:\Program Files\ARM GNU Toolchain\arm-none-eabi\lib\thumb\v6-m\nofp\libc_nano.a(libc_a-mlock.o)
 .text.__malloc_lock
                0x08004adc       0x10 C:\Program Files\ARM GNU Toolchain\arm-none-eabi\lib\thumb\v6-m\nofp\libc_nano.a(libc_a-mlock.o)
                0x08004adc                __malloc_lock
 .text.__malloc_unlock
                0x08004aec       0x10 C:\Program Files\ARM GNU Toolchain\arm-none-eabi\lib\thumb\v6-m\nofp\libc_nano.a(libc_a-mlock.o)
                0x08004aec                __malloc_unlock
 .text          0x08004afc        0x0 C:\Program Files\ARM GNU Toolchain\arm-none-eabi\lib\thumb\v6-m\nofp\libc_nano.a(libc_a-mprec.o)
 .text._Balloc  0x08004afc       0x84 C:\Program Files\ARM GNU Toolchain\arm-none-eabi\lib\thumb\v6-m\nofp\libc_nano.a(libc_a-mprec.o)
                0x08004afc                _Balloc
 .text._Bfree   0x08004b80       0x4c C:\Program Files\ARM GNU Toolchain\arm-none-eabi\lib\thumb\v6-m\nofp\libc_nano.a(libc_a-mprec.o)
                0x08004b80                _Bfree
 .text.__multadd
                0x08004bcc       0x88 C:\Program Files\ARM GNU Toolchain\arm-none-eabi\lib\thumb\v6-m\nofp\libc_nano.a(libc_a-mprec.o)
                0x08004bcc                __multadd
 .text.__s2b    0x08004c54       0x98 C:\Program Files\ARM GNU Toolchain\arm-none-eabi\lib\thumb\v6-m\nofp\libc_nano.a(libc_a-mprec.o)
                0x08004c54                __s2b
 .text.__hi0bits
                0x08004cec       0x42 C:\Program Files\ARM GNU Toolchain\arm-none-eabi\lib\thumb\v6-m\nofp\libc_nano.a(libc_a-mprec.o)
                0x08004cec                __hi0bits
 .text.__lo0bits
                0x08004d2e       0x60 C:\Program Files\ARM GNU Toolchain\arm-none-eabi\lib\thumb\v6-m\nofp\libc_nano.a(libc_a-mprec.o)
                0x08004d2e                __lo0bits
 *fill*         0x08004d8e        0x2 
 .text.__i2b    0x08004d90       0x2c C:\Program Files\ARM GNU Toolchain\arm-none-eabi\lib\thumb\v6-m\nofp\libc_nano.a(libc_a-mprec.o)
                0x08004d90                __i2b
 .text.__multiply
                0x08004dbc      0x174 C:\Program Files\ARM GNU Toolchain\arm-none-eabi\lib\thumb\v6-m\nofp\libc_nano.a(libc_a-mprec.o)
                0x08004dbc                __multiply
 .text.__pow5mult
                0x08004f30       0xc4 C:\Program Files\ARM GNU Toolchain\arm-none-eabi\lib\thumb\v6-m\nofp\libc_nano.a(libc_a-mprec.o)
                0x08004f30                __pow5mult
 .text.__lshift
                0x08004ff4       0xd8 C:\Program Files\ARM GNU Toolchain\arm-none-eabi\lib\thumb\v6-m\nofp\libc_nano.a(libc_a-mprec.o)
                0x08004ff4                __lshift
 .text.__mcmp   0x080050cc       0x34 C:\Program Files\ARM GNU Toolchain\arm-none-eabi\lib\thumb\v6-m\nofp\libc_nano.a(libc_a-mprec.o)
                0x080050cc                __mcmp
 .text.__mdiff  0x08005100      0x144 C:\Program Files\ARM GNU Toolchain\arm-none-eabi\lib\thumb\v6-m\nofp\libc_nano.a(libc_a-mprec.o)
                0x08005100                __mdiff
 .text.__ulp    0x08005244       0x40 C:\Program Files\ARM GNU Toolchain\arm-none-eabi\lib\thumb\v6-m\nofp\libc_nano.a(libc_a-mprec.o)
                0x08005244                __ulp
 .text.__b2d    0x08005284       0x98 C:\Program Files\ARM GNU Toolchain\arm-none-eabi\lib\thumb\v6-m\nofp\libc_nano.a(libc_a-mprec.o)
                0x08005284                __b2d
 .text.__d2b    0x0800531c       0xc0 C:\Program Files\ARM GNU Toolchain\arm-none-eabi\lib\thumb\v6-m\nofp\libc_nano.a(libc_a-mprec.o)
                0x0800531c                __d2b
 .text.__ratio  0x080053dc       0x52 C:\Program Files\ARM GNU Toolchain\arm-none-eabi\lib\thumb\v6-m\nofp\libc_nano.a(libc_a-mprec.o)
                0x080053dc                __ratio
 *fill*         0x0800542e        0x2 
 .text._mprec_log10
                0x08005430       0x34 C:\Program Files\ARM GNU Toolchain\arm-none-eabi\lib\thumb\v6-m\nofp\libc_nano.a(libc_a-mprec.o)
                0x08005430                _mprec_log10
 .text.__copybits
                0x08005464       0x42 C:\Program Files\ARM GNU Toolchain\arm-none-eabi\lib\thumb\v6-m\nofp\libc_nano.a(libc_a-mprec.o)
                0x08005464                __copybits
 .text.__any_on
                0x080054a6       0x46 C:\Program Files\ARM GNU Toolchain\arm-none-eabi\lib\thumb\v6-m\nofp\libc_nano.a(libc_a-mprec.o)
                0x080054a6                __any_on
 .text          0x080054ec        0x0 C:\Program Files\ARM GNU Toolchain\arm-none-eabi\lib\thumb\v6-m\nofp\libc_nano.a(libc_a-nano-vfprintf.o)
 .text.__sfputc_r
                0x080054ec       0x2a C:\Program Files\ARM GNU Toolchain\arm-none-eabi\lib\thumb\v6-m\nofp\libc_nano.a(libc_a-nano-vfprintf.o)
 .text.__sfputs_r
                0x08005516       0x24 C:\Program Files\ARM GNU Toolchain\arm-none-eabi\lib\thumb\v6-m\nofp\libc_nano.a(libc_a-nano-vfprintf.o)
                0x08005516                __sfputs_r
 .text.__sprint_r
                0x0800553a       0x20 C:\Program Files\ARM GNU Toolchain\arm-none-eabi\lib\thumb\v6-m\nofp\libc_nano.a(libc_a-nano-vfprintf.o)
                0x0800553a                __sprint_r
 *fill*         0x0800555a        0x2 
 .text._vfprintf_r
                0x0800555c      0x224 C:\Program Files\ARM GNU Toolchain\arm-none-eabi\lib\thumb\v6-m\nofp\libc_nano.a(libc_a-nano-vfprintf.o)
                0x0800555c                _vfprintf_r
                0x0800555c                _vfiprintf_r
 .text.vfprintf
                0x08005780       0x18 C:\Program Files\ARM GNU Toolchain\arm-none-eabi\lib\thumb\v6-m\nofp\libc_nano.a(libc_a-nano-vfprintf.o)
                0x08005780                vfprintf
                0x08005780                vfiprintf
 .text          0x08005798        0x0 C:\Program Files\ARM GNU Toolchain\arm-none-eabi\lib\thumb\v6-m\nofp\libc_nano.a(libc_a-fflush.o)
 .text.__sflush_r
                0x08005798      0x10c C:\Program Files\ARM GNU Toolchain\arm-none-eabi\lib\thumb\v6-m\nofp\libc_nano.a(libc_a-fflush.o)
                0x08005798                __sflush_r
 .text._fflush_r
                0x080058a4       0x56 C:\Program Files\ARM GNU Toolchain\arm-none-eabi\lib\thumb\v6-m\nofp\libc_nano.a(libc_a-fflush.o)
                0x080058a4                _fflush_r
 *fill*         0x080058fa        0x2 
 .text.fflush   0x080058fc       0x30 C:\Program Files\ARM GNU Toolchain\arm-none-eabi\lib\thumb\v6-m\nofp\libc_nano.a(libc_a-fflush.o)
                0x080058fc                fflush
 .text          0x0800592c        0x0 C:\Program Files\ARM GNU Toolchain\arm-none-eabi\lib\thumb\v6-m\nofp\libc_nano.a(libc_a-findfp.o)
 .text.std      0x0800592c       0x6c C:\Program Files\ARM GNU Toolchain\arm-none-eabi\lib\thumb\v6-m\nofp\libc_nano.a(libc_a-findfp.o)
 .text.stdio_exit_handler
                0x08005998       0x1c C:\Program Files\ARM GNU Toolchain\arm-none-eabi\lib\thumb\v6-m\nofp\libc_nano.a(libc_a-findfp.o)
 .text.cleanup_stdio
                0x080059b4       0x3c C:\Program Files\ARM GNU Toolchain\arm-none-eabi\lib\thumb\v6-m\nofp\libc_nano.a(libc_a-findfp.o)
 .text.__fp_lock
                0x080059f0       0x18 C:\Program Files\ARM GNU Toolchain\arm-none-eabi\lib\thumb\v6-m\nofp\libc_nano.a(libc_a-findfp.o)
 .text.__fp_unlock
                0x08005a08       0x18 C:\Program Files\ARM GNU Toolchain\arm-none-eabi\lib\thumb\v6-m\nofp\libc_nano.a(libc_a-findfp.o)
 .text.global_stdio_init.part.0
                0x08005a20       0x3c C:\Program Files\ARM GNU Toolchain\arm-none-eabi\lib\thumb\v6-m\nofp\libc_nano.a(libc_a-findfp.o)
 .text.__sfp_lock_acquire
                0x08005a5c       0x10 C:\Program Files\ARM GNU Toolchain\arm-none-eabi\lib\thumb\v6-m\nofp\libc_nano.a(libc_a-findfp.o)
                0x08005a5c                __sfp_lock_acquire
 .text.__sfp_lock_release
                0x08005a6c       0x10 C:\Program Files\ARM GNU Toolchain\arm-none-eabi\lib\thumb\v6-m\nofp\libc_nano.a(libc_a-findfp.o)
                0x08005a6c                __sfp_lock_release
 .text.__sfp    0x08005a7c       0xac C:\Program Files\ARM GNU Toolchain\arm-none-eabi\lib\thumb\v6-m\nofp\libc_nano.a(libc_a-findfp.o)
                0x08005a7c                __sfp
 .text.__sinit  0x08005b28       0x30 C:\Program Files\ARM GNU Toolchain\arm-none-eabi\lib\thumb\v6-m\nofp\libc_nano.a(libc_a-findfp.o)
                0x08005b28                __sinit
 .text.__fp_lock_all
                0x08005b58       0x1c C:\Program Files\ARM GNU Toolchain\arm-none-eabi\lib\thumb\v6-m\nofp\libc_nano.a(libc_a-findfp.o)
                0x08005b58                __fp_lock_all
 .text.__fp_unlock_all
                0x08005b74       0x1c C:\Program Files\ARM GNU Toolchain\arm-none-eabi\lib\thumb\v6-m\nofp\libc_nano.a(libc_a-findfp.o)
                0x08005b74                __fp_unlock_all
 .text          0x08005b90        0x0 C:\Program Files\ARM GNU Toolchain\arm-none-eabi\lib\thumb\v6-m\nofp\libc_nano.a(libc_a-fvwrite.o)
 .text.__sfvwrite_r
                0x08005b90      0x2c0 C:\Program Files\ARM GNU Toolchain\arm-none-eabi\lib\thumb\v6-m\nofp\libc_nano.a(libc_a-fvwrite.o)
                0x08005b90                __sfvwrite_r
 .text          0x08005e50        0x0 C:\Program Files\ARM GNU Toolchain\arm-none-eabi\lib\thumb\v6-m\nofp\libc_nano.a(libc_a-fwalk.o)
 .text._fwalk_sglue
                0x08005e50       0x38 C:\Program Files\ARM GNU Toolchain\arm-none-eabi\lib\thumb\v6-m\nofp\libc_nano.a(libc_a-fwalk.o)
                0x08005e50                _fwalk_sglue
 .text          0x08005e88        0x0 C:\Program Files\ARM GNU Toolchain\arm-none-eabi\lib\thumb\v6-m\nofp\libc_nano.a(libc_a-makebuf.o)
 .text.__swhatbuf_r
                0x08005e88       0x54 C:\Program Files\ARM GNU Toolchain\arm-none-eabi\lib\thumb\v6-m\nofp\libc_nano.a(libc_a-makebuf.o)
                0x08005e88                __swhatbuf_r
 .text.__smakebuf_r
                0x08005edc       0x72 C:\Program Files\ARM GNU Toolchain\arm-none-eabi\lib\thumb\v6-m\nofp\libc_nano.a(libc_a-makebuf.o)
                0x08005edc                __smakebuf_r
 .text          0x08005f4e        0x0 C:\Program Files\ARM GNU Toolchain\arm-none-eabi\lib\thumb\v6-m\nofp\libc_nano.a(libc_a-putc.o)
 .text._putc_r  0x08005f4e       0x6c C:\Program Files\ARM GNU Toolchain\arm-none-eabi\lib\thumb\v6-m\nofp\libc_nano.a(libc_a-putc.o)
                0x08005f4e                _putc_r
 *fill*         0x08005fba        0x2 
 .text.putc     0x08005fbc       0x14 C:\Program Files\ARM GNU Toolchain\arm-none-eabi\lib\thumb\v6-m\nofp\libc_nano.a(libc_a-putc.o)
                0x08005fbc                putc
 .text          0x08005fd0        0x0 C:\Program Files\ARM GNU Toolchain\arm-none-eabi\lib\thumb\v6-m\nofp\libc_nano.a(libc_a-stdio.o)
 .text.__sread  0x08005fd0       0x28 C:\Program Files\ARM GNU Toolchain\arm-none-eabi\lib\thumb\v6-m\nofp\libc_nano.a(libc_a-stdio.o)
                0x08005fd0                __sread
 .text.__seofread
                0x08005ff8        0x4 C:\Program Files\ARM GNU Toolchain\arm-none-eabi\lib\thumb\v6-m\nofp\libc_nano.a(libc_a-stdio.o)
                0x08005ff8                __seofread
 .text.__swrite
                0x08005ffc       0x38 C:\Program Files\ARM GNU Toolchain\arm-none-eabi\lib\thumb\v6-m\nofp\libc_nano.a(libc_a-stdio.o)
                0x08005ffc                __swrite
 .text.__sseek  0x08006034       0x2c C:\Program Files\ARM GNU Toolchain\arm-none-eabi\lib\thumb\v6-m\nofp\libc_nano.a(libc_a-stdio.o)
                0x08006034                __sseek
 .text.__sclose
                0x08006060        0xc C:\Program Files\ARM GNU Toolchain\arm-none-eabi\lib\thumb\v6-m\nofp\libc_nano.a(libc_a-stdio.o)
                0x08006060                __sclose
 .text          0x0800606c        0x0 C:\Program Files\ARM GNU Toolchain\arm-none-eabi\lib\thumb\v6-m\nofp\libc_nano.a(libc_a-memmove.o)
 .text.memmove  0x0800606c       0x26 C:\Program Files\ARM GNU Toolchain\arm-none-eabi\lib\thumb\v6-m\nofp\libc_nano.a(libc_a-memmove.o)
                0x0800606c                memmove
 .text          0x08006092        0x0 C:\Program Files\ARM GNU Toolchain\arm-none-eabi\lib\thumb\v6-m\nofp\libc_nano.a(libc_a-locale.o)
 *fill*         0x08006092        0x2 
 .text._setlocale_r
                0x08006094       0x40 C:\Program Files\ARM GNU Toolchain\arm-none-eabi\lib\thumb\v6-m\nofp\libc_nano.a(libc_a-locale.o)
                0x08006094                _setlocale_r
 .text.__locale_mb_cur_max
                0x080060d4       0x10 C:\Program Files\ARM GNU Toolchain\arm-none-eabi\lib\thumb\v6-m\nofp\libc_nano.a(libc_a-locale.o)
                0x080060d4                __locale_mb_cur_max
 .text.setlocale
                0x080060e4       0x14 C:\Program Files\ARM GNU Toolchain\arm-none-eabi\lib\thumb\v6-m\nofp\libc_nano.a(libc_a-locale.o)
                0x080060e4                setlocale
 .text          0x080060f8        0x0 C:\Program Files\ARM GNU Toolchain\arm-none-eabi\lib\thumb\v6-m\nofp\libc_nano.a(libc_a-closer.o)
 .text._close_r
                0x080060f8       0x24 C:\Program Files\ARM GNU Toolchain\arm-none-eabi\lib\thumb\v6-m\nofp\libc_nano.a(libc_a-closer.o)
                0x080060f8                _close_r
 .text          0x0800611c        0x0 C:\Program Files\ARM GNU Toolchain\arm-none-eabi\lib\thumb\v6-m\nofp\libc_nano.a(libc_a-fstatr.o)
 .text._fstat_r
                0x0800611c       0x24 C:\Program Files\ARM GNU Toolchain\arm-none-eabi\lib\thumb\v6-m\nofp\libc_nano.a(libc_a-fstatr.o)
                0x0800611c                _fstat_r
 .text          0x08006140        0x0 C:\Program Files\ARM GNU Toolchain\arm-none-eabi\lib\thumb\v6-m\nofp\libc_nano.a(libc_a-isattyr.o)
 .text._isatty_r
                0x08006140       0x24 C:\Program Files\ARM GNU Toolchain\arm-none-eabi\lib\thumb\v6-m\nofp\libc_nano.a(libc_a-isattyr.o)
                0x08006140                _isatty_r
 .text          0x08006164        0x0 C:\Program Files\ARM GNU Toolchain\arm-none-eabi\lib\thumb\v6-m\nofp\libc_nano.a(libc_a-lseekr.o)
 .text._lseek_r
                0x08006164       0x28 C:\Program Files\ARM GNU Toolchain\arm-none-eabi\lib\thumb\v6-m\nofp\libc_nano.a(libc_a-lseekr.o)
                0x08006164                _lseek_r
 .text          0x0800618c        0x0 C:\Program Files\ARM GNU Toolchain\arm-none-eabi\lib\thumb\v6-m\nofp\libc_nano.a(libc_a-readr.o)
 .text._read_r  0x0800618c       0x28 C:\Program Files\ARM GNU Toolchain\arm-none-eabi\lib\thumb\v6-m\nofp\libc_nano.a(libc_a-readr.o)
                0x0800618c                _read_r
 .text          0x080061b4        0x0 C:\Program Files\ARM GNU Toolchain\arm-none-eabi\lib\thumb\v6-m\nofp\libc_nano.a(libc_a-sbrkr.o)
 .text._sbrk_r  0x080061b4       0x24 C:\Program Files\ARM GNU Toolchain\arm-none-eabi\lib\thumb\v6-m\nofp\libc_nano.a(libc_a-sbrkr.o)
                0x080061b4                _sbrk_r
 .text          0x080061d8        0x0 C:\Program Files\ARM GNU Toolchain\arm-none-eabi\lib\thumb\v6-m\nofp\libc_nano.a(libc_a-writer.o)
 .text._write_r
                0x080061d8       0x28 C:\Program Files\ARM GNU Toolchain\arm-none-eabi\lib\thumb\v6-m\nofp\libc_nano.a(libc_a-writer.o)
                0x080061d8                _write_r
 .text          0x08006200       0x14 C:\Program Files\ARM GNU Toolchain\arm-none-eabi\lib\thumb\v6-m\nofp\libc_nano.a(libc_a-strcmp.o)
                0x08006200                strcmp
 .text          0x08006214        0x0 C:\Program Files\ARM GNU Toolchain\arm-none-eabi\lib\thumb\v6-m\nofp\libc_nano.a(libc_a-memcpy-stub.o)
 .text.memcpy   0x08006214       0x12 C:\Program Files\ARM GNU Toolchain\arm-none-eabi\lib\thumb\v6-m\nofp\libc_nano.a(libc_a-memcpy-stub.o)
                0x08006214                memcpy
 .text          0x08006226        0x0 C:\Program Files\ARM GNU Toolchain\arm-none-eabi\lib\thumb\v6-m\nofp\libc_nano.a(libc_a-assert.o)
 *fill*         0x08006226        0x2 
 .text.__assert_func
                0x08006228       0x3c C:\Program Files\ARM GNU Toolchain\arm-none-eabi\lib\thumb\v6-m\nofp\libc_nano.a(libc_a-assert.o)
                0x08006228                __assert_func
 .text.__assert
                0x08006264        0xa C:\Program Files\ARM GNU Toolchain\arm-none-eabi\lib\thumb\v6-m\nofp\libc_nano.a(libc_a-assert.o)
                0x08006264                __assert
 .text          0x0800626e        0x0 C:\Program Files\ARM GNU Toolchain\arm-none-eabi\lib\thumb\v6-m\nofp\libc_nano.a(libc_a-callocr.o)
 .text._calloc_r
                0x0800626e       0x5a C:\Program Files\ARM GNU Toolchain\arm-none-eabi\lib\thumb\v6-m\nofp\libc_nano.a(libc_a-callocr.o)
                0x0800626e                _calloc_r
 .text          0x080062c8        0x0 C:\Program Files\ARM GNU Toolchain\arm-none-eabi\lib\thumb\v6-m\nofp\libc_nano.a(libc_a-mbtowc_r.o)
 .text._mbtowc_r
                0x080062c8       0x14 C:\Program Files\ARM GNU Toolchain\arm-none-eabi\lib\thumb\v6-m\nofp\libc_nano.a(libc_a-mbtowc_r.o)
                0x080062c8                _mbtowc_r
 .text.__ascii_mbtowc
                0x080062dc       0x24 C:\Program Files\ARM GNU Toolchain\arm-none-eabi\lib\thumb\v6-m\nofp\libc_nano.a(libc_a-mbtowc_r.o)
                0x080062dc                __ascii_mbtowc
 .text          0x08006300        0x0 C:\Program Files\ARM GNU Toolchain\arm-none-eabi\lib\thumb\v6-m\nofp\libc_nano.a(libc_a-reallocr.o)
 .text._realloc_r
                0x08006300       0x60 C:\Program Files\ARM GNU Toolchain\arm-none-eabi\lib\thumb\v6-m\nofp\libc_nano.a(libc_a-reallocr.o)
                0x08006300                _realloc_r
 .text          0x08006360        0x0 C:\Program Files\ARM GNU Toolchain\arm-none-eabi\lib\thumb\v6-m\nofp\libc_nano.a(libc_a-wctomb_r.o)
 .text._wctomb_r
                0x08006360       0x10 C:\Program Files\ARM GNU Toolchain\arm-none-eabi\lib\thumb\v6-m\nofp\libc_nano.a(libc_a-wctomb_r.o)
                0x08006360                _wctomb_r
 .text.__ascii_wctomb
                0x08006370       0x18 C:\Program Files\ARM GNU Toolchain\arm-none-eabi\lib\thumb\v6-m\nofp\libc_nano.a(libc_a-wctomb_r.o)
                0x08006370                __ascii_wctomb
 .text          0x08006388        0x0 C:\Program Files\ARM GNU Toolchain\arm-none-eabi\lib\thumb\v6-m\nofp\libc_nano.a(libc_a-ctype_.o)
 .text          0x08006388        0x0 C:\Program Files\ARM GNU Toolchain\arm-none-eabi\lib\thumb\v6-m\nofp\libc_nano.a(libc_a-fprintf.o)
 .text._fprintf_r
                0x08006388       0x16 C:\Program Files\ARM GNU Toolchain\arm-none-eabi\lib\thumb\v6-m\nofp\libc_nano.a(libc_a-fprintf.o)
                0x08006388                _fiprintf_r
                0x08006388                _fprintf_r
 *fill*         0x0800639e        0x2 
 .text.fprintf  0x080063a0       0x20 C:\Program Files\ARM GNU Toolchain\arm-none-eabi\lib\thumb\v6-m\nofp\libc_nano.a(libc_a-fprintf.o)
                0x080063a0                fiprintf
                0x080063a0                fprintf
 .text          0x080063c0        0x0 C:\Program Files\ARM GNU Toolchain\arm-none-eabi\lib\thumb\v6-m\nofp\libc_nano.a(libc_a-abort.o)
 .text.abort    0x080063c0        0xe C:\Program Files\ARM GNU Toolchain\arm-none-eabi\lib\thumb\v6-m\nofp\libc_nano.a(libc_a-abort.o)
                0x080063c0                abort
 .text          0x080063ce        0x0 C:\Program Files\ARM GNU Toolchain\arm-none-eabi\lib\thumb\v6-m\nofp\libc_nano.a(libc_a-msizer.o)
 .text._malloc_usable_size_r
                0x080063ce       0x10 C:\Program Files\ARM GNU Toolchain\arm-none-eabi\lib\thumb\v6-m\nofp\libc_nano.a(libc_a-msizer.o)
                0x080063ce                _malloc_usable_size_r
 .text          0x080063de        0x0 C:\Program Files\ARM GNU Toolchain\arm-none-eabi\lib\thumb\v6-m\nofp\libc_nano.a(libc_a-signal.o)
 .text._init_signal_r
                0x080063de       0x2a C:\Program Files\ARM GNU Toolchain\arm-none-eabi\lib\thumb\v6-m\nofp\libc_nano.a(libc_a-signal.o)
                0x080063de                _init_signal_r
 .text._signal_r
                0x08006408       0x30 C:\Program Files\ARM GNU Toolchain\arm-none-eabi\lib\thumb\v6-m\nofp\libc_nano.a(libc_a-signal.o)
                0x08006408                _signal_r
 .text._raise_r
                0x08006438       0x52 C:\Program Files\ARM GNU Toolchain\arm-none-eabi\lib\thumb\v6-m\nofp\libc_nano.a(libc_a-signal.o)
                0x08006438                _raise_r
 .text.__sigtramp_r
                0x0800648a       0x46 C:\Program Files\ARM GNU Toolchain\arm-none-eabi\lib\thumb\v6-m\nofp\libc_nano.a(libc_a-signal.o)
                0x0800648a                __sigtramp_r
 .text.raise    0x080064d0       0x14 C:\Program Files\ARM GNU Toolchain\arm-none-eabi\lib\thumb\v6-m\nofp\libc_nano.a(libc_a-signal.o)
                0x080064d0                raise
 .text.signal   0x080064e4       0x14 C:\Program Files\ARM GNU Toolchain\arm-none-eabi\lib\thumb\v6-m\nofp\libc_nano.a(libc_a-signal.o)
                0x080064e4                signal
 .text._init_signal
                0x080064f8       0x10 C:\Program Files\ARM GNU Toolchain\arm-none-eabi\lib\thumb\v6-m\nofp\libc_nano.a(libc_a-signal.o)
                0x080064f8                _init_signal
 .text.__sigtramp
                0x08006508       0x14 C:\Program Files\ARM GNU Toolchain\arm-none-eabi\lib\thumb\v6-m\nofp\libc_nano.a(libc_a-signal.o)
                0x08006508                __sigtramp
 .text          0x0800651c        0x0 C:\Program Files\ARM GNU Toolchain\arm-none-eabi\lib\thumb\v6-m\nofp\libc_nano.a(libc_a-signalr.o)
 .text._kill_r  0x0800651c       0x24 C:\Program Files\ARM GNU Toolchain\arm-none-eabi\lib\thumb\v6-m\nofp\libc_nano.a(libc_a-signalr.o)
                0x0800651c                _kill_r
 .text._getpid_r
                0x08006540        0x8 C:\Program Files\ARM GNU Toolchain\arm-none-eabi\lib\thumb\v6-m\nofp\libc_nano.a(libc_a-signalr.o)
                0x08006540                _getpid_r
 .text          0x08006548       0x14 C:\Program Files\ARM GNU Toolchain\lib\gcc\arm-none-eabi\15.2.1\thumb\v6-m\nofp\libgcc.a(_thumb1_case_uqi.o)
                0x08006548                __gnu_thumb1_case_uqi
 .text          0x0800655c       0x14 C:\Program Files\ARM GNU Toolchain\lib\gcc\arm-none-eabi\15.2.1\thumb\v6-m\nofp\libgcc.a(_thumb1_case_shi.o)
                0x0800655c                __gnu_thumb1_case_shi
 .text          0x08006570       0x7c C:\Program Files\ARM GNU Toolchain\lib\gcc\arm-none-eabi\15.2.1\thumb\v6-m\nofp\libgcc.a(_arm_cmpdf2.o)
                0x08006570                __aeabi_cdrcmple
                0x08006580                __aeabi_cdcmple
                0x08006580                __aeabi_cdcmpeq
                0x08006590                __aeabi_dcmpeq
                0x0800659c                __aeabi_dcmplt
                0x080065b0                __aeabi_dcmple
                0x080065c4                __aeabi_dcmpgt
                0x080065d8                __aeabi_dcmpge
 .text          0x080065ec        0x0 C:\Program Files\ARM GNU Toolchain\lib\gcc\arm-none-eabi\15.2.1\thumb\v6-m\nofp\libgcc.a(eqdf2.o)
 .text.__eqdf2  0x080065ec       0x94 C:\Program Files\ARM GNU Toolchain\lib\gcc\arm-none-eabi\15.2.1\thumb\v6-m\nofp\libgcc.a(eqdf2.o)
                0x080065ec                __nedf2
                0x080065ec                __eqdf2
 .text          0x08006680        0x0 C:\Program Files\ARM GNU Toolchain\lib\gcc\arm-none-eabi\15.2.1\thumb\v6-m\nofp\libgcc.a(gedf2.o)
 .text.__gedf2  0x08006680       0xd4 C:\Program Files\ARM GNU Toolchain\lib\gcc\arm-none-eabi\15.2.1\thumb\v6-m\nofp\libgcc.a(gedf2.o)
                0x08006680                __gedf2
                0x08006680                __gtdf2
 .text          0x08006754        0x0 C:\Program Files\ARM GNU Toolchain\lib\gcc\arm-none-eabi\15.2.1\thumb\v6-m\nofp\libgcc.a(ledf2.o)
 .text.__ledf2  0x08006754       0xd4 C:\Program Files\ARM GNU Toolchain\lib\gcc\arm-none-eabi\15.2.1\thumb\v6-m\nofp\libgcc.a(ledf2.o)
                0x08006754                __ledf2
                0x08006754                __ltdf2
 .text          0x08006828        0x0 C:\Program Files\ARM GNU Toolchain\lib\gcc\arm-none-eabi\15.2.1\thumb\v6-m\nofp\libgcc.a(unorddf2.o)
 .text.__aeabi_dcmpun
                0x08006828       0x40 C:\Program Files\ARM GNU Toolchain\lib\gcc\arm-none-eabi\15.2.1\thumb\v6-m\nofp\libgcc.a(unorddf2.o)
                0x08006828                __aeabi_dcmpun
 .text          0x08006868        0x0 C:\Program Files\ARM GNU Toolchain\lib\gcc\arm-none-eabi\15.2.1\thumb\v6-m\nofp\libgcc.a(floatunsidf.o)
 .text.__aeabi_ui2d
                0x08006868       0x48 C:\Program Files\ARM GNU Toolchain\lib\gcc\arm-none-eabi\15.2.1\thumb\v6-m\nofp\libgcc.a(floatunsidf.o)
                0x08006868                __aeabi_ui2d
 *(.rodata*)
 .rodata        0x080068b0      0x110 main.o
 .rodata        0x080069c0       0x7c startup.o
 .rodata.__aeabi_ddiv
                0x08006a3c       0x40 C:\Program Files\ARM GNU Toolchain\lib\gcc\arm-none-eabi\15.2.1\thumb\v6-m\nofp\libgcc.a(divdf3.o)
 .rodata._printf_float.str1.1
                0x08006a7c      0x177 C:\Program Files\ARM GNU Toolchain\arm-none-eabi\lib\thumb\v6-m\nofp\libc_nano.a(libc_a-nano-vfprintf_float.o)
                                 0x12 (size before relaxing)
 .rodata._printf_i.str1.1
                0x08006bf3        0x0 C:\Program Files\ARM GNU Toolchain\arm-none-eabi\lib\thumb\v6-m\nofp\libc_nano.a(libc_a-nano-vfprintf_i.o)
                                 0x22 (size before relaxing)
 .rodata._dtoa_r.str1.1
                0x08006bf3        0x0 C:\Program Files\ARM GNU Toolchain\arm-none-eabi\lib\thumb\v6-m\nofp\libc_nano.a(libc_a-dtoa.o)
                                 0x92 (size before relaxing)
 .rodata._Balloc.str1.1
                0x08006bf3        0x0 C:\Program Files\ARM GNU Toolchain\arm-none-eabi\lib\thumb\v6-m\nofp\libc_nano.a(libc_a-mprec.o)
                                 0x73 (size before relaxing)
 .rodata.__multadd.str1.1
                0x08006bf3        0x0 C:\Program Files\ARM GNU Toolchain\arm-none-eabi\lib\thumb\v6-m\nofp\libc_nano.a(libc_a-mprec.o)
                                 0x11 (size before relaxing)
 *fill*         0x08006bf3        0x1 
 .rodata.p05.0  0x08006bf4        0xc C:\Program Files\ARM GNU Toolchain\arm-none-eabi\lib\thumb\v6-m\nofp\libc_nano.a(libc_a-mprec.o)
 .rodata.__mprec_tinytens
                0x08006c00       0x28 C:\Program Files\ARM GNU Toolchain\arm-none-eabi\lib\thumb\v6-m\nofp\libc_nano.a(libc_a-mprec.o)
                0x08006c00                __mprec_tinytens
 .rodata.__mprec_bigtens
                0x08006c28       0x28 C:\Program Files\ARM GNU Toolchain\arm-none-eabi\lib\thumb\v6-m\nofp\libc_nano.a(libc_a-mprec.o)
                0x08006c28                __mprec_bigtens
 .rodata.__mprec_tens
                0x08006c50       0xc8 C:\Program Files\ARM GNU Toolchain\arm-none-eabi\lib\thumb\v6-m\nofp\libc_nano.a(libc_a-mprec.o)
                0x08006c50                __mprec_tens
 .rodata._vfprintf_r.str1.1
                0x08006d18        0x0 C:\Program Files\ARM GNU Toolchain\arm-none-eabi\lib\thumb\v6-m\nofp\libc_nano.a(libc_a-nano-vfprintf.o)
                                 0x11 (size before relaxing)
 .rodata._setlocale_r.str1.1
                0x08006d18        0x0 C:\Program Files\ARM GNU Toolchain\arm-none-eabi\lib\thumb\v6-m\nofp\libc_nano.a(libc_a-locale.o)
                                  0x9 (size before relaxing)
 .rodata.str1.1
                0x08006d18        0x0 C:\Program Files\ARM GNU Toolchain\arm-none-eabi\lib\thumb\v6-m\nofp\libc_nano.a(libc_a-locale.o)
                                  0x2 (size before relaxing)
 .rodata.__assert_func.str1.1
                0x08006d18        0x0 C:\Program Files\ARM GNU Toolchain\arm-none-eabi\lib\thumb\v6-m\nofp\libc_nano.a(libc_a-assert.o)
                                 0x3d (size before relaxing)
 .rodata._ctype_
                0x08006d18      0x101 C:\Program Files\ARM GNU Toolchain\arm-none-eabi\lib\thumb\v6-m\nofp\libc_nano.a(libc_a-ctype_.o)
                0x08006d18                _ctype_
                0x08006e1c                        . = ALIGN (0x4)
 *fill*         0x08006e19        0x3 
                0x08006e1c                        PROVIDE (__init_array_start = .)
 *(SORT_BY_NAME(.init_array.*))
 *(.init_array)
                0x08006e1c                        PROVIDE (__init_array_end = .)
                0x08006e1c                        . = ALIGN (0x4)
                0x08006e1c                        _etext = .

.glue_7         0x08006e1c        0x0
 .glue_7        0x08006e1c        0x0 linker stubs

.glue_7t        0x08006e1c        0x0
 .glue_7t       0x08006e1c        0x0 linker stubs

.vfp11_veneer   0x08006e1c        0x0
 .vfp11_veneer  0x08006e1c        0x0 linker stubs

.v4_bx          0x08006e1c        0x0
 .v4_bx         0x08006e1c        0x0 linker stubs

.iplt           0x08006e1c        0x0
 .iplt          0x08006e1c        0x0 main.o

.rel.dyn        0x08006e1c        0x0
 .rel.iplt      0x08006e1c        0x0 main.o

.data           0x20000000      0x1cc load address 0x08006e1c
                0x20000000                        . = ALIGN (0x4)
                0x20000000                        _data = .
 *(.data*)
 .data          0x20000000        0x0 main.o
 .data          0x20000000        0x0 startup.o
 .data          0x20000000        0x0 serial.o
 .data          0x20000000        0x4 newlib_stubs.o
                0x20000000                environ
 .data          0x20000004        0x0 C:\Program Files\ARM GNU Toolchain\arm-none-eabi\lib\thumb\v6-m\nofp\libnosys.a(errno.o)
 .data          0x20000004        0x0 C:\Program Files\ARM GNU Toolchain\lib\gcc\arm-none-eabi\15.2.1\thumb\v6-m\nofp\libgcc.a(_divsi3.o)
 .data          0x20000004        0x0 C:\Program Files\ARM GNU Toolchain\lib\gcc\arm-none-eabi\15.2.1\thumb\v6-m\nofp\libgcc.a(_dvmd_tls.o)
 .data          0x20000004        0x0 C:\Program Files\ARM GNU Toolchain\lib\gcc\arm-none-eabi\15.2.1\thumb\v6-m\nofp\libgcc.a(adddf3.o)
 .data          0x20000004        0x0 C:\Program Files\ARM GNU Toolchain\lib\gcc\arm-none-eabi\15.2.1\thumb\v6-m\nofp\libgcc.a(divdf3.o)
 .data          0x20000004        0x0 C:\Program Files\ARM GNU Toolchain\lib\gcc\arm-none-eabi\15.2.1\thumb\v6-m\nofp\libgcc.a(muldf3.o)
 .data          0x20000004        0x0 C:\Program Files\ARM GNU Toolchain\lib\gcc\arm-none-eabi\15.2.1\thumb\v6-m\nofp\libgcc.a(subdf3.o)
 .data          0x20000004        0x0 C:\Program Files\ARM GNU Toolchain\lib\gcc\arm-none-eabi\15.2.1\thumb\v6-m\nofp\libgcc.a(fixdfsi.o)
 .data          0x20000004        0x0 C:\Program Files\ARM GNU Toolchain\lib\gcc\arm-none-eabi\15.2.1\thumb\v6-m\nofp\libgcc.a(floatsidf.o)
 .data          0x20000004        0x0 C:\Program Files\ARM GNU Toolchain\lib\gcc\arm-none-eabi\15.2.1\thumb\v6-m\nofp\libgcc.a(_udivsi3.o)
 .data          0x20000004        0x0 C:\Program Files\ARM GNU Toolchain\lib\gcc\arm-none-eabi\15.2.1\thumb\v6-m\nofp\libgcc.a(_clzsi2.o)
 .data          0x20000004        0x0 C:\Program Files\ARM GNU Toolchain\arm-none-eabi\lib\thumb\v6-m\nofp\libc_nano.a(libc_a-nano-vfprintf_float.o)
 .data          0x20000004        0x0 C:\Program Files\ARM GNU Toolchain\arm-none-eabi\lib\thumb\v6-m\nofp\libc_nano.a(libc_a-nano-vfprintf_i.o)
 .data          0x20000004        0x0 C:\Program Files\ARM GNU Toolchain\arm-none-eabi\lib\thumb\v6-m\nofp\libc_nano.a(libc_a-printf.o)
 .data          0x20000004        0x0 C:\Program Files\ARM GNU Toolchain\arm-none-eabi\lib\thumb\v6-m\nofp\libc_nano.a(libc_a-putchar.o)
 .data          0x20000004        0x0 C:\Program Files\ARM GNU Toolchain\arm-none-eabi\lib\thumb\v6-m\nofp\libc_nano.a(libc_a-puts.o)
 .data          0x20000004        0x0 C:\Program Files\ARM GNU Toolchain\arm-none-eabi\lib\thumb\v6-m\nofp\libc_nano.a(libc_a-wbuf.o)
 .data          0x20000004        0x0 C:\Program Files\ARM GNU Toolchain\arm-none-eabi\lib\thumb\v6-m\nofp\libc_nano.a(libc_a-wsetup.o)
 .data          0x20000004        0x0 C:\Program Files\ARM GNU Toolchain\arm-none-eabi\lib\thumb\v6-m\nofp\libc_nano.a(libc_a-memset.o)
 .data          0x20000004        0x0 C:\Program Files\ARM GNU Toolchain\arm-none-eabi\lib\thumb\v6-m\nofp\libc_nano.a(libc_a-localeconv.o)
 .data          0x20000004        0x0 C:\Program Files\ARM GNU Toolchain\arm-none-eabi\lib\thumb\v6-m\nofp\libc_nano.a(libc_a-impure.o)
 .data._impure_ptr
                0x20000004        0x4 C:\Program Files\ARM GNU Toolchain\arm-none-eabi\lib\thumb\v6-m\nofp\libc_nano.a(libc_a-impure.o)
                0x20000004                _impure_ptr
 .data._impure_data
                0x20000008       0x4c C:\Program Files\ARM GNU Toolchain\arm-none-eabi\lib\thumb\v6-m\nofp\libc_nano.a(libc_a-impure.o)
                0x20000008                _impure_data
 .data          0x20000054        0x0 C:\Program Files\ARM GNU Toolchain\arm-none-eabi\lib\thumb\v6-m\nofp\libc_nano.a(libc_a-lock.o)
 .data          0x20000054        0x0 C:\Program Files\ARM GNU Toolchain\arm-none-eabi\lib\thumb\v6-m\nofp\libc_nano.a(libc_a-memchr-stub.o)
 .data          0x20000054        0x0 C:\Program Files\ARM GNU Toolchain\arm-none-eabi\lib\thumb\v6-m\nofp\libc_nano.a(libc_a-strlen.o)
 .data          0x20000054        0x0 C:\Program Files\ARM GNU Toolchain\arm-none-eabi\lib\thumb\v6-m\nofp\libc_nano.a(libc_a-dtoa.o)
 .data          0x20000054        0x0 C:\Program Files\ARM GNU Toolchain\arm-none-eabi\lib\thumb\v6-m\nofp\libc_nano.a(libc_a-freer.o)
 .data          0x20000054        0x0 C:\Program Files\ARM GNU Toolchain\arm-none-eabi\lib\thumb\v6-m\nofp\libc_nano.a(libc_a-malloc.o)
 .data          0x20000054        0x0 C:\Program Files\ARM GNU Toolchain\arm-none-eabi\lib\thumb\v6-m\nofp\libc_nano.a(libc_a-mallocr.o)
 .data          0x20000054        0x0 C:\Program Files\ARM GNU Toolchain\arm-none-eabi\lib\thumb\v6-m\nofp\libc_nano.a(libc_a-mlock.o)
 .data          0x20000054        0x0 C:\Program Files\ARM GNU Toolchain\arm-none-eabi\lib\thumb\v6-m\nofp\libc_nano.a(libc_a-mprec.o)
 .data          0x20000054        0x0 C:\Program Files\ARM GNU Toolchain\arm-none-eabi\lib\thumb\v6-m\nofp\libc_nano.a(libc_a-nano-vfprintf.o)
 .data          0x20000054        0x0 C:\Program Files\ARM GNU Toolchain\arm-none-eabi\lib\thumb\v6-m\nofp\libc_nano.a(libc_a-fflush.o)
 .data          0x20000054        0x0 C:\Program Files\ARM GNU Toolchain\arm-none-eabi\lib\thumb\v6-m\nofp\libc_nano.a(libc_a-findfp.o)
 .data.__sglue  0x20000054        0xc C:\Program Files\ARM GNU Toolchain\arm-none-eabi\lib\thumb\v6-m\nofp\libc_nano.a(libc_a-findfp.o)
                0x20000054                __sglue
 .data          0x20000060        0x0 C:\Program Files\ARM GNU Toolchain\arm-none-eabi\lib\thumb\v6-m\nofp\libc_nano.a(libc_a-fvwrite.o)
 .data          0x20000060        0x0 C:\Program Files\ARM GNU Toolchain\arm-none-eabi\lib\thumb\v6-m\nofp\libc_nano.a(libc_a-fwalk.o)
 .data          0x20000060        0x0 C:\Program Files\ARM GNU Toolchain\arm-none-eabi\lib\thumb\v6-m\nofp\libc_nano.a(libc_a-makebuf.o)
 .data          0x20000060        0x0 C:\Program Files\ARM GNU Toolchain\arm-none-eabi\lib\thumb\v6-m\nofp\libc_nano.a(libc_a-putc.o)
 .data          0x20000060        0x0 C:\Program Files\ARM GNU Toolchain\arm-none-eabi\lib\thumb\v6-m\nofp\libc_nano.a(libc_a-stdio.o)
 .data          0x20000060        0x0 C:\Program Files\ARM GNU Toolchain\arm-none-eabi\lib\thumb\v6-m\nofp\libc_nano.a(libc_a-memmove.o)
 .data          0x20000060        0x0 C:\Program Files\ARM GNU Toolchain\arm-none-eabi\lib\thumb\v6-m\nofp\libc_nano.a(libc_a-locale.o)
 .data.__global_locale
                0x20000060      0x16c C:\Program Files\ARM GNU Toolchain\arm-none-eabi\lib\thumb\v6-m\nofp\libc_nano.a(libc_a-locale.o)
                0x20000060                __global_locale
 .data          0x200001cc        0x0 C:\Program Files\ARM GNU Toolchain\arm-none-eabi\lib\thumb\v6-m\nofp\libc_nano.a(libc_a-closer.o)
 .data          0x200001cc        0x0 C:\Program Files\ARM GNU Toolchain\arm-none-eabi\lib\thumb\v6-m\nofp\libc_nano.a(libc_a-fstatr.o)
 .data          0x200001cc        0x0 C:\Program Files\ARM GNU Toolchain\arm-none-eabi\lib\thumb\v6-m\nofp\libc_nano.a(libc_a-isattyr.o)
 .data          0x200001cc        0x0 C:\Program Files\ARM GNU Toolchain\arm-none-eabi\lib\thumb\v6-m\nofp\libc_nano.a(libc_a-lseekr.o)
 .data          0x200001cc        0x0 C:\Program Files\ARM GNU Toolchain\arm-none-eabi\lib\thumb\v6-m\nofp\libc_nano.a(libc_a-readr.o)
 .data          0x200001cc        0x0 C:\Program Files\ARM GNU Toolchain\arm-none-eabi\lib\thumb\v6-m\nofp\libc_nano.a(libc_a-sbrkr.o)
 .data          0x200001cc        0x0 C:\Program Files\ARM GNU Toolchain\arm-none-eabi\lib\thumb\v6-m\nofp\libc_nano.a(libc_a-writer.o)
 .data          0x200001cc        0x0 C:\Program Files\ARM GNU Toolchain\arm-none-eabi\lib\thumb\v6-m\nofp\libc_nano.a(libc_a-strcmp.o)
 .data          0x200001cc        0x0 C:\Program Files\ARM GNU Toolchain\arm-none-eabi\lib\thumb\v6-m\nofp\libc_nano.a(libc_a-memcpy-stub.o)
 .data          0x200001cc        0x0 C:\Program Files\ARM GNU Toolchain\arm-none-eabi\lib\thumb\v6-m\nofp\libc_nano.a(libc_a-assert.o)
 .data          0x200001cc        0x0 C:\Program Files\ARM GNU Toolchain\arm-none-eabi\lib\thumb\v6-m\nofp\libc_nano.a(libc_a-callocr.o)
 .data          0x200001cc        0x0 C:\Program Files\ARM GNU Toolchain\arm-none-eabi\lib\thumb\v6-m\nofp\libc_nano.a(libc_a-mbtowc_r.o)
 .data          0x200001cc        0x0 C:\Program Files\ARM GNU Toolchain\arm-none-eabi\lib\thumb\v6-m\nofp\libc_nano.a(libc_a-reallocr.o)
 .data          0x200001cc        0x0 C:\Program Files\ARM GNU Toolchain\arm-none-eabi\lib\thumb\v6-m\nofp\libc_nano.a(libc_a-wctomb_r.o)
 .data          0x200001cc        0x0 C:\Program Files\ARM GNU Toolchain\arm-none-eabi\lib\thumb\v6-m\nofp\libc_nano.a(libc_a-ctype_.o)
 .data          0x200001cc        0x0 C:\Program Files\ARM GNU Toolchain\arm-none-eabi\lib\thumb\v6-m\nofp\libc_nano.a(libc_a-fprintf.o)
 .data          0x200001cc        0x0 C:\Program Files\ARM GNU Toolchain\arm-none-eabi\lib\thumb\v6-m\nofp\libc_nano.a(libc_a-abort.o)
 .data          0x200001cc        0x0 C:\Program Files\ARM GNU Toolchain\arm-none-eabi\lib\thumb\v6-m\nofp\libc_nano.a(libc_a-msizer.o)
 .data          0x200001cc        0x0 C:\Program Files\ARM GNU Toolchain\arm-none-eabi\lib\thumb\v6-m\nofp\libc_nano.a(libc_a-signal.o)
 .data          0x200001cc        0x0 C:\Program Files\ARM GNU Toolchain\arm-none-eabi\lib\thumb\v6-m\nofp\libc_nano.a(libc_a-signalr.o)
 .data          0x200001cc        0x0 C:\Program Files\ARM GNU Toolchain\lib\gcc\arm-none-eabi\15.2.1\thumb\v6-m\nofp\libgcc.a(_thumb1_case_uqi.o)
 .data          0x200001cc        0x0 C:\Program Files\ARM GNU Toolchain\lib\gcc\arm-none-eabi\15.2.1\thumb\v6-m\nofp\libgcc.a(_thumb1_case_shi.o)
 .data          0x200001cc        0x0 C:\Program Files\ARM GNU Toolchain\lib\gcc\arm-none-eabi\15.2.1\thumb\v6-m\nofp\libgcc.a(_arm_cmpdf2.o)
 .data          0x200001cc        0x0 C:\Program Files\ARM GNU Toolchain\lib\gcc\arm-none-eabi\15.2.1\thumb\v6-m\nofp\libgcc.a(eqdf2.o)
 .data          0x200001cc        0x0 C:\Program Files\ARM GNU Toolchain\lib\gcc\arm-none-eabi\15.2.1\thumb\v6-m\nofp\libgcc.a(gedf2.o)
 .data          0x200001cc        0x0 C:\Program Files\ARM GNU Toolchain\lib\gcc\arm-none-eabi\15.2.1\thumb\v6-m\nofp\libgcc.a(ledf2.o)
 .data          0x200001cc        0x0 C:\Program Files\ARM GNU Toolchain\lib\gcc\arm-none-eabi\15.2.1\thumb\v6-m\nofp\libgcc.a(unorddf2.o)
 .data          0x200001cc        0x0 C:\Program Files\ARM GNU Toolchain\lib\gcc\arm-none-eabi\15.2.1\thumb\v6-m\nofp\libgcc.a(floatunsidf.o)
                0x200001cc                        . = ALIGN (0x4)
                0x200001cc                        _edata = .

.igot.plt       0x200001cc        0x0 load address 0x08006fe8
 .igot.plt      0x200001cc        0x0 main.o

.bss            0x200001cc      0x270 load address 0x08006fe8
                0x200001cc                        _bss = .
 *(.bss*)
 .bss           0x200001cc       0x70 main.o
                0x200001cc                low_pulse
                0x20000204                high_gap
 .bss           0x2000023c        0x0 startup.o
 .bss           0x2000023c       0xa4 serial.o
                0x2000023c                ComRXBuffer
                0x20000288                ComTXBuffer
                0x200002d4                ComOpen
                0x200002d8                ComError
                0x200002dc                ComBusy
 .bss           0x200002e0        0x8 newlib_stubs.o
                0x200002e0                __env
 .bss           0x200002e8        0x0 C:\Program Files\ARM GNU Toolchain\arm-none-eabi\lib\thumb\v6-m\nofp\libnosys.a(errno.o)
 .bss.errno     0x200002e8        0x4 C:\Program Files\ARM GNU Toolchain\arm-none-eabi\lib\thumb\v6-m\nofp\libnosys.a(errno.o)
                0x200002e8                errno
 .bss           0x200002ec        0x0 C:\Program Files\ARM GNU Toolchain\lib\gcc\arm-none-eabi\15.2.1\thumb\v6-m\nofp\libgcc.a(_divsi3.o)
 .bss           0x200002ec        0x0 C:\Program Files\ARM GNU Toolchain\lib\gcc\arm-none-eabi\15.2.1\thumb\v6-m\nofp\libgcc.a(_dvmd_tls.o)
 .bss           0x200002ec        0x0 C:\Program Files\ARM GNU Toolchain\lib\gcc\arm-none-eabi\15.2.1\thumb\v6-m\nofp\libgcc.a(adddf3.o)
 .bss           0x200002ec        0x0 C:\Program Files\ARM GNU Toolchain\lib\gcc\arm-none-eabi\15.2.1\thumb\v6-m\nofp\libgcc.a(divdf3.o)
 .bss           0x200002ec        0x0 C:\Program Files\ARM GNU Toolchain\lib\gcc\arm-none-eabi\15.2.1\thumb\v6-m\nofp\libgcc.a(muldf3.o)
 .bss           0x200002ec        0x0 C:\Program Files\ARM GNU Toolchain\lib\gcc\arm-none-eabi\15.2.1\thumb\v6-m\nofp\libgcc.a(subdf3.o)
 .bss           0x200002ec        0x0 C:\Program Files\ARM GNU Toolchain\lib\gcc\arm-none-eabi\15.2.1\thumb\v6-m\nofp\libgcc.a(fixdfsi.o)
 .bss           0x200002ec        0x0 C:\Program Files\ARM GNU Toolchain\lib\gcc\arm-none-eabi\15.2.1\thumb\v6-m\nofp\libgcc.a(floatsidf.o)
 .bss           0x200002ec        0x0 C:\Program Files\ARM GNU Toolchain\lib\gcc\arm-none-eabi\15.2.1\thumb\v6-m\nofp\libgcc.a(_udivsi3.o)
 .bss           0x200002ec        0x0 C:\Program Files\ARM GNU Toolchain\lib\gcc\arm-none-eabi\15.2.1\thumb\v6-m\nofp\libgcc.a(_clzsi2.o)
 .bss           0x200002ec        0x0 C:\Program Files\ARM GNU Toolchain\arm-none-eabi\lib\thumb\v6-m\nofp\libc_nano.a(libc_a-nano-vfprintf_float.o)
 .bss           0x200002ec        0x0 C:\Program Files\ARM GNU Toolchain\arm-none-eabi\lib\thumb\v6-m\nofp\libc_nano.a(libc_a-nano-vfprintf_i.o)
 .bss           0x200002ec        0x0 C:\Program Files\ARM GNU Toolchain\arm-none-eabi\lib\thumb\v6-m\nofp\libc_nano.a(libc_a-printf.o)
 .bss           0x200002ec        0x0 C:\Program Files\ARM GNU Toolchain\arm-none-eabi\lib\thumb\v6-m\nofp\libc_nano.a(libc_a-putchar.o)
 .bss           0x200002ec        0x0 C:\Program Files\ARM GNU Toolchain\arm-none-eabi\lib\thumb\v6-m\nofp\libc_nano.a(libc_a-puts.o)
 .bss           0x200002ec        0x0 C:\Program Files\ARM GNU Toolchain\arm-none-eabi\lib\thumb\v6-m\nofp\libc_nano.a(libc_a-wbuf.o)
 .bss           0x200002ec        0x0 C:\Program Files\ARM GNU Toolchain\arm-none-eabi\lib\thumb\v6-m\nofp\libc_nano.a(libc_a-wsetup.o)
 .bss           0x200002ec        0x0 C:\Program Files\ARM GNU Toolchain\arm-none-eabi\lib\thumb\v6-m\nofp\libc_nano.a(libc_a-memset.o)
 .bss           0x200002ec        0x0 C:\Program Files\ARM GNU Toolchain\arm-none-eabi\lib\thumb\v6-m\nofp\libc_nano.a(libc_a-localeconv.o)
 .bss           0x200002ec        0x0 C:\Program Files\ARM GNU Toolchain\arm-none-eabi\lib\thumb\v6-m\nofp\libc_nano.a(libc_a-impure.o)
 .bss           0x200002ec        0x0 C:\Program Files\ARM GNU Toolchain\arm-none-eabi\lib\thumb\v6-m\nofp\libc_nano.a(libc_a-lock.o)
 .bss.__lock___arc4random_mutex
                0x200002ec        0x1 C:\Program Files\ARM GNU Toolchain\arm-none-eabi\lib\thumb\v6-m\nofp\libc_nano.a(libc_a-lock.o)
                0x200002ec                __lock___arc4random_mutex
 .bss.__lock___dd_hash_mutex
                0x200002ed        0x1 C:\Program Files\ARM GNU Toolchain\arm-none-eabi\lib\thumb\v6-m\nofp\libc_nano.a(libc_a-lock.o)
                0x200002ed                __lock___dd_hash_mutex
 .bss.__lock___tz_mutex
                0x200002ee        0x1 C:\Program Files\ARM GNU Toolchain\arm-none-eabi\lib\thumb\v6-m\nofp\libc_nano.a(libc_a-lock.o)
                0x200002ee                __lock___tz_mutex
 .bss.__lock___env_recursive_mutex
                0x200002ef        0x1 C:\Program Files\ARM GNU Toolchain\arm-none-eabi\lib\thumb\v6-m\nofp\libc_nano.a(libc_a-lock.o)
                0x200002ef                __lock___env_recursive_mutex
 .bss.__lock___malloc_recursive_mutex
                0x200002f0        0x1 C:\Program Files\ARM GNU Toolchain\arm-none-eabi\lib\thumb\v6-m\nofp\libc_nano.a(libc_a-lock.o)
                0x200002f0                __lock___malloc_recursive_mutex
 .bss.__lock___at_quick_exit_mutex
                0x200002f1        0x1 C:\Program Files\ARM GNU Toolchain\arm-none-eabi\lib\thumb\v6-m\nofp\libc_nano.a(libc_a-lock.o)
                0x200002f1                __lock___at_quick_exit_mutex
 .bss.__lock___atexit_recursive_mutex
                0x200002f2        0x1 C:\Program Files\ARM GNU Toolchain\arm-none-eabi\lib\thumb\v6-m\nofp\libc_nano.a(libc_a-lock.o)
                0x200002f2                __lock___atexit_recursive_mutex
 .bss.__lock___sfp_recursive_mutex
                0x200002f3        0x1 C:\Program Files\ARM GNU Toolchain\arm-none-eabi\lib\thumb\v6-m\nofp\libc_nano.a(libc_a-lock.o)
                0x200002f3                __lock___sfp_recursive_mutex
 .bss           0x200002f4        0x0 C:\Program Files\ARM GNU Toolchain\arm-none-eabi\lib\thumb\v6-m\nofp\libc_nano.a(libc_a-memchr-stub.o)
 .bss           0x200002f4        0x0 C:\Program Files\ARM GNU Toolchain\arm-none-eabi\lib\thumb\v6-m\nofp\libc_nano.a(libc_a-strlen.o)
 .bss           0x200002f4        0x0 C:\Program Files\ARM GNU Toolchain\arm-none-eabi\lib\thumb\v6-m\nofp\libc_nano.a(libc_a-dtoa.o)
 .bss           0x200002f4        0x0 C:\Program Files\ARM GNU Toolchain\arm-none-eabi\lib\thumb\v6-m\nofp\libc_nano.a(libc_a-freer.o)
 .bss           0x200002f4        0x0 C:\Program Files\ARM GNU Toolchain\arm-none-eabi\lib\thumb\v6-m\nofp\libc_nano.a(libc_a-malloc.o)
 .bss           0x200002f4        0x0 C:\Program Files\ARM GNU Toolchain\arm-none-eabi\lib\thumb\v6-m\nofp\libc_nano.a(libc_a-mallocr.o)
 .bss.__malloc_sbrk_start
                0x200002f4        0x4 C:\Program Files\ARM GNU Toolchain\arm-none-eabi\lib\thumb\v6-m\nofp\libc_nano.a(libc_a-mallocr.o)
                0x200002f4                __malloc_sbrk_start
 .bss.__malloc_free_list
                0x200002f8        0x4 C:\Program Files\ARM GNU Toolchain\arm-none-eabi\lib\thumb\v6-m\nofp\libc_nano.a(libc_a-mallocr.o)
                0x200002f8                __malloc_free_list
 .bss           0x200002fc        0x0 C:\Program Files\ARM GNU Toolchain\arm-none-eabi\lib\thumb\v6-m\nofp\libc_nano.a(libc_a-mlock.o)
 .bss           0x200002fc        0x0 C:\Program Files\ARM GNU Toolchain\arm-none-eabi\lib\thumb\v6-m\nofp\libc_nano.a(libc_a-mprec.o)
 .bss           0x200002fc        0x0 C:\Program Files\ARM GNU Toolchain\arm-none-eabi\lib\thumb\v6-m\nofp\libc_nano.a(libc_a-nano-vfprintf.o)
 .bss           0x200002fc        0x0 C:\Program Files\ARM GNU Toolchain\arm-none-eabi\lib\thumb\v6-m\nofp\libc_nano.a(libc_a-fflush.o)
 .bss           0x200002fc        0x0 C:\Program Files\ARM GNU Toolchain\arm-none-eabi\lib\thumb\v6-m\nofp\libc_nano.a(libc_a-findfp.o)
 .bss.__sf      0x200002fc      0x138 C:\Program Files\ARM GNU Toolchain\arm-none-eabi\lib\thumb\v6-m\nofp\libc_nano.a(libc_a-findfp.o)
                0x200002fc                __sf
 .bss.__stdio_exit_handler
                0x20000434        0x4 C:\Program Files\ARM GNU Toolchain\arm-none-eabi\lib\thumb\v6-m\nofp\libc_nano.a(libc_a-findfp.o)
                0x20000434                __stdio_exit_handler
 .bss           0x20000438        0x0 C:\Program Files\ARM GNU Toolchain\arm-none-eabi\lib\thumb\v6-m\nofp\libc_nano.a(libc_a-fvwrite.o)
 .bss           0x20000438        0x0 C:\Program Files\ARM GNU Toolchain\arm-none-eabi\lib\thumb\v6-m\nofp\libc_nano.a(libc_a-fwalk.o)
 .bss           0x20000438        0x0 C:\Program Files\ARM GNU Toolchain\arm-none-eabi\lib\thumb\v6-m\nofp\libc_nano.a(libc_a-makebuf.o)
 .bss           0x20000438        0x0 C:\Program Files\ARM GNU Toolchain\arm-none-eabi\lib\thumb\v6-m\nofp\libc_nano.a(libc_a-putc.o)
 .bss           0x20000438        0x0 C:\Program Files\ARM GNU Toolchain\arm-none-eabi\lib\thumb\v6-m\nofp\libc_nano.a(libc_a-stdio.o)
 .bss           0x20000438        0x0 C:\Program Files\ARM GNU Toolchain\arm-none-eabi\lib\thumb\v6-m\nofp\libc_nano.a(libc_a-memmove.o)
 .bss           0x20000438        0x0 C:\Program Files\ARM GNU Toolchain\arm-none-eabi\lib\thumb\v6-m\nofp\libc_nano.a(libc_a-locale.o)
 .bss._PathLocale
                0x20000438        0x4 C:\Program Files\ARM GNU Toolchain\arm-none-eabi\lib\thumb\v6-m\nofp\libc_nano.a(libc_a-locale.o)
                0x20000438                _PathLocale
 .bss           0x2000043c        0x0 C:\Program Files\ARM GNU Toolchain\arm-none-eabi\lib\thumb\v6-m\nofp\libc_nano.a(libc_a-closer.o)
 .bss           0x2000043c        0x0 C:\Program Files\ARM GNU Toolchain\arm-none-eabi\lib\thumb\v6-m\nofp\libc_nano.a(libc_a-fstatr.o)
 .bss           0x2000043c        0x0 C:\Program Files\ARM GNU Toolchain\arm-none-eabi\lib\thumb\v6-m\nofp\libc_nano.a(libc_a-isattyr.o)
 .bss           0x2000043c        0x0 C:\Program Files\ARM GNU Toolchain\arm-none-eabi\lib\thumb\v6-m\nofp\libc_nano.a(libc_a-lseekr.o)
 .bss           0x2000043c        0x0 C:\Program Files\ARM GNU Toolchain\arm-none-eabi\lib\thumb\v6-m\nofp\libc_nano.a(libc_a-readr.o)
 .bss           0x2000043c        0x0 C:\Program Files\ARM GNU Toolchain\arm-none-eabi\lib\thumb\v6-m\nofp\libc_nano.a(libc_a-sbrkr.o)
 .bss           0x2000043c        0x0 C:\Program Files\ARM GNU Toolchain\arm-none-eabi\lib\thumb\v6-m\nofp\libc_nano.a(libc_a-writer.o)
 .bss           0x2000043c        0x0 C:\Program Files\ARM GNU Toolchain\arm-none-eabi\lib\thumb\v6-m\nofp\libc_nano.a(libc_a-strcmp.o)
 .bss           0x2000043c        0x0 C:\Program Files\ARM GNU Toolchain\arm-none-eabi\lib\thumb\v6-m\nofp\libc_nano.a(libc_a-memcpy-stub.o)
 .bss           0x2000043c        0x0 C:\Program Files\ARM GNU Toolchain\arm-none-eabi\lib\thumb\v6-m\nofp\libc_nano.a(libc_a-assert.o)
 .bss           0x2000043c        0x0 C:\Program Files\ARM GNU Toolchain\arm-none-eabi\lib\thumb\v6-m\nofp\libc_nano.a(libc_a-callocr.o)
 .bss           0x2000043c        0x0 C:\Program Files\ARM GNU Toolchain\arm-none-eabi\lib\thumb\v6-m\nofp\libc_nano.a(libc_a-mbtowc_r.o)
 .bss           0x2000043c        0x0 C:\Program Files\ARM GNU Toolchain\arm-none-eabi\lib\thumb\v6-m\nofp\libc_nano.a(libc_a-reallocr.o)
 .bss           0x2000043c        0x0 C:\Program Files\ARM GNU Toolchain\arm-none-eabi\lib\thumb\v6-m\nofp\libc_nano.a(libc_a-wctomb_r.o)
 .bss           0x2000043c        0x0 C:\Program Files\ARM GNU Toolchain\arm-none-eabi\lib\thumb\v6-m\nofp\libc_nano.a(libc_a-ctype_.o)
 .bss           0x2000043c        0x0 C:\Program Files\ARM GNU Toolchain\arm-none-eabi\lib\thumb\v6-m\nofp\libc_nano.a(libc_a-fprintf.o)
 .bss           0x2000043c        0x0 C:\Program Files\ARM GNU Toolchain\arm-none-eabi\lib\thumb\v6-m\nofp\libc_nano.a(libc_a-abort.o)
 .bss           0x2000043c        0x0 C:\Program Files\ARM GNU Toolchain\arm-none-eabi\lib\thumb\v6-m\nofp\libc_nano.a(libc_a-msizer.o)
 .bss           0x2000043c        0x0 C:\Program Files\ARM GNU Toolchain\arm-none-eabi\lib\thumb\v6-m\nofp\libc_nano.a(libc_a-signal.o)
 .bss           0x2000043c        0x0 C:\Program Files\ARM GNU Toolchain\arm-none-eabi\lib\thumb\v6-m\nofp\libc_nano.a(libc_a-signalr.o)
 .bss           0x2000043c        0x0 C:\Program Files\ARM GNU Toolchain\lib\gcc\arm-none-eabi\15.2.1\thumb\v6-m\nofp\libgcc.a(_thumb1_case_uqi.o)
 .bss           0x2000043c        0x0 C:\Program Files\ARM GNU Toolchain\lib\gcc\arm-none-eabi\15.2.1\thumb\v6-m\nofp\libgcc.a(_thumb1_case_shi.o)
 .bss           0x2000043c        0x0 C:\Program Files\ARM GNU Toolchain\lib\gcc\arm-none-eabi\15.2.1\thumb\v6-m\nofp\libgcc.a(_arm_cmpdf2.o)
 .bss           0x2000043c        0x0 C:\Program Files\ARM GNU Toolchain\lib\gcc\arm-none-eabi\15.2.1\thumb\v6-m\nofp\libgcc.a(eqdf2.o)
 .bss           0x2000043c        0x0 C:\Program Files\ARM GNU Toolchain\lib\gcc\arm-none-eabi\15.2.1\thumb\v6-m\nofp\libgcc.a(gedf2.o)
 .bss           0x2000043c        0x0 C:\Program Files\ARM GNU Toolchain\lib\gcc\arm-none-eabi\15.2.1\thumb\v6-m\nofp\libgcc.a(ledf2.o)
 .bss           0x2000043c        0x0 C:\Program Files\ARM GNU Toolchain\lib\gcc\arm-none-eabi\15.2.1\thumb\v6-m\nofp\libgcc.a(unorddf2.o)
 .bss           0x2000043c        0x0 C:\Program Files\ARM GNU Toolchain\lib\gcc\arm-none-eabi\15.2.1\thumb\v6-m\nofp\libgcc.a(floatunsidf.o)
 *(COMMON)
                0x2000043c                        . = ALIGN (0x4)
                0x2000043c                        _ebss = .
                [!provide]                        PROVIDE (end = .)
                0x2000043c                        PROVIDE (_HeapStart = .)
                0x20002000                        PROVIDE (_StackTop = (ORIGIN (ram) + LENGTH (ram)))
OUTPUT(main.elf elf32-littlearm)
LOAD linker stubs

.debug_info     0x00000000     0x1829
 .debug_info    0x00000000      0x5e7 main.o
 .debug_info    0x000005e7      0x396 startup.o
 .debug_info    0x0000097d      0x7a3 serial.o
 .debug_info    0x00001120      0x709 newlib_stubs.o

.debug_abbrev   0x00000000      0x758
 .debug_abbrev  0x00000000      0x1c7 main.o
 .debug_abbrev  0x000001c7      0x1c8 startup.o
 .debug_abbrev  0x0000038f      0x20e serial.o
 .debug_abbrev  0x0000059d      0x1bb newlib_stubs.o

.debug_aranges  0x00000000       0x88
 .debug_aranges
                0x00000000       0x20 main.o
 .debug_aranges
                0x00000020       0x28 startup.o
 .debug_aranges
                0x00000048       0x20 serial.o
 .debug_aranges
                0x00000068       0x20 newlib_stubs.o

.debug_line     0x00000000      0xebd
 .debug_line    0x00000000      0x4ad main.o
 .debug_line    0x000004ad      0x285 startup.o
 .debug_line    0x00000732      0x4e4 serial.o
 .debug_line    0x00000c16      0x2a7 newlib_stubs.o

.debug_str      0x00000000      0x74e
 .debug_str     0x00000000      0x74e main.o
                                0x321 (size before relaxing)
 .debug_str     0x0000074e        0x0 startup.o
                                0x2c2 (size before relaxing)
 .debug_str     0x0000074e        0x0 serial.o
                                0x381 (size before relaxing)
 .debug_str     0x0000074e        0x0 newlib_stubs.o
                                0x3b3 (size before relaxing)

.comment        0x00000000       0x45
 .comment       0x00000000       0x45 main.o
                                 0x46 (size before relaxing)
 .comment       0x00000045        0x0 startup.o
                                 0x46 (size before relaxing)
 .comment       0x00000045        0x0 serial.o
                                 0x46 (size before relaxing)
 .comment       0x00000045        0x0 newlib_stubs.o
                                 0x46 (size before relaxing)

.ARM.attributes
                0x00000000       0x2a
 .ARM.attributes
                0x00000000       0x2c main.o
 .ARM.attributes
                0x0000002c       0x2c startup.o
 .ARM.attributes
                0x00000058       0x2c serial.o
 .ARM.attributes
                0x00000084       0x2c newlib_stubs.o
 .ARM.attributes
                0x000000b0       0x2c C:\Program Files\ARM GNU Toolchain\arm-none-eabi\lib\thumb\v6-m\nofp\libnosys.a(errno.o)
 .ARM.attributes
                0x000000dc       0x1e C:\Program Files\ARM GNU Toolchain\lib\gcc\arm-none-eabi\15.2.1\thumb\v6-m\nofp\libgcc.a(_divsi3.o)
 .ARM.attributes
                0x000000fa       0x1e C:\Program Files\ARM GNU Toolchain\lib\gcc\arm-none-eabi\15.2.1\thumb\v6-m\nofp\libgcc.a(_dvmd_tls.o)
 .ARM.attributes
                0x00000118       0x2c C:\Program Files\ARM GNU Toolchain\lib\gcc\arm-none-eabi\15.2.1\thumb\v6-m\nofp\libgcc.a(adddf3.o)
 .ARM.attributes
                0x00000144       0x2c C:\Program Files\ARM GNU Toolchain\lib\gcc\arm-none-eabi\15.2.1\thumb\v6-m\nofp\libgcc.a(divdf3.o)
 .ARM.attributes
                0x00000170       0x2c C:\Program Files\ARM GNU Toolchain\lib\gcc\arm-none-eabi\15.2.1\thumb\v6-m\nofp\libgcc.a(muldf3.o)
 .ARM.attributes
                0x0000019c       0x2c C:\Program Files\ARM GNU Toolchain\lib\gcc\arm-none-eabi\15.2.1\thumb\v6-m\nofp\libgcc.a(subdf3.o)
 .ARM.attributes
                0x000001c8       0x2c C:\Program Files\ARM GNU Toolchain\lib\gcc\arm-none-eabi\15.2.1\thumb\v6-m\nofp\libgcc.a(fixdfsi.o)
 .ARM.attributes
                0x000001f4       0x2c C:\Program Files\ARM GNU Toolchain\lib\gcc\arm-none-eabi\15.2.1\thumb\v6-m\nofp\libgcc.a(floatsidf.o)
 .ARM.attributes
                0x00000220       0x1e C:\Program Files\ARM GNU Toolchain\lib\gcc\arm-none-eabi\15.2.1\thumb\v6-m\nofp\libgcc.a(_udivsi3.o)
 .ARM.attributes
                0x0000023e       0x1e C:\Program Files\ARM GNU Toolchain\lib\gcc\arm-none-eabi\15.2.1\thumb\v6-m\nofp\libgcc.a(_clzsi2.o)
 .ARM.attributes
                0x0000025c       0x2c C:\Program Files\ARM GNU Toolchain\arm-none-eabi\lib\thumb\v6-m\nofp\libc_nano.a(libc_a-nano-vfprintf_float.o)
 .ARM.attributes
                0x00000288       0x2c C:\Program Files\ARM GNU Toolchain\arm-none-eabi\lib\thumb\v6-m\nofp\libc_nano.a(libc_a-nano-vfprintf_i.o)
 .ARM.attributes
                0x000002b4       0x2c C:\Program Files\ARM GNU Toolchain\arm-none-eabi\lib\thumb\v6-m\nofp\libc_nano.a(libc_a-printf.o)
 .ARM.attributes
                0x000002e0       0x2c C:\Program Files\ARM GNU Toolchain\arm-none-eabi\lib\thumb\v6-m\nofp\libc_nano.a(libc_a-putchar.o)
 .ARM.attributes
                0x0000030c       0x2c C:\Program Files\ARM GNU Toolchain\arm-none-eabi\lib\thumb\v6-m\nofp\libc_nano.a(libc_a-puts.o)
 .ARM.attributes
                0x00000338       0x2c C:\Program Files\ARM GNU Toolchain\arm-none-eabi\lib\thumb\v6-m\nofp\libc_nano.a(libc_a-wbuf.o)
 .ARM.attributes
                0x00000364       0x2c C:\Program Files\ARM GNU Toolchain\arm-none-eabi\lib\thumb\v6-m\nofp\libc_nano.a(libc_a-wsetup.o)
 .ARM.attributes
                0x00000390       0x2c C:\Program Files\ARM GNU Toolchain\arm-none-eabi\lib\thumb\v6-m\nofp\libc_nano.a(libc_a-memset.o)
 .ARM.attributes
                0x000003bc       0x2c C:\Program Files\ARM GNU Toolchain\arm-none-eabi\lib\thumb\v6-m\nofp\libc_nano.a(libc_a-localeconv.o)
 .ARM.attributes
                0x000003e8       0x2c C:\Program Files\ARM GNU Toolchain\arm-none-eabi\lib\thumb\v6-m\nofp\libc_nano.a(libc_a-impure.o)
 .ARM.attributes
                0x00000414       0x2c C:\Program Files\ARM GNU Toolchain\arm-none-eabi\lib\thumb\v6-m\nofp\libc_nano.a(libc_a-lock.o)
 .ARM.attributes
                0x00000440       0x2c C:\Program Files\ARM GNU Toolchain\arm-none-eabi\lib\thumb\v6-m\nofp\libc_nano.a(libc_a-memchr-stub.o)
 .ARM.attributes
                0x0000046c       0x1c C:\Program Files\ARM GNU Toolchain\arm-none-eabi\lib\thumb\v6-m\nofp\libc_nano.a(libc_a-strlen.o)
 .ARM.attributes
                0x00000488       0x2c C:\Program Files\ARM GNU Toolchain\arm-none-eabi\lib\thumb\v6-m\nofp\libc_nano.a(libc_a-dtoa.o)
 .ARM.attributes
                0x000004b4       0x2c C:\Program Files\ARM GNU Toolchain\arm-none-eabi\lib\thumb\v6-m\nofp\libc_nano.a(libc_a-freer.o)
 .ARM.attributes
                0x000004e0       0x2c C:\Program Files\ARM GNU Toolchain\arm-none-eabi\lib\thumb\v6-m\nofp\libc_nano.a(libc_a-malloc.o)
 .ARM.attributes
                0x0000050c       0x2c C:\Program Files\ARM GNU Toolchain\arm-none-eabi\lib\thumb\v6-m\nofp\libc_nano.a(libc_a-mallocr.o)
 .ARM.attributes
                0x00000538       0x2c C:\Program Files\ARM GNU Toolchain\arm-none-eabi\lib\thumb\v6-m\nofp\libc_nano.a(libc_a-mlock.o)
 .ARM.attributes
                0x00000564       0x2c C:\Program Files\ARM GNU Toolchain\arm-none-eabi\lib\thumb\v6-m\nofp\libc_nano.a(libc_a-mprec.o)
 .ARM.attributes
                0x00000590       0x2c C:\Program Files\ARM GNU Toolchain\arm-none-eabi\lib\thumb\v6-m\nofp\libc_nano.a(libc_a-nano-vfprintf.o)
 .ARM.attributes
                0x000005bc       0x2c C:\Program Files\ARM GNU Toolchain\arm-none-eabi\lib\thumb\v6-m\nofp\libc_nano.a(libc_a-fflush.o)
 .ARM.attributes
                0x000005e8       0x2c C:\Program Files\ARM GNU Toolchain\arm-none-eabi\lib\thumb\v6-m\nofp\libc_nano.a(libc_a-findfp.o)
 .ARM.attributes
                0x00000614       0x2c C:\Program Files\ARM GNU Toolchain\arm-none-eabi\lib\thumb\v6-m\nofp\libc_nano.a(libc_a-fvwrite.o)
 .ARM.attributes
                0x00000640       0x2c C:\Program Files\ARM GNU Toolchain\arm-none-eabi\lib\thumb\v6-m\nofp\libc_nano.a(libc_a-fwalk.o)
 .ARM.attributes
                0x0000066c       0x2c C:\Program Files\ARM GNU Toolchain\arm-none-eabi\lib\thumb\v6-m\nofp\libc_nano.a(libc_a-makebuf.o)
 .ARM.attributes
                0x00000698       0x2c C:\Program Files\ARM GNU Toolchain\arm-none-eabi\lib\thumb\v6-m\nofp\libc_nano.a(libc_a-putc.o)
 .ARM.attributes
                0x000006c4       0x2c C:\Program Files\ARM GNU Toolchain\arm-none-eabi\lib\thumb\v6-m\nofp\libc_nano.a(libc_a-stdio.o)
 .ARM.attributes
                0x000006f0       0x2c C:\Program Files\ARM GNU Toolchain\arm-none-eabi\lib\thumb\v6-m\nofp\libc_nano.a(libc_a-memmove.o)
 .ARM.attributes
                0x0000071c       0x2c C:\Program Files\ARM GNU Toolchain\arm-none-eabi\lib\thumb\v6-m\nofp\libc_nano.a(libc_a-locale.o)
 .ARM.attributes
                0x00000748       0x2c C:\Program Files\ARM GNU Toolchain\arm-none-eabi\lib\thumb\v6-m\nofp\libc_nano.a(libc_a-closer.o)
 .ARM.attributes
                0x00000774       0x2c C:\Program Files\ARM GNU Toolchain\arm-none-eabi\lib\thumb\v6-m\nofp\libc_nano.a(libc_a-fstatr.o)
 .ARM.attributes
                0x000007a0       0x2c C:\Program Files\ARM GNU Toolchain\arm-none-eabi\lib\thumb\v6-m\nofp\libc_nano.a(libc_a-isattyr.o)
 .ARM.attributes
                0x000007cc       0x2c C:\Program Files\ARM GNU Toolchain\arm-none-eabi\lib\thumb\v6-m\nofp\libc_nano.a(libc_a-lseekr.o)
 .ARM.attributes
                0x000007f8       0x2c C:\Program Files\ARM GNU Toolchain\arm-none-eabi\lib\thumb\v6-m\nofp\libc_nano.a(libc_a-readr.o)
 .ARM.attributes
                0x00000824       0x2c C:\Program Files\ARM GNU Toolchain\arm-none-eabi\lib\thumb\v6-m\nofp\libc_nano.a(libc_a-sbrkr.o)
 .ARM.attributes
                0x00000850       0x2c C:\Program Files\ARM GNU Toolchain\arm-none-eabi\lib\thumb\v6-m\nofp\libc_nano.a(libc_a-writer.o)
 .ARM.attributes
                0x0000087c       0x1c C:\Program Files\ARM GNU Toolchain\arm-none-eabi\lib\thumb\v6-m\nofp\libc_nano.a(libc_a-strcmp.o)
 .ARM.attributes
                0x00000898       0x2c C:\Program Files\ARM GNU Toolchain\arm-none-eabi\lib\thumb\v6-m\nofp\libc_nano.a(libc_a-memcpy-stub.o)
 .ARM.attributes
                0x000008c4       0x2c C:\Program Files\ARM GNU Toolchain\arm-none-eabi\lib\thumb\v6-m\nofp\libc_nano.a(libc_a-assert.o)
 .ARM.attributes
                0x000008f0       0x2c C:\Program Files\ARM GNU Toolchain\arm-none-eabi\lib\thumb\v6-m\nofp\libc_nano.a(libc_a-callocr.o)
 .ARM.attributes
                0x0000091c       0x2c C:\Program Files\ARM GNU Toolchain\arm-none-eabi\lib\thumb\v6-m\nofp\libc_nano.a(libc_a-mbtowc_r.o)
 .ARM.attributes
                0x00000948       0x2c C:\Program Files\ARM GNU Toolchain\arm-none-eabi\lib\thumb\v6-m\nofp\libc_nano.a(libc_a-reallocr.o)
 .ARM.attributes
                0x00000974       0x2c C:\Program Files\ARM GNU Toolchain\arm-none-eabi\lib\thumb\v6-m\nofp\libc_nano.a(libc_a-wctomb_r.o)
 .ARM.attributes
                0x000009a0       0x2c C:\Program Files\ARM GNU Toolchain\arm-none-eabi\lib\thumb\v6-m\nofp\libc_nano.a(libc_a-ctype_.o)
 .ARM.attributes
                0x000009cc       0x2c C:\Program Files\ARM GNU Toolchain\arm-none-eabi\lib\thumb\v6-m\nofp\libc_nano.a(libc_a-fprintf.o)
 .ARM.attributes
                0x000009f8       0x2c C:\Program Files\ARM GNU Toolchain\arm-none-eabi\lib\thumb\v6-m\nofp\libc_nano.a(libc_a-abort.o)
 .ARM.attributes
                0x00000a24       0x2c C:\Program Files\ARM GNU Toolchain\arm-none-eabi\lib\thumb\v6-m\nofp\libc_nano.a(libc_a-msizer.o)
 .ARM.attributes
                0x00000a50       0x2c C:\Program Files\ARM GNU Toolchain\arm-none-eabi\lib\thumb\v6-m\nofp\libc_nano.a(libc_a-signal.o)
 .ARM.attributes
                0x00000a7c       0x2c C:\Program Files\ARM GNU Toolchain\arm-none-eabi\lib\thumb\v6-m\nofp\libc_nano.a(libc_a-signalr.o)
 .ARM.attributes
                0x00000aa8       0x1e C:\Program Files\ARM GNU Toolchain\lib\gcc\arm-none-eabi\15.2.1\thumb\v6-m\nofp\libgcc.a(_thumb1_case_uqi.o)
 .ARM.attributes
                0x00000ac6       0x1e C:\Program Files\ARM GNU Toolchain\lib\gcc\arm-none-eabi\15.2.1\thumb\v6-m\nofp\libgcc.a(_thumb1_case_shi.o)
 .ARM.attributes
                0x00000ae4       0x1e C:\Program Files\ARM GNU Toolchain\lib\gcc\arm-none-eabi\15.2.1\thumb\v6-m\nofp\libgcc.a(_arm_cmpdf2.o)
 .ARM.attributes
                0x00000b02       0x2c C:\Program Files\ARM GNU Toolchain\lib\gcc\arm-none-eabi\15.2.1\thumb\v6-m\nofp\libgcc.a(eqdf2.o)
 .ARM.attributes
                0x00000b2e       0x2c C:\Program Files\ARM GNU Toolchain\lib\gcc\arm-none-eabi\15.2.1\thumb\v6-m\nofp\libgcc.a(gedf2.o)
 .ARM.attributes
                0x00000b5a       0x2c C:\Program Files\ARM GNU Toolchain\lib\gcc\arm-none-eabi\15.2.1\thumb\v6-m\nofp\libgcc.a(ledf2.o)
 .ARM.attributes
                0x00000b86       0x2c C:\Program Files\ARM GNU Toolchain\lib\gcc\arm-none-eabi\15.2.1\thumb\v6-m\nofp\libgcc.a(unorddf2.o)
 .ARM.attributes
                0x00000bb2       0x2c C:\Program Files\ARM GNU Toolchain\lib\gcc\arm-none-eabi\15.2.1\thumb\v6-m\nofp\libgcc.a(floatunsidf.o)

.debug_frame    0x00000000     0x1740
 .debug_frame   0x00000000       0xa8 main.o
 .debug_frame   0x000000a8       0x94 startup.o
 .debug_frame   0x0000013c      0x1e8 serial.o
 .debug_frame   0x00000324      0x228 newlib_stubs.o
 .debug_frame   0x0000054c       0x20 C:\Program Files\ARM GNU Toolchain\lib\gcc\arm-none-eabi\15.2.1\thumb\v6-m\nofp\libgcc.a(_divsi3.o)
 .debug_frame   0x0000056c       0x38 C:\Program Files\ARM GNU Toolchain\lib\gcc\arm-none-eabi\15.2.1\thumb\v6-m\nofp\libgcc.a(adddf3.o)
 .debug_frame   0x000005a4       0x3c C:\Program Files\ARM GNU Toolchain\lib\gcc\arm-none-eabi\15.2.1\thumb\v6-m\nofp\libgcc.a(divdf3.o)
 .debug_frame   0x000005e0       0x3c C:\Program Files\ARM GNU Toolchain\lib\gcc\arm-none-eabi\15.2.1\thumb\v6-m\nofp\libgcc.a(muldf3.o)
 .debug_frame   0x0000061c       0x3c C:\Program Files\ARM GNU Toolchain\lib\gcc\arm-none-eabi\15.2.1\thumb\v6-m\nofp\libgcc.a(subdf3.o)
 .debug_frame   0x00000658       0x30 C:\Program Files\ARM GNU Toolchain\lib\gcc\arm-none-eabi\15.2.1\thumb\v6-m\nofp\libgcc.a(fixdfsi.o)
 .debug_frame   0x00000688       0x2c C:\Program Files\ARM GNU Toolchain\lib\gcc\arm-none-eabi\15.2.1\thumb\v6-m\nofp\libgcc.a(floatsidf.o)
 .debug_frame   0x000006b4       0x20 C:\Program Files\ARM GNU Toolchain\lib\gcc\arm-none-eabi\15.2.1\thumb\v6-m\nofp\libgcc.a(_udivsi3.o)
 .debug_frame   0x000006d4       0x70 C:\Program Files\ARM GNU Toolchain\arm-none-eabi\lib\thumb\v6-m\nofp\libc_nano.a(libc_a-nano-vfprintf_float.o)
 .debug_frame   0x00000744       0x54 C:\Program Files\ARM GNU Toolchain\arm-none-eabi\lib\thumb\v6-m\nofp\libc_nano.a(libc_a-nano-vfprintf_i.o)
 .debug_frame   0x00000798       0x4c C:\Program Files\ARM GNU Toolchain\arm-none-eabi\lib\thumb\v6-m\nofp\libc_nano.a(libc_a-printf.o)
 .debug_frame   0x000007e4       0x40 C:\Program Files\ARM GNU Toolchain\arm-none-eabi\lib\thumb\v6-m\nofp\libc_nano.a(libc_a-putchar.o)
 .debug_frame   0x00000824       0x44 C:\Program Files\ARM GNU Toolchain\arm-none-eabi\lib\thumb\v6-m\nofp\libc_nano.a(libc_a-puts.o)
 .debug_frame   0x00000868       0x48 C:\Program Files\ARM GNU Toolchain\arm-none-eabi\lib\thumb\v6-m\nofp\libc_nano.a(libc_a-wbuf.o)
 .debug_frame   0x000008b0       0x2c C:\Program Files\ARM GNU Toolchain\arm-none-eabi\lib\thumb\v6-m\nofp\libc_nano.a(libc_a-wsetup.o)
 .debug_frame   0x000008dc       0x20 C:\Program Files\ARM GNU Toolchain\arm-none-eabi\lib\thumb\v6-m\nofp\libc_nano.a(libc_a-memset.o)
 .debug_frame   0x000008fc       0x40 C:\Program Files\ARM GNU Toolchain\arm-none-eabi\lib\thumb\v6-m\nofp\libc_nano.a(libc_a-localeconv.o)
 .debug_frame   0x0000093c       0xb0 C:\Program Files\ARM GNU Toolchain\arm-none-eabi\lib\thumb\v6-m\nofp\libc_nano.a(libc_a-lock.o)
 .debug_frame   0x000009ec       0x20 C:\Program Files\ARM GNU Toolchain\arm-none-eabi\lib\thumb\v6-m\nofp\libc_nano.a(libc_a-memchr-stub.o)
 .debug_frame   0x00000a0c       0x54 C:\Program Files\ARM GNU Toolchain\arm-none-eabi\lib\thumb\v6-m\nofp\libc_nano.a(libc_a-dtoa.o)
 .debug_frame   0x00000a60       0x2c C:\Program Files\ARM GNU Toolchain\arm-none-eabi\lib\thumb\v6-m\nofp\libc_nano.a(libc_a-freer.o)
 .debug_frame   0x00000a8c       0x40 C:\Program Files\ARM GNU Toolchain\arm-none-eabi\lib\thumb\v6-m\nofp\libc_nano.a(libc_a-malloc.o)
 .debug_frame   0x00000acc       0x50 C:\Program Files\ARM GNU Toolchain\arm-none-eabi\lib\thumb\v6-m\nofp\libc_nano.a(libc_a-mallocr.o)
 .debug_frame   0x00000b1c       0x40 C:\Program Files\ARM GNU Toolchain\arm-none-eabi\lib\thumb\v6-m\nofp\libc_nano.a(libc_a-mlock.o)
 .debug_frame   0x00000b5c      0x23c C:\Program Files\ARM GNU Toolchain\arm-none-eabi\lib\thumb\v6-m\nofp\libc_nano.a(libc_a-mprec.o)
 .debug_frame   0x00000d98       0x9c C:\Program Files\ARM GNU Toolchain\arm-none-eabi\lib\thumb\v6-m\nofp\libc_nano.a(libc_a-nano-vfprintf.o)
 .debug_frame   0x00000e34       0x68 C:\Program Files\ARM GNU Toolchain\arm-none-eabi\lib\thumb\v6-m\nofp\libc_nano.a(libc_a-fflush.o)
 .debug_frame   0x00000e9c      0x138 C:\Program Files\ARM GNU Toolchain\arm-none-eabi\lib\thumb\v6-m\nofp\libc_nano.a(libc_a-findfp.o)
 .debug_frame   0x00000fd4       0x30 C:\Program Files\ARM GNU Toolchain\arm-none-eabi\lib\thumb\v6-m\nofp\libc_nano.a(libc_a-fvwrite.o)
 .debug_frame   0x00001004       0x34 C:\Program Files\ARM GNU Toolchain\arm-none-eabi\lib\thumb\v6-m\nofp\libc_nano.a(libc_a-fwalk.o)
 .debug_frame   0x00001038       0x54 C:\Program Files\ARM GNU Toolchain\arm-none-eabi\lib\thumb\v6-m\nofp\libc_nano.a(libc_a-makebuf.o)
 .debug_frame   0x0000108c       0x44 C:\Program Files\ARM GNU Toolchain\arm-none-eabi\lib\thumb\v6-m\nofp\libc_nano.a(libc_a-putc.o)
 .debug_frame   0x000010d0       0x90 C:\Program Files\ARM GNU Toolchain\arm-none-eabi\lib\thumb\v6-m\nofp\libc_nano.a(libc_a-stdio.o)
 .debug_frame   0x00001160       0x28 C:\Program Files\ARM GNU Toolchain\arm-none-eabi\lib\thumb\v6-m\nofp\libc_nano.a(libc_a-memmove.o)
 .debug_frame   0x00001188       0x54 C:\Program Files\ARM GNU Toolchain\arm-none-eabi\lib\thumb\v6-m\nofp\libc_nano.a(libc_a-locale.o)
 .debug_frame   0x000011dc       0x2c C:\Program Files\ARM GNU Toolchain\arm-none-eabi\lib\thumb\v6-m\nofp\libc_nano.a(libc_a-closer.o)
 .debug_frame   0x00001208       0x2c C:\Program Files\ARM GNU Toolchain\arm-none-eabi\lib\thumb\v6-m\nofp\libc_nano.a(libc_a-fstatr.o)
 .debug_frame   0x00001234       0x2c C:\Program Files\ARM GNU Toolchain\arm-none-eabi\lib\thumb\v6-m\nofp\libc_nano.a(libc_a-isattyr.o)
 .debug_frame   0x00001260       0x2c C:\Program Files\ARM GNU Toolchain\arm-none-eabi\lib\thumb\v6-m\nofp\libc_nano.a(libc_a-lseekr.o)
 .debug_frame   0x0000128c       0x2c C:\Program Files\ARM GNU Toolchain\arm-none-eabi\lib\thumb\v6-m\nofp\libc_nano.a(libc_a-readr.o)
 .debug_frame   0x000012b8       0x2c C:\Program Files\ARM GNU Toolchain\arm-none-eabi\lib\thumb\v6-m\nofp\libc_nano.a(libc_a-sbrkr.o)
 .debug_frame   0x000012e4       0x2c C:\Program Files\ARM GNU Toolchain\arm-none-eabi\lib\thumb\v6-m\nofp\libc_nano.a(libc_a-writer.o)
 .debug_frame   0x00001310       0x20 C:\Program Files\ARM GNU Toolchain\arm-none-eabi\lib\thumb\v6-m\nofp\libc_nano.a(libc_a-strcmp.o)
 .debug_frame   0x00001330       0x28 C:\Program Files\ARM GNU Toolchain\arm-none-eabi\lib\thumb\v6-m\nofp\libc_nano.a(libc_a-memcpy-stub.o)
 .debug_frame   0x00001358       0x4c C:\Program Files\ARM GNU Toolchain\arm-none-eabi\lib\thumb\v6-m\nofp\libc_nano.a(libc_a-assert.o)
 .debug_frame   0x000013a4       0x2c C:\Program Files\ARM GNU Toolchain\arm-none-eabi\lib\thumb\v6-m\nofp\libc_nano.a(libc_a-callocr.o)
 .debug_frame   0x000013d0       0x44 C:\Program Files\ARM GNU Toolchain\arm-none-eabi\lib\thumb\v6-m\nofp\libc_nano.a(libc_a-mbtowc_r.o)
 .debug_frame   0x00001414       0x34 C:\Program Files\ARM GNU Toolchain\arm-none-eabi\lib\thumb\v6-m\nofp\libc_nano.a(libc_a-reallocr.o)
 .debug_frame   0x00001448       0x38 C:\Program Files\ARM GNU Toolchain\arm-none-eabi\lib\thumb\v6-m\nofp\libc_nano.a(libc_a-wctomb_r.o)
 .debug_frame   0x00001480       0x50 C:\Program Files\ARM GNU Toolchain\arm-none-eabi\lib\thumb\v6-m\nofp\libc_nano.a(libc_a-fprintf.o)
 .debug_frame   0x000014d0       0x28 C:\Program Files\ARM GNU Toolchain\arm-none-eabi\lib\thumb\v6-m\nofp\libc_nano.a(libc_a-abort.o)
 .debug_frame   0x000014f8       0x20 C:\Program Files\ARM GNU Toolchain\arm-none-eabi\lib\thumb\v6-m\nofp\libc_nano.a(libc_a-msizer.o)
 .debug_frame   0x00001518       0xe0 C:\Program Files\ARM GNU Toolchain\arm-none-eabi\lib\thumb\v6-m\nofp\libc_nano.a(libc_a-signal.o)
 .debug_frame   0x000015f8       0x44 C:\Program Files\ARM GNU Toolchain\arm-none-eabi\lib\thumb\v6-m\nofp\libc_nano.a(libc_a-signalr.o)
 .debug_frame   0x0000163c       0x3c C:\Program Files\ARM GNU Toolchain\lib\gcc\arm-none-eabi\15.2.1\thumb\v6-m\nofp\libgcc.a(eqdf2.o)
 .debug_frame   0x00001678       0x38 C:\Program Files\ARM GNU Toolchain\lib\gcc\arm-none-eabi\15.2.1\thumb\v6-m\nofp\libgcc.a(gedf2.o)
 .debug_frame   0x000016b0       0x38 C:\Program Files\ARM GNU Toolchain\lib\gcc\arm-none-eabi\15.2.1\thumb\v6-m\nofp\libgcc.a(ledf2.o)
 .debug_frame   0x000016e8       0x30 C:\Program Files\ARM GNU Toolchain\lib\gcc\arm-none-eabi\15.2.1\thumb\v6-m\nofp\libgcc.a(unorddf2.o)
 .debug_frame   0x00001718       0x28 C:\Program Files\ARM GNU Toolchain\lib\gcc\arm-none-eabi\15.2.1\thumb\v6-m\nofp\libgcc.a(floatunsidf.o)

.debug_rnglists
                0x00000000       0x1a
 .debug_rnglists
                0x00000000       0x1a startup.o

.debug_line_str
                0x00000000      0x1d4
 .debug_line_str
                0x00000000      0x1d4 C:\Program Files\ARM GNU Toolchain\lib\gcc\arm-none-eabi\15.2.1\thumb\v6-m\nofp\libgcc.a(_divsi3.o)
                                 0xcd (size before relaxing)
 .debug_line_str
                0x000001d4        0x0 C:\Program Files\ARM GNU Toolchain\lib\gcc\arm-none-eabi\15.2.1\thumb\v6-m\nofp\libgcc.a(_dvmd_tls.o)
                                 0xcd (size before relaxing)
 .debug_line_str
                0x000001d4        0x0 C:\Program Files\ARM GNU Toolchain\lib\gcc\arm-none-eabi\15.2.1\thumb\v6-m\nofp\libgcc.a(_udivsi3.o)
                                 0xcd (size before relaxing)
 .debug_line_str
                0x000001d4        0x0 C:\Program Files\ARM GNU Toolchain\lib\gcc\arm-none-eabi\15.2.1\thumb\v6-m\nofp\libgcc.a(_clzsi2.o)
                                 0xcd (size before relaxing)
 .debug_line_str
                0x000001d4        0x0 C:\Program Files\ARM GNU Toolchain\arm-none-eabi\lib\thumb\v6-m\nofp\libc_nano.a(libc_a-strlen.o)
                                 0xeb (size before relaxing)
 .debug_line_str
                0x000001d4        0x0 C:\Program Files\ARM GNU Toolchain\arm-none-eabi\lib\thumb\v6-m\nofp\libc_nano.a(libc_a-strcmp.o)
                                 0xe8 (size before relaxing)
 .debug_line_str
                0x000001d4        0x0 C:\Program Files\ARM GNU Toolchain\lib\gcc\arm-none-eabi\15.2.1\thumb\v6-m\nofp\libgcc.a(_thumb1_case_uqi.o)
                                 0xcd (size before relaxing)
 .debug_line_str
                0x000001d4        0x0 C:\Program Files\ARM GNU Toolchain\lib\gcc\arm-none-eabi\15.2.1\thumb\v6-m\nofp\libgcc.a(_thumb1_case_shi.o)
                                 0xcd (size before relaxing)
 .debug_line_str
                0x000001d4        0x0 C:\Program Files\ARM GNU Toolchain\lib\gcc\arm-none-eabi\15.2.1\thumb\v6-m\nofp\libgcc.a(_arm_cmpdf2.o)